*****************************************************************
Pin Report - Date: Sat Jan 27 17:21:18 2018 Pinchecksum: NOT-AVAILABLE
Product: Designer
Release: Libero SoC v11.8 SP2
Version: 11.8.2.4
Design Name: SF2_MSS_sys
Family: SmartFusion2
Die: M2S025
Package: 256 VF
*****************************************************************

Port             |Pin |Fixed |Function                                   |Bank     |I/O Std   |Direction                      |I/O state in Flash*Freeze mode |Resistor Pull                      |I/O available in Flash*Freeze mode |Schmitt Trigger |Odt_Static    |Odt Imp (Ohm)  |Low Power Exit |Input Delay |Slew         |Pre-Emphasis      |Output Drive (mA) |Output Load (pF) |
-----------------|----|------|-------------------------------------------|---------|----------|-------------------------------|-------------------------------|-----------------------------------|-----------------------------------|----------------|--------------|---------------|---------------|------------|-------------|------------------|------------------|-----------------|
ADC_CLK           F4   Yes    MSIO96PB7/GB6/CCC_NW1_CLKI1                 Bank7     LVCMOS33   Output                          TRISTATE                        None                                No                                  ---              ---            ---             ---             ---          ---           ---                16                 5                 
ADC_RST           G5   Yes    MSIO95PB7                                   Bank7     LVCMOS33   Output                          TRISTATE                        None                                No                                  ---              ---            ---             ---             ---          ---           ---                16                 5                 
DEVRST_N          M11  Fixed  DEVRST_N                                    ---       
GPIO_IN[0]        H12  Yes    MSI27NB1/MMUART_1_TXD/GPIO_24_B             Bank1     LVCMOS33   Input                           TRISTATE                        None                                No                                  Off              ---            ---             Off             Off          ---           ---                ---                ---               
GPIO_IN[1]        H13  Yes    MSIO28NB1/MMUART_1_RXD/GPIO_26_B            Bank1     LVCMOS33   Input                           TRISTATE                        None                                No                                  Off              ---            ---             Off             Off          ---           ---                ---                ---               
GPIO_IN[2]        T12  Yes    MSIO138PB4                                  Bank4     LVCMOS33   Input                           TRISTATE                        None                                No                                  Off              ---            ---             Off             Off          ---           ---                ---                ---               
GPIO_IN[3]        E14  No     DDRIO37PB0/MDDR_ADDR10                      Bank0     LVCMOS25   Input                           TRISTATE                        None                                No                                  Off              ---            ---             Off             Off          ---           ---                ---                ---               
GPIO_IN[4]        D14  No     DDRIO36PB0/MDDR_ADDR12                      Bank0     LVCMOS25   Input                           TRISTATE                        None                                No                                  Off              ---            ---             Off             Off          ---           ---                ---                ---               
GPIO_IN[5]        B16  No     DDRIO41PB0/MDDR_ADDR3                       Bank0     LVCMOS25   Input                           TRISTATE                        None                                No                                  Off              ---            ---             Off             Off          ---           ---                ---                ---               
GPIO_IN[6]        E10  No     DDRIO47PB0/MDDR_CKE                         Bank0     LVCMOS25   Input                           TRISTATE                        None                                No                                  Off              ---            ---             Off             Off          ---           ---                ---                ---               
GPIO_IN[7]        A14  No     DDRIO45PB0/MDDR_CLK                         Bank0     LVCMOS25   Input                           TRISTATE                        None                                No                                  Off              ---            ---             Off             Off          ---           ---                ---                ---               
GPIO_IN[8]        C14  No     DDRIO43NB0/MDDR_ADDR0                       Bank0     LVCMOS25   Input                           TRISTATE                        None                                No                                  Off              ---            ---             Off             Off          ---           ---                ---                ---               
GPIO_IN[9]        C12  No     DDRIO44PB0/MDDR_BA0                         Bank0     LVCMOS25   Input                           TRISTATE                        None                                No                                  Off              ---            ---             Off             Off          ---           ---                ---                ---               
GPIO_IN[10]       C11  No     DDRIO48NB0/MDDR_WE_N                        Bank0     LVCMOS25   Input                           TRISTATE                        None                                No                                  Off              ---            ---             Off             Off          ---           ---                ---                ---               
GPIO_IN[11]       D13  No     DDRIO36NB0/MDDR_ADDR13                      Bank0     LVCMOS25   Input                           TRISTATE                        None                                No                                  Off              ---            ---             Off             Off          ---           ---                ---                ---               
GPIO_OUT[0]       K16  Yes    MSIO4PB2/USB_DATA2_B                        Bank2     LVCMOS33   Output                          TRISTATE                        None                                No                                  ---              ---            ---             ---             ---          ---           ---                16                 5                 
GPIO_OUT[1]       M16  Yes    MSIO1NB2/USB_DIR_B                          Bank2     LVCMOS33   Output                          TRISTATE                        None                                No                                  ---              ---            ---             ---             ---          ---           ---                16                 5                 
GPIO_OUT[2]       N16  Yes    MSIO1PB2/USB_XCLK_B                         Bank2     LVCMOS33   Output                          TRISTATE                        None                                No                                  ---              ---            ---             ---             ---          ---           ---                16                 5                 
GPIO_OUT[3]       A12  No     DDRIO46NB0/MDDR_CAS_N                       Bank0     LVCMOS25   Output                          TRISTATE                        None                                No                                  ---              ---            ---             ---             ---          SLOW          ---                4                  5                 
GPIO_OUT[4]       D16  No     DDRIO40PB0/MDDR_ADDR5                       Bank0     LVCMOS25   Output                          TRISTATE                        None                                No                                  ---              ---            ---             ---             ---          SLOW          ---                4                  5                 
GPIO_OUT[5]       F16  No     DDRIO39PB0/MDDR_ODT                         Bank0     LVCMOS25   Output                          TRISTATE                        None                                No                                  ---              ---            ---             ---             ---          SLOW          ---                4                  5                 
GPIO_OUT[6]       B13  No     DDRIO43PB0/MDDR_BA2                         Bank0     LVCMOS25   Output                          TRISTATE                        None                                No                                  ---              ---            ---             ---             ---          SLOW          ---                4                  5                 
GPIO_OUT[7]       F15  No     DDRIO39NB0/MDDR_ADDR7                       Bank0     LVCMOS25   Output                          TRISTATE                        None                                No                                  ---              ---            ---             ---             ---          SLOW          ---                4                  5                 
GPIO_OUT[8]       D9   No     DDRIO49PB0/MDDR_DQ14/CCC_NE1_CLKI3          Bank0     LVCMOS25   Output                          TRISTATE                        None                                No                                  ---              ---            ---             ---             ---          SLOW          ---                4                  5                 
GPIO_OUT[9]       A13  No     DDRIO46PB0/MDDR_RESET_N                     Bank0     LVCMOS25   Output                          TRISTATE                        None                                No                                  ---              ---            ---             ---             ---          SLOW          ---                4                  5                 
GPIO_OUT[10]      E16  No     DDRIO40NB0/MDDR_ADDR6                       Bank0     LVCMOS25   Output                          TRISTATE                        None                                No                                  ---              ---            ---             ---             ---          SLOW          ---                4                  5                 
GPIO_OUT[11]      A15  No     DDRIO45NB0/MDDR_CLK_N                       Bank0     LVCMOS25   Output                          TRISTATE                        None                                No                                  ---              ---            ---             ---             ---          SLOW          ---                4                  5                 
PWM[0]            J16  Yes    MSIO11PB2/I2C_1_SDA/GPIO_0_A/CCC_NE0_CLKI0  Bank2     LVCMOS33   Output                          TRISTATE                        None                                No                                  ---              ---            ---             ---             ---          ---           ---                16                 5                 
PWM[1]            N10  Yes    MSIO133NB4                                  Bank4     LVCMOS33   Output                          TRISTATE                        None                                No                                  ---              ---            ---             ---             ---          ---           ---                16                 5                 
PWM[2]            M9   Yes    MSIO132PB4                                  Bank4     LVCMOS33   Output                          TRISTATE                        None                                No                                  ---              ---            ---             ---             ---          ---           ---                16                 5                 
RX                R8   Yes    MSIO126PB4                                  Bank4     LVCMOS33   Input                           TRISTATE                        None                                No                                  Off              ---            ---             Off             Off          ---           ---                ---                ---               
SCL[0]            T7   Yes    MSIO122PB4                                  Bank4     LVCMOS33   Inout                           TRISTATE                        None                                No                                  Off              ---            ---             Off             Off          ---           ---                4                  5                 
SDA[0]            R6   Yes    MSIO120PB4                                  Bank4     LVCMOS33   Inout                           TRISTATE                        None                                No                                  Off              ---            ---             Off             Off          ---           ---                4                  5                 
SPI_0_CLK_F2M     E8   No     DDRIO49NB0/MDDR_DQ15                        Bank0     LVCMOS25   Input                           TRISTATE                        None                                No                                  Off              ---            ---             Off             Off          ---           ---                ---                ---               
SPI_0_CLK_M2F     C16  No     DDRIO41NB0/MDDR_ADDR4                       Bank0     LVCMOS25   Output                          TRISTATE                        None                                No                                  ---              ---            ---             ---             ---          SLOW          ---                4                  5                 
SPI_0_DI_F2M      F13  No     DDRIO37NB0/MDDR_ADDR11                      Bank0     LVCMOS25   Input                           TRISTATE                        None                                No                                  Off              ---            ---             Off             Off          ---           ---                ---                ---               
SPI_0_DO_M2F      F14  No     DDRIO38PB0/MDDR_ADDR8                       Bank0     LVCMOS25   Output                          TRISTATE                        None                                No                                  ---              ---            ---             ---             ---          SLOW          ---                4                  5                 
SPI_0_SS0_F2M     D12  No     DDRIO44NB0/MDDR_BA1                         Bank0     LVCMOS25   Input                           TRISTATE                        None                                No                                  Off              ---            ---             Off             Off          ---           ---                ---                ---               
SPI_0_SS0_M2F     C15  No     DDRIO35PB0/MDDR_ADDR14                      Bank0     LVCMOS25   Output                          TRISTATE                        None                                No                                  ---              ---            ---             ---             ---          SLOW          ---                4                  5                 
SPI_0_SS0_M2F_OE  D11  No     DDRIO47NB0/MDDR_CS_N                        Bank0     LVCMOS25   Output                          TRISTATE                        None                                No                                  ---              ---            ---             ---             ---          SLOW          ---                4                  5                 
SPI_0_SS1_M2F     E12  No     DDRIO42NB0/MDDR_ADDR2                       Bank0     LVCMOS25   Output                          TRISTATE                        None                                No                                  ---              ---            ---             ---             ---          SLOW          ---                4                  5                 
SPI_0_SS2_M2F     B12  No     DDRIO48PB0/MDDR_RAS_N                       Bank0     LVCMOS25   Output                          TRISTATE                        None                                No                                  ---              ---            ---             ---             ---          SLOW          ---                4                  5                 
SPI_0_SS3_M2F     E15  No     DDRIO38NB0/MDDR_ADDR9                       Bank0     LVCMOS25   Output                          TRISTATE                        None                                No                                  ---              ---            ---             ---             ---          SLOW          ---                4                  5                 
SPI_0_SS4_M2F     E11  No     DDRIO42PB0/MDDR_ADDR1                       Bank0     LVCMOS25   Output                          TRISTATE                        None                                No                                  ---              ---            ---             ---             ---          SLOW          ---                4                  5                 
SPISCLK0          F2   Yes    MSIO97NB7                                   Bank7     LVCMOS33   Output                          TRISTATE                        None                                No                                  ---              ---            ---             ---             ---          ---           ---                4                  5                 
SPISCLK1          R12  Yes    MSIO138NB4                                  Bank4     LVCMOS33   Output                          TRISTATE                        None                                No                                  ---              ---            ---             ---             ---          ---           ---                4                  5                 
SPISDI0           F3   Yes    MSIO96NB7                                   Bank7     LVCMOS33   Input                           TRISTATE                        None                                No                                  Off              ---            ---             Off             Off          ---           ---                ---                ---               
SPISDI1           T13  Yes    MSIO145PB4                                  Bank4     LVCMOS33   Input                           TRISTATE                        None                                No                                  Off              ---            ---             Off             Off          ---           ---                ---                ---               
SPISDO0           F5   Yes    MSIO95NB7                                   Bank7     LVCMOS33   Output                          TRISTATE                        None                                No                                  ---              ---            ---             ---             ---          ---           ---                4                  5                 
SPISDO1           R13  Yes    MSIO145NB4                                  Bank4     LVCMOS33   Output                          TRISTATE                        None                                No                                  ---              ---            ---             ---             ---          ---           ---                4                  5                 
SPISS0            G2   Yes    MSIO98NB7                                   Bank7     LVCMOS33   Output                          TRISTATE                        None                                No                                  ---              ---            ---             ---             ---          ---           ---                16                 5                 
SPISS1            R11  Yes    MSIO134NB4                                  Bank4     LVCMOS33   Output                          TRISTATE                        None                                No                                  ---              ---            ---             ---             ---          ---           ---                16                 5                 
TX                T8   Yes    MSIO122NB4                                  Bank4     LVCMOS33   Output                          TRISTATE                        None                                No                                  ---              ---            ---             ---             ---          ---           ---                16                 5                 
