17:35:14 **** Incremental Build of configuration Release for project FCBBaseDesign ****
make all 
Building file: ../src/MCP3909.c
Invoking: Cross ARM C Compiler
arm-none-eabi-gcc -mcpu=cortex-m3 -mthumb -O2 -fmessage-length=0 -fsigned-char -ffunction-sections -fdata-sections  -g3 -DNDEBUG -I../drivers/CorePWM -I../hal/CortexM3 -I../CMSIS -I../hal -I../hal/CortexM3/GNU -I../drivers_config/sys_config -I.. -std=gnu11 --specs=cmsis.specs -MMD -MP -MF"src/MCP3909.d" -MT"src/MCP3909.o" -c -o "src/MCP3909.o" "../src/MCP3909.c"
Finished building: ../src/MCP3909.c
 
Building file: ../src/demo.c
Invoking: Cross ARM C Compiler
arm-none-eabi-gcc -mcpu=cortex-m3 -mthumb -O2 -fmessage-length=0 -fsigned-char -ffunction-sections -fdata-sections  -g3 -DNDEBUG -I../drivers/CorePWM -I../hal/CortexM3 -I../CMSIS -I../hal -I../hal/CortexM3/GNU -I../drivers_config/sys_config -I.. -std=gnu11 --specs=cmsis.specs -MMD -MP -MF"src/demo.d" -MT"src/demo.o" -c -o "src/demo.o" "../src/demo.c"
Finished building: ../src/demo.c
 
Building file: ../hal/CortexM3/GNU/hal.S
Invoking: Cross ARM GNU Assembler
arm-none-eabi-gcc -mcpu=cortex-m3 -mthumb -O2 -fmessage-length=0 -fsigned-char -ffunction-sections -fdata-sections  -g3 -x assembler-with-cpp -MMD -MP -MF"hal/CortexM3/GNU/hal.d" -MT"hal/CortexM3/GNU/hal.o" -c -o "hal/CortexM3/GNU/hal.o" "../hal/CortexM3/GNU/hal.S"
Finished building: ../hal/CortexM3/GNU/hal.S
 
Building file: ../hal/CortexM3/GNU/hw_reg_access.S
Invoking: Cross ARM GNU Assembler
arm-none-eabi-gcc -mcpu=cortex-m3 -mthumb -O2 -fmessage-length=0 -fsigned-char -ffunction-sections -fdata-sections  -g3 -x assembler-with-cpp -MMD -MP -MF"hal/CortexM3/GNU/hw_reg_access.d" -MT"hal/CortexM3/GNU/hw_reg_access.o" -c -o "hal/CortexM3/GNU/hw_reg_access.o" "../hal/CortexM3/GNU/hw_reg_access.S"
Finished building: ../hal/CortexM3/GNU/hw_reg_access.S
 
Building file: ../hal/CortexM3/cortex_nvic.c
Invoking: Cross ARM C Compiler
arm-none-eabi-gcc -mcpu=cortex-m3 -mthumb -O2 -fmessage-length=0 -fsigned-char -ffunction-sections -fdata-sections  -g3 -DNDEBUG -I../drivers/CorePWM -I../hal/CortexM3 -I../CMSIS -I../hal -I../hal/CortexM3/GNU -I../drivers_config/sys_config -I.. -std=gnu11 --specs=cmsis.specs -MMD -MP -MF"hal/CortexM3/cortex_nvic.d" -MT"hal/CortexM3/cortex_nvic.o" -c -o "hal/CortexM3/cortex_nvic.o" "../hal/CortexM3/cortex_nvic.c"
Finished building: ../hal/CortexM3/cortex_nvic.c
 
Building file: ../drivers_config/sys_config/sys_config.c
Invoking: Cross ARM C Compiler
arm-none-eabi-gcc -mcpu=cortex-m3 -mthumb -O2 -fmessage-length=0 -fsigned-char -ffunction-sections -fdata-sections  -g3 -DNDEBUG -I../drivers/CorePWM -I../hal/CortexM3 -I../CMSIS -I../hal -I../hal/CortexM3/GNU -I../drivers_config/sys_config -I.. -std=gnu11 --specs=cmsis.specs -MMD -MP -MF"drivers_config/sys_config/sys_config.d" -MT"drivers_config/sys_config/sys_config.o" -c -o "drivers_config/sys_config/sys_config.o" "../drivers_config/sys_config/sys_config.c"
Finished building: ../drivers_config/sys_config/sys_config.c
 
Building file: ../drivers/mss_sys_services/mss_comblk.c
Invoking: Cross ARM C Compiler
arm-none-eabi-gcc -mcpu=cortex-m3 -mthumb -O2 -fmessage-length=0 -fsigned-char -ffunction-sections -fdata-sections  -g3 -DNDEBUG -I../drivers/CorePWM -I../hal/CortexM3 -I../CMSIS -I../hal -I../hal/CortexM3/GNU -I../drivers_config/sys_config -I.. -std=gnu11 --specs=cmsis.specs -MMD -MP -MF"drivers/mss_sys_services/mss_comblk.d" -MT"drivers/mss_sys_services/mss_comblk.o" -c -o "drivers/mss_sys_services/mss_comblk.o" "../drivers/mss_sys_services/mss_comblk.c"
Finished building: ../drivers/mss_sys_services/mss_comblk.c
 
Building file: ../drivers/mss_sys_services/mss_sys_services.c
Invoking: Cross ARM C Compiler
arm-none-eabi-gcc -mcpu=cortex-m3 -mthumb -O2 -fmessage-length=0 -fsigned-char -ffunction-sections -fdata-sections  -g3 -DNDEBUG -I../drivers/CorePWM -I../hal/CortexM3 -I../CMSIS -I../hal -I../hal/CortexM3/GNU -I../drivers_config/sys_config -I.. -std=gnu11 --specs=cmsis.specs -MMD -MP -MF"drivers/mss_sys_services/mss_sys_services.d" -MT"drivers/mss_sys_services/mss_sys_services.o" -c -o "drivers/mss_sys_services/mss_sys_services.o" "../drivers/mss_sys_services/mss_sys_services.c"
Finished building: ../drivers/mss_sys_services/mss_sys_services.c
 
Building file: ../drivers/mss_spi/mss_spi.c
Invoking: Cross ARM C Compiler
arm-none-eabi-gcc -mcpu=cortex-m3 -mthumb -O2 -fmessage-length=0 -fsigned-char -ffunction-sections -fdata-sections  -g3 -DNDEBUG -I../drivers/CorePWM -I../hal/CortexM3 -I../CMSIS -I../hal -I../hal/CortexM3/GNU -I../drivers_config/sys_config -I.. -std=gnu11 --specs=cmsis.specs -MMD -MP -MF"drivers/mss_spi/mss_spi.d" -MT"drivers/mss_spi/mss_spi.o" -c -o "drivers/mss_spi/mss_spi.o" "../drivers/mss_spi/mss_spi.c"
Finished building: ../drivers/mss_spi/mss_spi.c
 
Building file: ../drivers/mss_rtc/mss_rtc.c
Invoking: Cross ARM C Compiler
arm-none-eabi-gcc -mcpu=cortex-m3 -mthumb -O2 -fmessage-length=0 -fsigned-char -ffunction-sections -fdata-sections  -g3 -DNDEBUG -I../drivers/CorePWM -I../hal/CortexM3 -I../CMSIS -I../hal -I../hal/CortexM3/GNU -I../drivers_config/sys_config -I.. -std=gnu11 --specs=cmsis.specs -MMD -MP -MF"drivers/mss_rtc/mss_rtc.d" -MT"drivers/mss_rtc/mss_rtc.o" -c -o "drivers/mss_rtc/mss_rtc.o" "../drivers/mss_rtc/mss_rtc.c"
Finished building: ../drivers/mss_rtc/mss_rtc.c
 
Building file: ../drivers/mss_nvm/mss_nvm.c
Invoking: Cross ARM C Compiler
arm-none-eabi-gcc -mcpu=cortex-m3 -mthumb -O2 -fmessage-length=0 -fsigned-char -ffunction-sections -fdata-sections  -g3 -DNDEBUG -I../drivers/CorePWM -I../hal/CortexM3 -I../CMSIS -I../hal -I../hal/CortexM3/GNU -I../drivers_config/sys_config -I.. -std=gnu11 --specs=cmsis.specs -MMD -MP -MF"drivers/mss_nvm/mss_nvm.d" -MT"drivers/mss_nvm/mss_nvm.o" -c -o "drivers/mss_nvm/mss_nvm.o" "../drivers/mss_nvm/mss_nvm.c"
Finished building: ../drivers/mss_nvm/mss_nvm.c
 
Building file: ../drivers/mss_hpdma/mss_hpdma.c
Invoking: Cross ARM C Compiler
arm-none-eabi-gcc -mcpu=cortex-m3 -mthumb -O2 -fmessage-length=0 -fsigned-char -ffunction-sections -fdata-sections  -g3 -DNDEBUG -I../drivers/CorePWM -I../hal/CortexM3 -I../CMSIS -I../hal -I../hal/CortexM3/GNU -I../drivers_config/sys_config -I.. -std=gnu11 --specs=cmsis.specs -MMD -MP -MF"drivers/mss_hpdma/mss_hpdma.d" -MT"drivers/mss_hpdma/mss_hpdma.o" -c -o "drivers/mss_hpdma/mss_hpdma.o" "../drivers/mss_hpdma/mss_hpdma.c"
Finished building: ../drivers/mss_hpdma/mss_hpdma.c
 
Building file: ../drivers/CoreUARTapb/core_uart_apb.c
Invoking: Cross ARM C Compiler
arm-none-eabi-gcc -mcpu=cortex-m3 -mthumb -O2 -fmessage-length=0 -fsigned-char -ffunction-sections -fdata-sections  -g3 -DNDEBUG -I../drivers/CorePWM -I../hal/CortexM3 -I../CMSIS -I../hal -I../hal/CortexM3/GNU -I../drivers_config/sys_config -I.. -std=gnu11 --specs=cmsis.specs -MMD -MP -MF"drivers/CoreUARTapb/core_uart_apb.d" -MT"drivers/CoreUARTapb/core_uart_apb.o" -c -o "drivers/CoreUARTapb/core_uart_apb.o" "../drivers/CoreUARTapb/core_uart_apb.c"
Finished building: ../drivers/CoreUARTapb/core_uart_apb.c
 
Building file: ../drivers/CoreSPI/core_spi.c
Invoking: Cross ARM C Compiler
arm-none-eabi-gcc -mcpu=cortex-m3 -mthumb -O2 -fmessage-length=0 -fsigned-char -ffunction-sections -fdata-sections  -g3 -DNDEBUG -I../drivers/CorePWM -I../hal/CortexM3 -I../CMSIS -I../hal -I../hal/CortexM3/GNU -I../drivers_config/sys_config -I.. -std=gnu11 --specs=cmsis.specs -MMD -MP -MF"drivers/CoreSPI/core_spi.d" -MT"drivers/CoreSPI/core_spi.o" -c -o "drivers/CoreSPI/core_spi.o" "../drivers/CoreSPI/core_spi.c"
Finished building: ../drivers/CoreSPI/core_spi.c
 
Building file: ../drivers/CorePWM/core_pwm.c
Invoking: Cross ARM C Compiler
arm-none-eabi-gcc -mcpu=cortex-m3 -mthumb -O2 -fmessage-length=0 -fsigned-char -ffunction-sections -fdata-sections  -g3 -DNDEBUG -I../drivers/CorePWM -I../hal/CortexM3 -I../CMSIS -I../hal -I../hal/CortexM3/GNU -I../drivers_config/sys_config -I.. -std=gnu11 --specs=cmsis.specs -MMD -MP -MF"drivers/CorePWM/core_pwm.d" -MT"drivers/CorePWM/core_pwm.o" -c -o "drivers/CorePWM/core_pwm.o" "../drivers/CorePWM/core_pwm.c"
Finished building: ../drivers/CorePWM/core_pwm.c
 
Building file: ../drivers/CoreI2C/core_i2c.c
Invoking: Cross ARM C Compiler
arm-none-eabi-gcc -mcpu=cortex-m3 -mthumb -O2 -fmessage-length=0 -fsigned-char -ffunction-sections -fdata-sections  -g3 -DNDEBUG -I../drivers/CorePWM -I../hal/CortexM3 -I../CMSIS -I../hal -I../hal/CortexM3/GNU -I../drivers_config/sys_config -I.. -std=gnu11 --specs=cmsis.specs -MMD -MP -MF"drivers/CoreI2C/core_i2c.d" -MT"drivers/CoreI2C/core_i2c.o" -c -o "drivers/CoreI2C/core_i2c.o" "../drivers/CoreI2C/core_i2c.c"
Finished building: ../drivers/CoreI2C/core_i2c.c
 
Building file: ../drivers/CoreI2C/i2c_interrupt.c
Invoking: Cross ARM C Compiler
arm-none-eabi-gcc -mcpu=cortex-m3 -mthumb -O2 -fmessage-length=0 -fsigned-char -ffunction-sections -fdata-sections  -g3 -DNDEBUG -I../drivers/CorePWM -I../hal/CortexM3 -I../CMSIS -I../hal -I../hal/CortexM3/GNU -I../drivers_config/sys_config -I.. -std=gnu11 --specs=cmsis.specs -MMD -MP -MF"drivers/CoreI2C/i2c_interrupt.d" -MT"drivers/CoreI2C/i2c_interrupt.o" -c -o "drivers/CoreI2C/i2c_interrupt.o" "../drivers/CoreI2C/i2c_interrupt.c"
Finished building: ../drivers/CoreI2C/i2c_interrupt.c
 
Building file: ../drivers/CoreGPIO/core_gpio.c
Invoking: Cross ARM C Compiler
arm-none-eabi-gcc -mcpu=cortex-m3 -mthumb -O2 -fmessage-length=0 -fsigned-char -ffunction-sections -fdata-sections  -g3 -DNDEBUG -I../drivers/CorePWM -I../hal/CortexM3 -I../CMSIS -I../hal -I../hal/CortexM3/GNU -I../drivers_config/sys_config -I.. -std=gnu11 --specs=cmsis.specs -MMD -MP -MF"drivers/CoreGPIO/core_gpio.d" -MT"drivers/CoreGPIO/core_gpio.o" -c -o "drivers/CoreGPIO/core_gpio.o" "../drivers/CoreGPIO/core_gpio.c"
Finished building: ../drivers/CoreGPIO/core_gpio.c
 
Building file: ../CMSIS/startup_gcc/newlib_stubs.c
Invoking: Cross ARM C Compiler
arm-none-eabi-gcc -mcpu=cortex-m3 -mthumb -O2 -fmessage-length=0 -fsigned-char -ffunction-sections -fdata-sections  -g3 -DNDEBUG -I../drivers/CorePWM -I../hal/CortexM3 -I../CMSIS -I../hal -I../hal/CortexM3/GNU -I../drivers_config/sys_config -I.. -std=gnu11 --specs=cmsis.specs -MMD -MP -MF"CMSIS/startup_gcc/newlib_stubs.d" -MT"CMSIS/startup_gcc/newlib_stubs.o" -c -o "CMSIS/startup_gcc/newlib_stubs.o" "../CMSIS/startup_gcc/newlib_stubs.c"
Finished building: ../CMSIS/startup_gcc/newlib_stubs.c
 
Building file: ../CMSIS/startup_gcc/startup_m2sxxx.S
Invoking: Cross ARM GNU Assembler
arm-none-eabi-gcc -mcpu=cortex-m3 -mthumb -O2 -fmessage-length=0 -fsigned-char -ffunction-sections -fdata-sections  -g3 -x assembler-with-cpp -MMD -MP -MF"CMSIS/startup_gcc/startup_m2sxxx.d" -MT"CMSIS/startup_gcc/startup_m2sxxx.o" -c -o "CMSIS/startup_gcc/startup_m2sxxx.o" "../CMSIS/startup_gcc/startup_m2sxxx.S"
Finished building: ../CMSIS/startup_gcc/startup_m2sxxx.S
 
Building file: ../CMSIS/system_m2sxxx.c
Invoking: Cross ARM C Compiler
arm-none-eabi-gcc -mcpu=cortex-m3 -mthumb -O2 -fmessage-length=0 -fsigned-char -ffunction-sections -fdata-sections  -g3 -DNDEBUG -I../drivers/CorePWM -I../hal/CortexM3 -I../CMSIS -I../hal -I../hal/CortexM3/GNU -I../drivers_config/sys_config -I.. -std=gnu11 --specs=cmsis.specs -MMD -MP -MF"CMSIS/system_m2sxxx.d" -MT"CMSIS/system_m2sxxx.o" -c -o "CMSIS/system_m2sxxx.o" "../CMSIS/system_m2sxxx.c"
Finished building: ../CMSIS/system_m2sxxx.c
 
Building file: ../main.c
Invoking: Cross ARM C Compiler
arm-none-eabi-gcc -mcpu=cortex-m3 -mthumb -O2 -fmessage-length=0 -fsigned-char -ffunction-sections -fdata-sections  -g3 -DNDEBUG -I../drivers/CorePWM -I../hal/CortexM3 -I../CMSIS -I../hal -I../hal/CortexM3/GNU -I../drivers_config/sys_config -I.. -std=gnu11 --specs=cmsis.specs -MMD -MP -MF"main.d" -MT"main.o" -c -o "main.o" "../main.c"
Finished building: ../main.c
 
Building target: FCBBaseDesign.elf
Invoking: Cross ARM C Linker
arm-none-eabi-gcc -mcpu=cortex-m3 -mthumb -O2 -fmessage-length=0 -fsigned-char -ffunction-sections -fdata-sections  -g3 -T ../CMSIS/startup_gcc/production-smartfusion2-execute-in-place.ld -Xlinker --gc-sections -Wl,-Map,"FCBBaseDesign.map" -o "FCBBaseDesign.elf"  ./src/MCP3909.o ./src/demo.o  ./hal/CortexM3/GNU/hal.o ./hal/CortexM3/GNU/hw_reg_access.o  ./hal/CortexM3/cortex_nvic.o  ./drivers_config/sys_config/sys_config.o  ./drivers/mss_sys_services/mss_comblk.o ./drivers/mss_sys_services/mss_sys_services.o  ./drivers/mss_spi/mss_spi.o  ./drivers/mss_rtc/mss_rtc.o  ./drivers/mss_nvm/mss_nvm.o  ./drivers/mss_hpdma/mss_hpdma.o  ./drivers/CoreUARTapb/core_uart_apb.o  ./drivers/CoreSPI/core_spi.o  ./drivers/CorePWM/core_pwm.o  ./drivers/CoreI2C/core_i2c.o ./drivers/CoreI2C/i2c_interrupt.o  ./drivers/CoreGPIO/core_gpio.o  ./CMSIS/startup_gcc/newlib_stubs.o ./CMSIS/startup_gcc/startup_m2sxxx.o  ./CMSIS/system_m2sxxx.o  ./main.o   
Finished building target: FCBBaseDesign.elf
 
Invoking: Cross ARM GNU Create Flash Image
arm-none-eabi-objcopy -O ihex "FCBBaseDesign.elf"  "FCBBaseDesign.hex"
Finished building: FCBBaseDesign.hex
 
Invoking: Cross ARM GNU Print Size
arm-none-eabi-size --format=berkeley "FCBBaseDesign.elf"
   text	   data	    bss	    dec	    hex	filename
   7312	   1120	  64416	  72848	  11c90	FCBBaseDesign.elf
Finished building: FCBBaseDesign.siz
 

17:35:53 Build Finished (took 38s.269ms)

