19:19:05 **** Incremental Build of configuration Debug for project servoarm ****
make all 
Building file: ../main.c
Invoking: Cross ARM C Compiler
arm-none-eabi-gcc -mcpu=cortex-m3 -mthumb -O0 -fmessage-length=0 -fsigned-char -ffunction-sections -fdata-sections  -g3 -I../drivers_config/sys_config -I../drivers/CorePWM -I../CMSIS -I../hal/CortexM3/GNU -I../hal/CortexM3 -I.. -I../hal -std=gnu11 --specs=cmsis.specs -MMD -MP -MF"main.d" -MT"main.o" -c -o "main.o" "../main.c"
Finished building: ../main.c
 
Building target: servoarm.elf
Invoking: Cross ARM C Linker
arm-none-eabi-gcc -mcpu=cortex-m3 -mthumb -O0 -fmessage-length=0 -fsigned-char -ffunction-sections -fdata-sections  -g3 -T ../CMSIS/startup_gcc/debug-in-microsemi-smartfusion2-esram.ld -Xlinker --gc-sections -Wl,-Map,"servoarm.map" --specs=nano.specs --specs=rdimon.specs -o "servoarm.elf"  ./hal/CortexM3/GNU/hal.o ./hal/CortexM3/GNU/hw_reg_access.o  ./hal/CortexM3/cortex_nvic.o  ./drivers_config/sys_config/sys_config.o  ./drivers/mss_sys_services/mss_comblk.o ./drivers/mss_sys_services/mss_sys_services.o  ./drivers/mss_spi/mss_spi.o  ./drivers/mss_rtc/mss_rtc.o  ./drivers/mss_nvm/mss_nvm.o  ./drivers/mss_hpdma/mss_hpdma.o  ./drivers/CoreUARTapb/core_uart_apb.o  ./drivers/CorePWM/core_pwm.o  ./drivers/CoreGPIO/core_gpio.o  ./CMSIS/startup_gcc/startup_m2sxxx.o  ./CMSIS/system_m2sxxx.o  ./main.o   
Finished building target: servoarm.elf
 
Invoking: Cross ARM GNU Create Flash Image
arm-none-eabi-objcopy -O ihex "servoarm.elf"  "servoarm.hex"
Finished building: servoarm.hex
 
Invoking: Cross ARM GNU Print Size
arm-none-eabi-size --format=berkeley "servoarm.elf"
   text	   data	    bss	    dec	    hex	filename
  11392	    112	  54032	  65536	  10000	servoarm.elf
Finished building: servoarm.siz
 

19:19:06 Build Finished (took 1s.360ms)

