*****************************************************************
Pin Report - Date: Mon Dec 04 12:39:21 2017 Pinchecksum: NOT-AVAILABLE
Product: Designer
Release: v11.8
Version: 11.8.0.26
Design Name: SF2_MSS_sys
Family: SmartFusion2
Die: M2S025
Package: 256 VF
*****************************************************************

Port             |Pin |Fixed |Function                                   |Bank     |I/O Std   |Direction                      |I/O state in Flash*Freeze mode |Resistor Pull                      |I/O available in Flash*Freeze mode |Schmitt Trigger |Odt_Static    |Odt Imp (Ohm)  |Low Power Exit |Input Delay |Slew         |Pre-Emphasis      |Output Drive (mA) |Output Load (pF) |
-----------------|----|------|-------------------------------------------|---------|----------|-------------------------------|-------------------------------|-----------------------------------|-----------------------------------|----------------|--------------|---------------|---------------|------------|-------------|------------------|------------------|-----------------|
DEVRST_N          M11  Fixed  DEVRST_N                                    ---       
GPIO_IN[0]        H12  Yes    MSI27NB1/MMUART_1_TXD/GPIO_24_B             Bank1     LVCMOS33   Input                           TRISTATE                        None                                No                                  Off              ---            ---             Off             Off          ---           ---                ---                ---               
GPIO_IN[1]        H13  Yes    MSIO28NB1/MMUART_1_RXD/GPIO_26_B            Bank1     LVCMOS33   Input                           TRISTATE                        None                                No                                  Off              ---            ---             Off             Off          ---           ---                ---                ---               
GPIO_IN[2]        T12  Yes    MSIO138PB4                                  Bank4     LVCMOS33   Input                           TRISTATE                        None                                No                                  Off              ---            ---             Off             Off          ---           ---                ---                ---               
GPIO_OUT[0]       K16  Yes    MSIO4PB2/USB_DATA2_B                        Bank2     LVCMOS33   Output                          TRISTATE                        None                                No                                  ---              ---            ---             ---             ---          ---           ---                16                 5                 
GPIO_OUT[1]       M16  Yes    MSIO1NB2/USB_DIR_B                          Bank2     LVCMOS33   Output                          TRISTATE                        None                                No                                  ---              ---            ---             ---             ---          ---           ---                16                 5                 
GPIO_OUT[2]       N16  Yes    MSIO1PB2/USB_XCLK_B                         Bank2     LVCMOS33   Output                          TRISTATE                        None                                No                                  ---              ---            ---             ---             ---          ---           ---                16                 5                 
PWM[0]            J16  Yes    MSIO11PB2/I2C_1_SDA/GPIO_0_A/CCC_NE0_CLKI0  Bank2     LVCMOS33   Output                          TRISTATE                        None                                No                                  ---              ---            ---             ---             ---          ---           ---                16                 5                 
PWM[1]            N10  Yes    MSIO133NB4                                  Bank4     LVCMOS33   Output                          TRISTATE                        None                                No                                  ---              ---            ---             ---             ---          ---           ---                16                 5                 
PWM[2]            M9   Yes    MSIO132PB4                                  Bank4     LVCMOS33   Output                          TRISTATE                        None                                No                                  ---              ---            ---             ---             ---          ---           ---                16                 5                 
PWM[3]            M10  Yes    MSIO132NB4                                  Bank4     LVCMOS33   Output                          TRISTATE                        None                                No                                  ---              ---            ---             ---             ---          ---           ---                16                 5                 
PWM[4]            P8   Yes    MSIO126NB4                                  Bank4     LVCMOS33   Output                          TRISTATE                        None                                No                                  ---              ---            ---             ---             ---          ---           ---                16                 5                 
PWM[5]            M8   Yes    MSIO129NB4                                  Bank4     LVCMOS33   Output                          TRISTATE                        None                                No                                  ---              ---            ---             ---             ---          ---           ---                16                 5                 
PWM[6]            P12  Yes    MSIO143PB4                                  Bank4     LVCMOS33   Output                          TRISTATE                        None                                No                                  ---              ---            ---             ---             ---          ---           ---                16                 5                 
PWM[7]            P13  Yes    MSIO143NB4                                  Bank4     LVCMOS33   Output                          TRISTATE                        None                                No                                  ---              ---            ---             ---             ---          ---           ---                16                 5                 
RX                R8   Yes    MSIO126PB4                                  Bank4     LVCMOS33   Input                           TRISTATE                        None                                No                                  Off              ---            ---             Off             Off          ---           ---                ---                ---               
SPI_0_CLK_F2M     E15  No     DDRIO38NB0/MDDR_ADDR9                       Bank0     LVCMOS25   Input                           TRISTATE                        None                                No                                  Off              ---            ---             Off             Off          ---           ---                ---                ---               
SPI_0_CLK_M2F     E16  No     DDRIO40NB0/MDDR_ADDR6                       Bank0     LVCMOS25   Output                          TRISTATE                        None                                No                                  ---              ---            ---             ---             ---          SLOW          ---                4                  5                 
SPI_0_DI_F2M      F14  No     DDRIO38PB0/MDDR_ADDR8                       Bank0     LVCMOS25   Input                           TRISTATE                        None                                No                                  Off              ---            ---             Off             Off          ---           ---                ---                ---               
SPI_0_DO_M2F      F16  No     DDRIO39PB0/MDDR_ODT                         Bank0     LVCMOS25   Output                          TRISTATE                        None                                No                                  ---              ---            ---             ---             ---          SLOW          ---                4                  5                 
SPI_0_SS0_F2M     F15  No     DDRIO39NB0/MDDR_ADDR7                       Bank0     LVCMOS25   Input                           TRISTATE                        None                                No                                  Off              ---            ---             Off             Off          ---           ---                ---                ---               
SPI_0_SS0_M2F     B16  No     DDRIO41PB0/MDDR_ADDR3                       Bank0     LVCMOS25   Output                          TRISTATE                        None                                No                                  ---              ---            ---             ---             ---          SLOW          ---                4                  5                 
SPI_0_SS0_M2F_OE  F13  No     DDRIO37NB0/MDDR_ADDR11                      Bank0     LVCMOS25   Output                          TRISTATE                        None                                No                                  ---              ---            ---             ---             ---          SLOW          ---                4                  5                 
SPI_0_SS1_M2F     D14  No     DDRIO36PB0/MDDR_ADDR12                      Bank0     LVCMOS25   Output                          TRISTATE                        None                                No                                  ---              ---            ---             ---             ---          SLOW          ---                4                  5                 
SPI_0_SS2_M2F     D13  No     DDRIO36NB0/MDDR_ADDR13                      Bank0     LVCMOS25   Output                          TRISTATE                        None                                No                                  ---              ---            ---             ---             ---          SLOW          ---                4                  5                 
SPI_0_SS3_M2F     E14  No     DDRIO37PB0/MDDR_ADDR10                      Bank0     LVCMOS25   Output                          TRISTATE                        None                                No                                  ---              ---            ---             ---             ---          SLOW          ---                4                  5                 
SPI_0_SS4_M2F     C15  No     DDRIO35PB0/MDDR_ADDR14                      Bank0     LVCMOS25   Output                          TRISTATE                        None                                No                                  ---              ---            ---             ---             ---          SLOW          ---                4                  5                 
TX                T8   Yes    MSIO122NB4                                  Bank4     LVCMOS33   Output                          TRISTATE                        None                                No                                  ---              ---            ---             ---             ---          ---           ---                16                 5                 
