Archive member included because of file (symbol)

c:/microsemi/softconsole_v4.0/arm-none-eabi-gcc/bin/../lib/gcc/arm-none-eabi/4.9.3/armv7-m\libgcc.a(_arm_addsubdf3.o)
                              ./main.o (__aeabi_dadd)
c:/microsemi/softconsole_v4.0/arm-none-eabi-gcc/bin/../lib/gcc/arm-none-eabi/4.9.3/armv7-m\libgcc.a(_arm_muldivdf3.o)
                              ./main.o (__aeabi_dmul)
c:/microsemi/softconsole_v4.0/arm-none-eabi-gcc/bin/../lib/gcc/arm-none-eabi/4.9.3/armv7-m\libgcc.a(_arm_truncdfsf2.o)
                              ./main.o (__aeabi_d2f)
c:/microsemi/softconsole_v4.0/arm-none-eabi-gcc/bin/../lib/gcc/arm-none-eabi/4.9.3/armv7-m\libgcc.a(_arm_addsubsf3.o)
                              ./main.o (__aeabi_fsub)
c:/microsemi/softconsole_v4.0/arm-none-eabi-gcc/bin/../lib/gcc/arm-none-eabi/4.9.3/armv7-m\libgcc.a(_arm_cmpsf2.o)
                              ./main.o (__aeabi_fcmple)
c:/microsemi/softconsole_v4.0/arm-none-eabi-gcc/bin/../lib/gcc/arm-none-eabi/4.9.3/armv7-m\libgcc.a(_arm_fixsfsi.o)
                              ./main.o (__aeabi_f2iz)
c:/microsemi/softconsole_v4.0/arm-none-eabi-gcc/bin/../lib/gcc/arm-none-eabi/4.9.3/../../../../arm-none-eabi/lib/armv7-m\libg.a(lib_a-errno.o)
                              ./CMSIS/startup_gcc/newlib_stubs.o (__errno)
c:/microsemi/softconsole_v4.0/arm-none-eabi-gcc/bin/../lib/gcc/arm-none-eabi/4.9.3/../../../../arm-none-eabi/lib/armv7-m\libg.a(lib_a-exit.o)
                              c:/microsemi/softconsole_v4.0/arm-none-eabi-gcc/bin/../lib/gcc/arm-none-eabi/4.9.3/../../../../arm-none-eabi/lib/armv7-m/crt0.o (exit)
c:/microsemi/softconsole_v4.0/arm-none-eabi-gcc/bin/../lib/gcc/arm-none-eabi/4.9.3/../../../../arm-none-eabi/lib/armv7-m\libg.a(lib_a-impure.o)
                              c:/microsemi/softconsole_v4.0/arm-none-eabi-gcc/bin/../lib/gcc/arm-none-eabi/4.9.3/../../../../arm-none-eabi/lib/armv7-m\libg.a(lib_a-exit.o) (_global_impure_ptr)
c:/microsemi/softconsole_v4.0/arm-none-eabi-gcc/bin/../lib/gcc/arm-none-eabi/4.9.3/../../../../arm-none-eabi/lib/armv7-m\libg.a(lib_a-init.o)
                              c:/microsemi/softconsole_v4.0/arm-none-eabi-gcc/bin/../lib/gcc/arm-none-eabi/4.9.3/../../../../arm-none-eabi/lib/armv7-m/crt0.o (__libc_init_array)
c:/microsemi/softconsole_v4.0/arm-none-eabi-gcc/bin/../lib/gcc/arm-none-eabi/4.9.3/../../../../arm-none-eabi/lib/armv7-m\libg.a(lib_a-memcpy.o)
                              ./drivers/mss_sys_services/mss_sys_services.o (memcpy)
c:/microsemi/softconsole_v4.0/arm-none-eabi-gcc/bin/../lib/gcc/arm-none-eabi/4.9.3/../../../../arm-none-eabi/lib/armv7-m\libg.a(lib_a-memset.o)
                              c:/microsemi/softconsole_v4.0/arm-none-eabi-gcc/bin/../lib/gcc/arm-none-eabi/4.9.3/../../../../arm-none-eabi/lib/armv7-m/crt0.o (memset)
c:/microsemi/softconsole_v4.0/arm-none-eabi-gcc/bin/../lib/gcc/arm-none-eabi/4.9.3/../../../../arm-none-eabi/lib/armv7-m\libg.a(lib_a-__call_atexit.o)
                              c:/microsemi/softconsole_v4.0/arm-none-eabi-gcc/bin/../lib/gcc/arm-none-eabi/4.9.3/../../../../arm-none-eabi/lib/armv7-m\libg.a(lib_a-exit.o) (__call_exitprocs)
c:/microsemi/softconsole_v4.0/arm-none-eabi-gcc/bin/../lib/gcc/arm-none-eabi/4.9.3/../../../../arm-none-eabi/lib/armv7-m\libg.a(lib_a-atexit.o)
                              c:/microsemi/softconsole_v4.0/arm-none-eabi-gcc/bin/../lib/gcc/arm-none-eabi/4.9.3/../../../../arm-none-eabi/lib/armv7-m\libg.a(lib_a-__call_atexit.o) (atexit)
c:/microsemi/softconsole_v4.0/arm-none-eabi-gcc/bin/../lib/gcc/arm-none-eabi/4.9.3/../../../../arm-none-eabi/lib/armv7-m\libg.a(lib_a-fini.o)
                              c:/microsemi/softconsole_v4.0/arm-none-eabi-gcc/bin/../lib/gcc/arm-none-eabi/4.9.3/../../../../arm-none-eabi/lib/armv7-m\libg.a(lib_a-__call_atexit.o) (__libc_fini_array)
c:/microsemi/softconsole_v4.0/arm-none-eabi-gcc/bin/../lib/gcc/arm-none-eabi/4.9.3/../../../../arm-none-eabi/lib/armv7-m\libg.a(lib_a-__atexit.o)
                              c:/microsemi/softconsole_v4.0/arm-none-eabi-gcc/bin/../lib/gcc/arm-none-eabi/4.9.3/../../../../arm-none-eabi/lib/armv7-m\libg.a(lib_a-atexit.o) (__register_exitproc)

Allocating common symbols
Common symbol       size              file

g_gpio              0x8               ./main.o
g_mss_spi1          0x84              ./drivers/mss_spi/mss_spi.o
g_uart              0x8               ./main.o
the_pwm             0x4               ./main.o
g_mss_spi0          0x84              ./drivers/mss_spi/mss_spi.o

Discarded input sections

 .text          0x00000000        0x0 c:/microsemi/softconsole_v4.0/arm-none-eabi-gcc/bin/../lib/gcc/arm-none-eabi/4.9.3/armv7-m/crti.o
 .data          0x00000000        0x0 c:/microsemi/softconsole_v4.0/arm-none-eabi-gcc/bin/../lib/gcc/arm-none-eabi/4.9.3/armv7-m/crti.o
 .bss           0x00000000        0x0 c:/microsemi/softconsole_v4.0/arm-none-eabi-gcc/bin/../lib/gcc/arm-none-eabi/4.9.3/armv7-m/crti.o
[...]
Memory Configuration

Name             Origin             Length             Attributes
rom              0x00000000         0x00040000         xr
ram              0x20000000         0x00010000         xrw
*default*        0x00000000         0xffffffff

Linker script and memory map

LOAD c:/microsemi/softconsole_v4.0/arm-none-eabi-gcc/bin/../lib/gcc/arm-none-eabi/4.9.3/armv7-m/crti.o
LOAD c:/microsemi/softconsole_v4.0/arm-none-eabi-gcc/bin/../lib/gcc/arm-none-eabi/4.9.3/armv7-m/crtbegin.o
LOAD c:/microsemi/softconsole_v4.0/arm-none-eabi-gcc/bin/../lib/gcc/arm-none-eabi/4.9.3/../../../../arm-none-eabi/lib/armv7-m/crt0.o
LOAD ./hal/CortexM3/GNU/hal.o
LOAD ./hal/CortexM3/GNU/hw_reg_access.o
LOAD ./hal/CortexM3/cortex_nvic.o
LOAD ./drivers_config/sys_config/sys_config.o
LOAD ./drivers/mss_sys_services/mss_comblk.o
LOAD ./drivers/mss_sys_services/mss_sys_services.o
LOAD ./drivers/mss_spi/mss_spi.o
LOAD ./drivers/mss_rtc/mss_rtc.o
LOAD ./drivers/mss_nvm/mss_nvm.o
LOAD ./drivers/mss_hpdma/mss_hpdma.o
LOAD ./drivers/CoreUARTapb/core_uart_apb.o
LOAD ./drivers/CorePWM/core_pwm.o
LOAD ./drivers/CoreGPIO/core_gpio.o
LOAD ./CMSIS/startup_gcc/newlib_stubs.o
LOAD ./CMSIS/startup_gcc/startup_m2sxxx.o
LOAD ./CMSIS/system_m2sxxx.o
LOAD ./main.o
START GROUP
LOAD c:/microsemi/softconsole_v4.0/arm-none-eabi-gcc/bin/../lib/gcc/arm-none-eabi/4.9.3/armv7-m\libgcc.a
LOAD c:/microsemi/softconsole_v4.0/arm-none-eabi-gcc/bin/../lib/gcc/arm-none-eabi/4.9.3/../../../../arm-none-eabi/lib/armv7-m\libg.a
LOAD c:/microsemi/softconsole_v4.0/arm-none-eabi-gcc/bin/../lib/gcc/arm-none-eabi/4.9.3/../../../../arm-none-eabi/lib/armv7-m\libc.a
END GROUP
LOAD c:/microsemi/softconsole_v4.0/arm-none-eabi-gcc/bin/../lib/gcc/arm-none-eabi/4.9.3/armv7-m/crtend.o
LOAD c:/microsemi/softconsole_v4.0/arm-none-eabi-gcc/bin/../lib/gcc/arm-none-eabi/4.9.3/armv7-m/crtn.o
START GROUP
LOAD c:/microsemi/softconsole_v4.0/arm-none-eabi-gcc/bin/../lib/gcc/arm-none-eabi/4.9.3/../../../../arm-none-eabi/lib/armv7-m\libc.a
LOAD c:/microsemi/softconsole_v4.0/arm-none-eabi-gcc/bin/../lib/gcc/arm-none-eabi/4.9.3/armv7-m\libgcc.a
LOAD c:/microsemi/softconsole_v4.0/arm-none-eabi-gcc/bin/../lib/gcc/arm-none-eabi/4.9.3/../../../../arm-none-eabi/lib/armv7-m\libm.a
END GROUP
                0x00000000                __DYNAMIC = 0x0
                0x20000000                RAM_START_ADDRESS = 0x20000000
                0x00010000                RAM_SIZE = 0x10000
                0x00001000                MAIN_STACK_SIZE = 0x1000
                0x00001000                MIN_SIZE_HEAP = 0x1000
                0x20010000                PROVIDE (__main_stack_start, (RAM_START_ADDRESS + RAM_SIZE))
                0x2000f000                PROVIDE (__process_stack_start, (__main_stack_start - MAIN_STACK_SIZE))
                0x20010000                PROVIDE (_estack, __main_stack_start)
                0x00000000                PROVIDE (__mirrored_nvm, 0x0)
                0x00000000                PROVIDE (__smartfusion2_memory_remap, 0x0)

.vector_table   0x00000000      0x190
                0x00000000                __vector_table_load = LOADADDR (.vector_table)
                0x00000000                __vector_table_start = .
                0x00000000                __vector_table_vma_base_address = .
 *(.isr_vector)
 .isr_vector    0x00000000      0x190 ./CMSIS/startup_gcc/startup_m2sxxx.o
                0x00000000                g_pfnVectors
                0x00000190                . = ALIGN (0x10)
                0x00000190                _evector_table = .

.boot_code      0x00000190      0x330
 *(.boot_code)
 .boot_code     0x00000190      0x324 ./CMSIS/startup_gcc/startup_m2sxxx.o
                0x00000190                Reset_Handler
                0x0000037e                NMI_Handler
                0x00000380                HardFault_Handler
                0x00000382                MemManage_Handler
                0x00000384                BusFault_Handler
                0x00000386                UsageFault_Handler
                0x00000388                SVC_Handler
                0x0000038a                DebugMon_Handler
                0x0000038c                PendSV_Handler
                0x0000038e                SysTick_Handler
                0x00000390                WdogWakeup_IRQHandler
                0x00000392                RTC_Wakeup_IRQHandler
                0x00000398                I2C0_IRQHandler
                0x0000039a                I2C0_SMBAlert_IRQHandler
                0x0000039c                I2C0_SMBus_IRQHandler
                0x0000039e                I2C1_IRQHandler
                0x000003a0                I2C1_SMBAlert_IRQHandler
                0x000003a2                I2C1_SMBus_IRQHandler
                0x000003a4                UART0_IRQHandler
                0x000003a6                UART1_IRQHandler
                0x000003a8                EthernetMAC_IRQHandler
                0x000003aa                DMA_IRQHandler
                0x000003ae                Timer2_IRQHandler
                0x000003b0                CAN_IRQHandler
                0x000003b2                ENVM0_IRQHandler
                0x000003b4                ENVM1_IRQHandler
                0x000003b8                USB_IRQHandler
                0x000003ba                USB_DMA_IRQHandler
                0x000003bc                PLL_Lock_IRQHandler
                0x000003be                PLL_LockLost_IRQHandler
                0x000003c0                CommSwitchError_IRQHandler
                0x000003c2                CacheError_IRQHandler
                0x000003c4                DDR_IRQHandler
                0x000003ca                ECC_Error_IRQHandler
                0x000003cc                MDDR_IOCalib_IRQHandler
                0x000003ce                FAB_PLL_Lock_IRQHandler
                0x000003d0                FAB_PLL_LockLost_IRQHandler
                0x000003d2                FIC64_IRQHandler
                0x000003d4                FabricIrq0_IRQHandler
                0x000003d6                FabricIrq1_IRQHandler
                0x000003d8                FabricIrq2_IRQHandler
                0x000003da                FabricIrq3_IRQHandler
                0x000003dc                FabricIrq4_IRQHandler
                0x000003de                FabricIrq5_IRQHandler
                0x000003e0                FabricIrq6_IRQHandler
                0x000003e2                FabricIrq7_IRQHandler
                0x000003e4                FabricIrq8_IRQHandler
                0x000003e6                FabricIrq9_IRQHandler
                0x000003e8                FabricIrq10_IRQHandler
                0x000003ea                FabricIrq11_IRQHandler
                0x000003ec                FabricIrq12_IRQHandler
                0x000003ee                FabricIrq13_IRQHandler
                0x000003f0                FabricIrq14_IRQHandler
                0x000003f2                FabricIrq15_IRQHandler
                0x000003f4                GPIO0_IRQHandler
                0x000003f6                GPIO1_IRQHandler
                0x000003f8                GPIO2_IRQHandler
                0x000003fa                GPIO3_IRQHandler
                0x000003fc                GPIO4_IRQHandler
                0x000003fe                GPIO5_IRQHandler
                0x00000400                GPIO6_IRQHandler
                0x00000402                GPIO7_IRQHandler
                0x00000404                GPIO8_IRQHandler
                0x00000406                GPIO9_IRQHandler
                0x00000408                GPIO10_IRQHandler
                0x0000040a                GPIO11_IRQHandler
                0x0000040c                GPIO12_IRQHandler
                0x0000040e                GPIO13_IRQHandler
                0x00000410                GPIO14_IRQHandler
                0x00000412                GPIO15_IRQHandler
                0x00000414                GPIO16_IRQHandler
                0x00000416                GPIO17_IRQHandler
                0x00000418                GPIO18_IRQHandler
                0x0000041a                GPIO19_IRQHandler
                0x0000041c                GPIO20_IRQHandler
                0x0000041e                GPIO21_IRQHandler
                0x00000420                GPIO22_IRQHandler
                0x00000422                GPIO23_IRQHandler
                0x00000424                GPIO24_IRQHandler
                0x00000426                GPIO25_IRQHandler
                0x00000428                GPIO26_IRQHandler
                0x0000042a                GPIO27_IRQHandler
                0x0000042c                GPIO28_IRQHandler
                0x0000042e                GPIO29_IRQHandler
                0x00000430                GPIO30_IRQHandler
                0x00000432                GPIO31_IRQHandler
                0x00000434                mscc_post_hw_cfg_init
                0x000004c0                . = ALIGN (0x10)
 *fill*         0x000004b4        0xc 

.text           0x000004c0     0x3bf0
 CREATE_OBJECT_SYMBOLS
                0x000004c0                __text_load = LOADADDR (.text)
                0x000004c0                __text_start = .
 *(.text .text.* .gnu.linkonce.t.*)
 .text          0x000004c0       0x5c c:/microsemi/softconsole_v4.0/arm-none-eabi-gcc/bin/../lib/gcc/arm-none-eabi/4.9.3/armv7-m/crtbegin.o
 .text          0x0000051c       0x90 ./hal/CortexM3/GNU/hw_reg_access.o
                0x0000051c                HW_set_32bit_reg
                0x00000520                HW_get_32bit_reg
                0x00000524                HW_set_32bit_reg_field
                0x00000540                HW_get_32bit_reg_field
                0x0000054c                HW_set_16bit_reg
                0x00000550                HW_get_16bit_reg
                0x00000554                HW_set_16bit_reg_field
                0x00000570                HW_get_16bit_reg_field
                0x0000057c                HW_set_8bit_reg
                0x00000580                HW_get_8bit_reg
                0x00000584                HW_set_8bit_reg_field
                0x000005a0                HW_get_8bit_reg_field
 .text.fill_tx_fifo
                0x000005ac       0x50 ./drivers/mss_sys_services/mss_comblk.o
 .text.abort_current_cmd.part.0
                0x000005fc       0x44 ./drivers/mss_sys_services/mss_comblk.o
 .text.ComBlk_IRQHandler
                0x00000640      0x2e4 ./drivers/mss_sys_services/mss_comblk.o
                0x00000640                ComBlk_IRQHandler
 .text.recover_from_rx_overflow
                0x00000924       0xc8 ./drivers/mss_spi/mss_spi.o
 .text.fill_slave_tx_fifo
                0x000009ec       0x94 ./drivers/mss_spi/mss_spi.o
 .text.read_slave_rx_fifo
                0x00000a80       0x70 ./drivers/mss_spi/mss_spi.o
 .text.mss_spi_isr
                0x00000af0      0x17c ./drivers/mss_spi/mss_spi.o
 .text.SPI0_IRQHandler
                0x00000c6c       0x1c ./drivers/mss_spi/mss_spi.o
                0x00000c6c                SPI0_IRQHandler
 .text.SPI1_IRQHandler
                0x00000c88       0x1c ./drivers/mss_spi/mss_spi.o
                0x00000c88                SPI1_IRQHandler
 .text.start_transfer
                0x00000ca4       0xa0 ./drivers/mss_hpdma/mss_hpdma.o
 .text.HPDMA_Complete_IRQHandler
                0x00000d44       0xa0 ./drivers/mss_hpdma/mss_hpdma.o
                0x00000d44                HPDMA_Complete_IRQHandler
 .text.HPDMA_Error_IRQHandler
                0x00000de4       0xb4 ./drivers/mss_hpdma/mss_hpdma.o
                0x00000de4                HPDMA_Error_IRQHandler
 .text.UART_init
                0x00000e98       0x68 ./drivers/CoreUARTapb/core_uart_apb.o
                0x00000e98                UART_init
 .text.UART_send
                0x00000f00       0x2c ./drivers/CoreUARTapb/core_uart_apb.o
                0x00000f00                UART_send
 .text.UART_get_rx
                0x00000f2c       0x58 ./drivers/CoreUARTapb/core_uart_apb.o
                0x00000f2c                UART_get_rx
 .text.UART_get_rx_status
                0x00000f84       0x14 ./drivers/CoreUARTapb/core_uart_apb.o
                0x00000f84                UART_get_rx_status
 .text.PWM_enable.part.0
                0x00000f98       0x48 ./drivers/CorePWM/core_pwm.o
 .text.PWM_disable.part.1
                0x00000fe0       0x48 ./drivers/CorePWM/core_pwm.o
 .text.PWM_init
                0x00001028       0xd4 ./drivers/CorePWM/core_pwm.o
                0x00001028                PWM_init
 .text.PWM_set_duty_cycle
                0x000010fc       0x50 ./drivers/CorePWM/core_pwm.o
                0x000010fc                PWM_set_duty_cycle
 .text.GPIO_init
                0x0000114c       0x84 ./drivers/CoreGPIO/core_gpio.o
                0x0000114c                GPIO_init
 .text.GPIO_config
                0x000011d0       0x14 ./drivers/CoreGPIO/core_gpio.o
                0x000011d0                GPIO_config
 .text.GPIO_set_outputs
                0x000011e4       0x68 ./drivers/CoreGPIO/core_gpio.o
                0x000011e4                GPIO_set_outputs
 .text.GPIO_get_outputs
                0x0000124c       0x6c ./drivers/CoreGPIO/core_gpio.o
                0x0000124c                GPIO_get_outputs
 .text.SystemInit
                0x000012b8       0x40 ./CMSIS/system_m2sxxx.o
                0x000012b8                SystemInit
 .text.SystemCoreClockUpdate
                0x000012f8       0xf8 ./CMSIS/system_m2sxxx.o
                0x000012f8                SystemCoreClockUpdate
 .text.Timer1_IRQHandler
                0x000013f0       0x48 ./main.o
                0x000013f0                Timer1_IRQHandler
 .text.set_deg_abs
                0x00001438       0xdc ./main.o
                0x00001438                set_deg_abs
 .text.returntohold
                0x00001514       0x44 ./main.o
                0x00001514                returntohold
 .text.grabtube
                0x00001558       0x6c ./main.o
                0x00001558                grabtube
 .text.set_deg_inc
                0x000015c4       0xbc ./main.o
                0x000015c4                set_deg_inc
 .text.calmotions
                0x00001680      0x1b8 ./main.o
                0x00001680                calmotions
 .text.motiononeHoldtoA
                0x00001838      0x120 ./main.o
                0x00001838                motiononeHoldtoA
 .text.motiononeAtoB
                0x00001958       0xb0 ./main.o
                0x00001958                motiononeAtoB
 .text.motiononebheighttransition
                0x00001a08       0x78 ./main.o
                0x00001a08                motiononebheighttransition
 .text.motiononeBtoHold
                0x00001a80       0xac ./main.o
                0x00001a80                motiononeBtoHold
 .text.motiontwoHoldtoB
                0x00001b2c      0x140 ./main.o
                0x00001b2c                motiontwoHoldtoB
 .text.motiontwoBtoA
                0x00001c6c      0x11c ./main.o
                0x00001c6c                motiontwoBtoA
 .text.motionotwoaheighttransition
                0x00001d88       0x44 ./main.o
                0x00001d88                motionotwoaheighttransition
 .text.motiontwoAtoHold
                0x00001dcc       0xb0 ./main.o
                0x00001dcc                motiontwoAtoHold
 .text.motionthreeHoldtoC
                0x00001e7c      0x13c ./main.o
                0x00001e7c                motionthreeHoldtoC
 .text.motionthreeCtoD
                0x00001fb8       0xd0 ./main.o
                0x00001fb8                motionthreeCtoD
 .text.motionthreeDtoHold
                0x00002088       0x94 ./main.o
                0x00002088                motionthreeDtoHold
 .text.motionfourHoldtoD
                0x0000211c      0x13c ./main.o
                0x0000211c                motionfourHoldtoD
 .text.motionfourDtoC
                0x00002258       0xf0 ./main.o
                0x00002258                motionfourDtoC
 .text.motionfourCheighttransition
                0x00002348       0x80 ./main.o
                0x00002348                motionfourCheighttransition
 .text.motionfourCtoHold
                0x000023c8       0xd0 ./main.o
                0x000023c8                motionfourCtoHold
 .text.motionfiveAtoagitate
                0x00002498       0xec ./main.o
                0x00002498                motionfiveAtoagitate
 .text.putdownA
                0x00002584      0x168 ./main.o
                0x00002584                putdownA
 .text.motionsevenCtoagitate
                0x000026ec       0xec ./main.o
                0x000026ec                motionsevenCtoagitate
 .text.putdownC
                0x000027d8      0x104 ./main.o
                0x000027d8                putdownC
 .text.motionsevenCtoHold
                0x000028dc       0x60 ./main.o
                0x000028dc                motionsevenCtoHold
 .text.Demo     0x0000293c      0x290 ./main.o
                0x0000293c                Demo
 .text.AtoB     0x00002bcc       0xe8 ./main.o
                0x00002bcc                AtoB
 .text.BtoA     0x00002cb4       0xe8 ./main.o
                0x00002cb4                BtoA
 .text.CtoD     0x00002d9c       0xa8 ./main.o
                0x00002d9c                CtoD
 .text.DtoC     0x00002e44       0xc4 ./main.o
                0x00002e44                DtoC
 .text.AgitateA
                0x00002f08       0xa4 ./main.o
                0x00002f08                AgitateA
 .text.AgitateC
                0x00002fac       0x8c ./main.o
                0x00002fac                AgitateC
 .text.startup.main
                0x00003038      0x2dc ./main.o
                0x00003038                main
 .text          0x00003314      0x370 c:/microsemi/softconsole_v4.0/arm-none-eabi-gcc/bin/../lib/gcc/arm-none-eabi/4.9.3/armv7-m\libgcc.a(_arm_addsubdf3.o)
                0x00003314                __aeabi_drsub
                0x0000331c                __aeabi_dsub
                0x0000331c                __subdf3
                0x00003320                __aeabi_dadd
                0x00003320                __adddf3
                0x00003598                __floatunsidf
                0x00003598                __aeabi_ui2d
                0x000035b8                __floatsidf
                0x000035b8                __aeabi_i2d
                0x000035dc                __aeabi_f2d
                0x000035dc                __extendsfdf2
                0x00003618                __floatundidf
                0x00003618                __aeabi_ul2d
                0x00003628                __floatdidf
                0x00003628                __aeabi_l2d
 .text          0x00003684      0x424 c:/microsemi/softconsole_v4.0/arm-none-eabi-gcc/bin/../lib/gcc/arm-none-eabi/4.9.3/armv7-m\libgcc.a(_arm_muldivdf3.o)
                0x00003684                __aeabi_dmul
                0x00003684                __muldf3
                0x000038d8                __divdf3
                0x000038d8                __aeabi_ddiv
 .text          0x00003aa8       0xa0 c:/microsemi/softconsole_v4.0/arm-none-eabi-gcc/bin/../lib/gcc/arm-none-eabi/4.9.3/armv7-m\libgcc.a(_arm_truncdfsf2.o)
                0x00003aa8                __truncdfsf2
                0x00003aa8                __aeabi_d2f
 .text          0x00003b48      0x21c c:/microsemi/softconsole_v4.0/arm-none-eabi-gcc/bin/../lib/gcc/arm-none-eabi/4.9.3/armv7-m\libgcc.a(_arm_addsubsf3.o)
                0x00003b48                __aeabi_frsub
                0x00003b50                __subsf3
                0x00003b50                __aeabi_fsub
                0x00003b54                __aeabi_fadd
                0x00003b54                __addsf3
                0x00003cb4                __aeabi_ui2f
                0x00003cb4                __floatunsisf
                0x00003cbc                __aeabi_i2f
                0x00003cbc                __floatsisf
                0x00003cd8                __aeabi_ul2f
                0x00003cd8                __floatundisf
                0x00003ce8                __aeabi_l2f
                0x00003ce8                __floatdisf
 .text          0x00003d64       0xec c:/microsemi/softconsole_v4.0/arm-none-eabi-gcc/bin/../lib/gcc/arm-none-eabi/4.9.3/armv7-m\libgcc.a(_arm_cmpsf2.o)
                0x00003d64                __gesf2
                0x00003d64                __gtsf2
                0x00003d6c                __lesf2
                0x00003d6c                __ltsf2
                0x00003d74                __nesf2
                0x00003d74                __eqsf2
                0x00003d74                __cmpsf2
                0x00003dd4                __aeabi_cfrcmple
                0x00003ddc                __aeabi_cfcmpeq
                0x00003ddc                __aeabi_cfcmple
                0x00003dec                __aeabi_fcmpeq
                0x00003e00                __aeabi_fcmplt
                0x00003e14                __aeabi_fcmple
                0x00003e28                __aeabi_fcmpge
                0x00003e3c                __aeabi_fcmpgt
 .text          0x00003e50       0x4c c:/microsemi/softconsole_v4.0/arm-none-eabi-gcc/bin/../lib/gcc/arm-none-eabi/4.9.3/armv7-m\libgcc.a(_arm_fixsfsi.o)
                0x00003e50                __aeabi_f2iz
                0x00003e50                __fixsfsi
 .text.__libc_init_array
                0x00003e9c       0x50 c:/microsemi/softconsole_v4.0/arm-none-eabi-gcc/bin/../lib/gcc/arm-none-eabi/4.9.3/../../../../arm-none-eabi/lib/armv7-m\libg.a(lib_a-init.o)
                0x00003e9c                __libc_init_array
 .text.startup.register_fini
                0x00003eec       0x14 c:/microsemi/softconsole_v4.0/arm-none-eabi-gcc/bin/../lib/gcc/arm-none-eabi/4.9.3/../../../../arm-none-eabi/lib/armv7-m\libg.a(lib_a-__call_atexit.o)
 .text.atexit   0x00003f00        0xc c:/microsemi/softconsole_v4.0/arm-none-eabi-gcc/bin/../lib/gcc/arm-none-eabi/4.9.3/../../../../arm-none-eabi/lib/armv7-m\libg.a(lib_a-atexit.o)
                0x00003f00                atexit
 .text.__libc_fini_array
                0x00003f0c       0x2c c:/microsemi/softconsole_v4.0/arm-none-eabi-gcc/bin/../lib/gcc/arm-none-eabi/4.9.3/../../../../arm-none-eabi/lib/armv7-m\libg.a(lib_a-fini.o)
                0x00003f0c                __libc_fini_array
 .text.__register_exitproc
                0x00003f38       0xa4 c:/microsemi/softconsole_v4.0/arm-none-eabi-gcc/bin/../lib/gcc/arm-none-eabi/4.9.3/../../../../arm-none-eabi/lib/armv7-m\libg.a(lib_a-__atexit.o)
                0x00003f38                __register_exitproc
 *(.plt)
 *(.gnu.warning)
 *(.glue_7t)
 .glue_7t       0x00000000        0x0 linker stubs
 *(.glue_7)
 .glue_7        0x00000000        0x0 linker stubs
 *(.vfp11_veneer)
 .vfp11_veneer  0x00000000        0x0 linker stubs
                0x00003fdc                . = ALIGN (0x4)
 *crtbegin.o(.ctors)
 *(EXCLUDE_FILE(*crtend.o) .ctors)
 *(SORT(.ctors.*))
 *crtend.o(.ctors)
 *crtbegin.o(.dtors)
 *(EXCLUDE_FILE(*crtend.o) .dtors)
 *(SORT(.dtors.*))
 *crtend.o(.dtors)
 *(.rodata .rodata.* .gnu.linkonce.r.*)
 .rodata.g_pwm_negedge_offset_lut
                0x00003fdc       0x44 ./drivers/CorePWM/core_pwm.o
 .rodata.g_pwm_id_mask_lut
                0x00004020       0x11 ./drivers/CorePWM/core_pwm.o
 *fill*         0x00004031        0x3 
 .rodata.g_pwm_posedge_offset_lut
                0x00004034       0x44 ./drivers/CorePWM/core_pwm.o
 .rodata        0x00004078        0x8 ./CMSIS/system_m2sxxx.o
 .rodata.str1.4
                0x00004080        0x4 c:/microsemi/softconsole_v4.0/arm-none-eabi-gcc/bin/../lib/gcc/arm-none-eabi/4.9.3/../../../../arm-none-eabi/lib/armv7-m\libg.a(lib_a-impure.o)
                                  0x2 (size before relaxing)
 .rodata._global_impure_ptr
                0x00004084        0x4 c:/microsemi/softconsole_v4.0/arm-none-eabi-gcc/bin/../lib/gcc/arm-none-eabi/4.9.3/../../../../arm-none-eabi/lib/armv7-m\libg.a(lib_a-impure.o)
                0x00004084                _global_impure_ptr
 *(.ARM.extab* .gnu.linkonce.armextab.*)
 *(.gcc_except_table)
 *(.eh_frame_hdr)
 *(.eh_frame)
 .eh_frame      0x00004088        0x0 c:/microsemi/softconsole_v4.0/arm-none-eabi-gcc/bin/../lib/gcc/arm-none-eabi/4.9.3/armv7-m/crtbegin.o
 *(.vector_table)
 *(.init)
 .init          0x00004088        0x4 c:/microsemi/softconsole_v4.0/arm-none-eabi-gcc/bin/../lib/gcc/arm-none-eabi/4.9.3/armv7-m/crti.o
                0x00004088                _init
 .init          0x0000408c        0x8 c:/microsemi/softconsole_v4.0/arm-none-eabi-gcc/bin/../lib/gcc/arm-none-eabi/4.9.3/armv7-m/crtn.o
 *(.fini)
 .fini          0x00004094        0x4 c:/microsemi/softconsole_v4.0/arm-none-eabi-gcc/bin/../lib/gcc/arm-none-eabi/4.9.3/armv7-m/crti.o
                0x00004094                _fini
 .fini          0x00004098        0x8 c:/microsemi/softconsole_v4.0/arm-none-eabi-gcc/bin/../lib/gcc/arm-none-eabi/4.9.3/armv7-m/crtn.o
                0x000040a0                PROVIDE (__preinit_array_start, .)
 *(.preinit_array)
                0x000040a0                PROVIDE (__preinit_array_end, .)
                0x000040a0                PROVIDE (__init_array_start, .)
 *(SORT(.init_array.*))
 .init_array.00000
                0x000040a0        0x4 c:/microsemi/softconsole_v4.0/arm-none-eabi-gcc/bin/../lib/gcc/arm-none-eabi/4.9.3/../../../../arm-none-eabi/lib/armv7-m\libg.a(lib_a-__call_atexit.o)
 *(.init_array)
 .init_array    0x000040a4        0x4 c:/microsemi/softconsole_v4.0/arm-none-eabi-gcc/bin/../lib/gcc/arm-none-eabi/4.9.3/armv7-m/crtbegin.o
                0x000040a8                PROVIDE (__init_array_end, .)
                0x000040a8                PROVIDE (__fini_array_start, .)
 *(.fini_array)
 .fini_array    0x000040a8        0x4 c:/microsemi/softconsole_v4.0/arm-none-eabi-gcc/bin/../lib/gcc/arm-none-eabi/4.9.3/armv7-m/crtbegin.o
 *(SORT(.fini_array.*))
                0x000040ac                PROVIDE (__fini_array_end, .)
                0x000040b0                . = ALIGN (0x10)
 *fill*         0x000040ac        0x4 
                0x000040b0                __exidx_start = .

.v4_bx          0x000040b0        0x0
 .v4_bx         0x00000000        0x0 linker stubs

.iplt           0x000040b0        0x0
 .iplt          0x00000000        0x0 c:/microsemi/softconsole_v4.0/arm-none-eabi-gcc/bin/../lib/gcc/arm-none-eabi/4.9.3/armv7-m/crtbegin.o

.rel.dyn        0x000040b0        0x0
 .rel.iplt      0x00000000        0x0 c:/microsemi/softconsole_v4.0/arm-none-eabi-gcc/bin/../lib/gcc/arm-none-eabi/4.9.3/armv7-m/crtbegin.o

.ARM.exidx
 *(.ARM.exidx* .gnu.linkonce.armexidx.*)
                0x000040b0                __exidx_end = .
                0x000040b0                _etext = .

.data           0x20000000      0x450 load address 0x000040b0
                0x000040b0                __data_load = LOADADDR (.data)
                0x000040b0                _sidata = LOADADDR (.data)
                0x20000000                __data_start = .
                0x20000000                _sdata = .
 *(.jcr)
 .jcr           0x20000000        0x0 c:/microsemi/softconsole_v4.0/arm-none-eabi-gcc/bin/../lib/gcc/arm-none-eabi/4.9.3/armv7-m/crtbegin.o
 .jcr           0x20000000        0x4 c:/microsemi/softconsole_v4.0/arm-none-eabi-gcc/bin/../lib/gcc/arm-none-eabi/4.9.3/armv7-m/crtend.o
 *(.got.plt)
 *(.got)
 *(.shdata)
 *(.data .data.* .gnu.linkonce.d.*)
 .data.g_FrequencyFIC64
                0x20000004        0x4 ./CMSIS/system_m2sxxx.o
                0x20000004                g_FrequencyFIC64
 .data.g_FrequencyPCLK2
                0x20000008        0x4 ./CMSIS/system_m2sxxx.o
                0x20000008                g_FrequencyPCLK2
 .data.g_FrequencyFIC0
                0x2000000c        0x4 ./CMSIS/system_m2sxxx.o
                0x2000000c                g_FrequencyFIC0
 .data.g_FrequencyFIC1
                0x20000010        0x4 ./CMSIS/system_m2sxxx.o
                0x20000010                g_FrequencyFIC1
 .data.g_FrequencyPCLK0
                0x20000014        0x4 ./CMSIS/system_m2sxxx.o
                0x20000014                g_FrequencyPCLK0
 .data.g_FrequencyPCLK1
                0x20000018        0x4 ./CMSIS/system_m2sxxx.o
                0x20000018                g_FrequencyPCLK1
 .data.SystemCoreClock
                0x2000001c        0x4 ./CMSIS/system_m2sxxx.o
                0x2000001c                SystemCoreClock
 .data.g_gpio_pattern
                0x20000020        0x4 ./main.o
                0x20000020                g_gpio_pattern
 .data.g_message
                0x20000024        0x4 ./main.o
                0x20000024                g_message
 .data.impure_data
                0x20000028      0x428 c:/microsemi/softconsole_v4.0/arm-none-eabi-gcc/bin/../lib/gcc/arm-none-eabi/4.9.3/../../../../arm-none-eabi/lib/armv7-m\libg.a(lib_a-impure.o)
                0x20000450                . = ALIGN (0x10)
                0x20000450                _edata = .

.igot.plt       0x20000450        0x0 load address 0x00004500
 .igot.plt      0x00000000        0x0 c:/microsemi/softconsole_v4.0/arm-none-eabi-gcc/bin/../lib/gcc/arm-none-eabi/4.9.3/armv7-m/crtbegin.o

.bss            0x20000450      0x190 load address 0x00004500
                0x20000450                __bss_start__ = .
                0x20000450                _sbss = .
 *(.shbss)
 *(.bss .bss.* .gnu.linkonce.b.*)
 .bss           0x20000450       0x1c c:/microsemi/softconsole_v4.0/arm-none-eabi-gcc/bin/../lib/gcc/arm-none-eabi/4.9.3/armv7-m/crtbegin.o
 .bss.g_comblk_response_size
                0x2000046c        0x2 ./drivers/mss_sys_services/mss_comblk.o
 *fill*         0x2000046e        0x2 
 .bss.g_comblk_page_handler
                0x20000470        0x4 ./drivers/mss_sys_services/mss_comblk.o
 .bss.g_comblk_p_cmd
                0x20000474        0x4 ./drivers/mss_sys_services/mss_comblk.o
 .bss.g_request_in_progress
                0x20000478        0x1 ./drivers/mss_sys_services/mss_comblk.o
 *fill*         0x20000479        0x3 
 .bss.g_async_event_handler
                0x2000047c        0x4 ./drivers/mss_sys_services/mss_comblk.o
 .bss.g_comblk_cmd_size
                0x20000480        0x2 ./drivers/mss_sys_services/mss_comblk.o
 *fill*         0x20000482        0x2 
 .bss.g_comblk_p_data
                0x20000484        0x4 ./drivers/mss_sys_services/mss_comblk.o
 .bss.g_comblk_completion_handler
                0x20000488        0x4 ./drivers/mss_sys_services/mss_comblk.o
 .bss.g_comblk_response_idx
                0x2000048c        0x2 ./drivers/mss_sys_services/mss_comblk.o
 *fill*         0x2000048e        0x2 
 .bss.g_comblk_data_size
                0x20000490        0x4 ./drivers/mss_sys_services/mss_comblk.o
 .bss.g_comblk_p_response
                0x20000494        0x4 ./drivers/mss_sys_services/mss_comblk.o
 .bss.g_comblk_state
                0x20000498        0x1 ./drivers/mss_sys_services/mss_comblk.o
 .bss.g_comblk_cmd_opcode
                0x20000499        0x1 ./drivers/mss_sys_services/mss_comblk.o
 *fill*         0x2000049a        0x2 
 .bss.g_transfer
                0x2000049c       0x18 ./drivers/mss_hpdma/mss_hpdma.o
 .bss.g_hpdma_current_desc
                0x200004b4        0x4 ./drivers/mss_hpdma/mss_hpdma.o
 .bss.g_hpdma_end_desc
                0x200004b8        0x4 ./drivers/mss_hpdma/mss_hpdma.o
 *(COMMON)
 COMMON         0x200004bc      0x108 ./drivers/mss_spi/mss_spi.o
                0x200004bc                g_mss_spi1
                0x20000540                g_mss_spi0
 COMMON         0x200005c4       0x14 ./main.o
                0x200005c4                g_gpio
                0x200005cc                g_uart
                0x200005d4                the_pwm
                0x200005e0                . = ALIGN (0x10)
 *fill*         0x200005d8        0x8 
                0x200005e0                __bss_end__ = .
                0x200005e0                _end = .
                0x200005e0                __end = _end
                0x200005e0                _ebss = .
                0x200005e0                PROVIDE (end, .)

.heap           0x200005e0     0xea20 load address 0x00004500
                0x200005e0                __heap_start__ = .
                0x200015e0                . = (. + MIN_SIZE_HEAP)
 *fill*         0x200005e0     0x1000 
                0x2000f000                . = (. + (((ABSOLUTE (RAM_START_ADDRESS) + RAM_SIZE) - MAIN_STACK_SIZE) - .))
 *fill*         0x200015e0     0xda20 
                0x2000f000                _eheap = .

.stack          0x2000f000     0x1000 load address 0x00004500
                0x2000f000                __stack_start__ = .
                0x20010000                . = (. + MAIN_STACK_SIZE)
 *fill*         0x2000f000     0x1000 
                0x20010000                _estack = .

.stab
 *(.stab)

.stabstr
 *(.stabstr)

.debug
 *(.debug)

.line
 *(.line)

.debug_srcinfo
 *(.debug_srcinfo)

.debug_sfnames
 *(.debug_sfnames)

.debug_aranges  0x00000000      0x858
 *(.debug_aranges)
 .debug_aranges
                0x00000000       0x20 ./hal/CortexM3/GNU/hal.o
 .debug_aranges
                0x00000020       0x20 ./hal/CortexM3/GNU/hw_reg_access.o
 .debug_aranges
                0x00000040       0x48 ./hal/CortexM3/cortex_nvic.o
 .debug_aranges
                0x00000088       0x18 ./drivers_config/sys_config/sys_config.o
 .debug_aranges
                0x000000a0       0x50 ./drivers/mss_sys_services/mss_comblk.o
 .debug_aranges
                0x000000f0      0x1a0 ./drivers/mss_sys_services/mss_sys_services.o
 .debug_aranges
                0x00000290       0xc8 ./drivers/mss_spi/mss_spi.o
 .debug_aranges
                0x00000358       0xa0 ./drivers/mss_rtc/mss_rtc.o
 .debug_aranges
                0x000003f8       0x58 ./drivers/mss_nvm/mss_nvm.o
 .debug_aranges
                0x00000450       0x68 ./drivers/mss_hpdma/mss_hpdma.o
 .debug_aranges
                0x000004b8       0x48 ./drivers/CoreUARTapb/core_uart_apb.o
 .debug_aranges
                0x00000500       0xc8 ./drivers/CorePWM/core_pwm.o
 .debug_aranges
                0x000005c8       0x68 ./drivers/CoreGPIO/core_gpio.o
 .debug_aranges
                0x00000630       0xa8 ./CMSIS/startup_gcc/newlib_stubs.o
 .debug_aranges
                0x000006d8       0x20 ./CMSIS/startup_gcc/startup_m2sxxx.o
 .debug_aranges
                0x000006f8       0x28 ./CMSIS/system_m2sxxx.o
 .debug_aranges
                0x00000720      0x138 ./main.o

.debug_pubnames
 *(.debug_pubnames)

.debug_info     0x00000000    0x10f43
 *(.debug_info .gnu.linkonce.wi.*)
 .debug_info    0x00000000       0x8e ./hal/CortexM3/GNU/hal.o
 .debug_info    0x0000008e       0x98 ./hal/CortexM3/GNU/hw_reg_access.o
 .debug_info    0x00000126      0x184 ./hal/CortexM3/cortex_nvic.o
 .debug_info    0x000002aa       0x96 ./drivers_config/sys_config/sys_config.o
 .debug_info    0x00000340      0xf40 ./drivers/mss_sys_services/mss_comblk.o
 .debug_info    0x00001280     0x2d37 ./drivers/mss_sys_services/mss_sys_services.o
 .debug_info    0x00003fb7     0x1a14 ./drivers/mss_spi/mss_spi.o
 .debug_info    0x000059cb     0x1432 ./drivers/mss_rtc/mss_rtc.o
 .debug_info    0x00006dfd     0x1679 ./drivers/mss_nvm/mss_nvm.o
 .debug_info    0x00008476     0x123e ./drivers/mss_hpdma/mss_hpdma.o
 .debug_info    0x000096b4      0x439 ./drivers/CoreUARTapb/core_uart_apb.o
 .debug_info    0x00009aed      0xf6b ./drivers/CorePWM/core_pwm.o
 .debug_info    0x0000aa58      0x929 ./drivers/CoreGPIO/core_gpio.o
 .debug_info    0x0000b381      0x70b ./CMSIS/startup_gcc/newlib_stubs.o
 .debug_info    0x0000ba8c       0x9a ./CMSIS/startup_gcc/startup_m2sxxx.o
 .debug_info    0x0000bb26      0xb55 ./CMSIS/system_m2sxxx.o
 .debug_info    0x0000c67b     0x48c8 ./main.o

.debug_abbrev   0x00000000     0x22f3
 *(.debug_abbrev)
 .debug_abbrev  0x00000000       0x14 ./hal/CortexM3/GNU/hal.o
 .debug_abbrev  0x00000014       0x14 ./hal/CortexM3/GNU/hw_reg_access.o
 .debug_abbrev  0x00000028       0xa3 ./hal/CortexM3/cortex_nvic.o
 .debug_abbrev  0x000000cb       0x4e ./drivers_config/sys_config/sys_config.o
 .debug_abbrev  0x00000119      0x30d ./drivers/mss_sys_services/mss_comblk.o
 .debug_abbrev  0x00000426      0x3fe ./drivers/mss_sys_services/mss_sys_services.o
 .debug_abbrev  0x00000824      0x360 ./drivers/mss_spi/mss_spi.o
 .debug_abbrev  0x00000b84      0x3b5 ./drivers/mss_rtc/mss_rtc.o
 .debug_abbrev  0x00000f39      0x340 ./drivers/mss_nvm/mss_nvm.o
 .debug_abbrev  0x00001279      0x2a5 ./drivers/mss_hpdma/mss_hpdma.o
 .debug_abbrev  0x0000151e      0x171 ./drivers/CoreUARTapb/core_uart_apb.o
 .debug_abbrev  0x0000168f      0x281 ./drivers/CorePWM/core_pwm.o
 .debug_abbrev  0x00001910      0x1bf ./drivers/CoreGPIO/core_gpio.o
 .debug_abbrev  0x00001acf      0x225 ./CMSIS/startup_gcc/newlib_stubs.o
 .debug_abbrev  0x00001cf4       0x14 ./CMSIS/startup_gcc/startup_m2sxxx.o
 .debug_abbrev  0x00001d08      0x1f8 ./CMSIS/system_m2sxxx.o
 .debug_abbrev  0x00001f00      0x3f3 ./main.o

.debug_line     0x00000000     0x5a11
 *(.debug_line)
 .debug_line    0x00000000       0x4d ./hal/CortexM3/GNU/hal.o
 .debug_line    0x0000004d       0x8b ./hal/CortexM3/GNU/hw_reg_access.o
 .debug_line    0x000000d8      0x25f ./hal/CortexM3/cortex_nvic.o
 .debug_line    0x00000337      0x2aa ./drivers_config/sys_config/sys_config.o
 .debug_line    0x000005e1      0x6de ./drivers/mss_sys_services/mss_comblk.o
 .debug_line    0x00000cbf      0xf15 ./drivers/mss_sys_services/mss_sys_services.o
 .debug_line    0x00001bd4      0x94d ./drivers/mss_spi/mss_spi.o
 .debug_line    0x00002521      0x5bf ./drivers/mss_rtc/mss_rtc.o
 .debug_line    0x00002ae0      0x67c ./drivers/mss_nvm/mss_nvm.o
 .debug_line    0x0000315c      0x474 ./drivers/mss_hpdma/mss_hpdma.o
 .debug_line    0x000035d0      0x39e ./drivers/CoreUARTapb/core_uart_apb.o
 .debug_line    0x0000396e      0x535 ./drivers/CorePWM/core_pwm.o
 .debug_line    0x00003ea3      0x468 ./drivers/CoreGPIO/core_gpio.o
 .debug_line    0x0000430b      0x402 ./CMSIS/startup_gcc/newlib_stubs.o
 .debug_line    0x0000470d      0x190 ./CMSIS/startup_gcc/startup_m2sxxx.o
 .debug_line    0x0000489d      0x316 ./CMSIS/system_m2sxxx.o
 .debug_line    0x00004bb3      0xe5e ./main.o

.debug_frame    0x00000000     0x1c70
 *(.debug_frame)
 .debug_frame   0x00000000       0x70 ./hal/CortexM3/cortex_nvic.o
 .debug_frame   0x00000070      0x134 ./drivers/mss_sys_services/mss_comblk.o
 .debug_frame   0x000001a4      0x734 ./drivers/mss_sys_services/mss_sys_services.o
 .debug_frame   0x000008d8      0x2d0 ./drivers/mss_spi/mss_spi.o
 .debug_frame   0x00000ba8      0x188 ./drivers/mss_rtc/mss_rtc.o
 .debug_frame   0x00000d30      0x134 ./drivers/mss_nvm/mss_nvm.o
 .debug_frame   0x00000e64      0x12c ./drivers/mss_hpdma/mss_hpdma.o
 .debug_frame   0x00000f90       0xd4 ./drivers/CoreUARTapb/core_uart_apb.o
 .debug_frame   0x00001064      0x2b4 ./drivers/CorePWM/core_pwm.o
 .debug_frame   0x00001318      0x1e4 ./drivers/CoreGPIO/core_gpio.o
 .debug_frame   0x000014fc      0x160 ./CMSIS/startup_gcc/newlib_stubs.o
 .debug_frame   0x0000165c       0x4c ./CMSIS/system_m2sxxx.o
 .debug_frame   0x000016a8      0x448 ./main.o
 .debug_frame   0x00001af0       0x20 c:/microsemi/softconsole_v4.0/arm-none-eabi-gcc/bin/../lib/gcc/arm-none-eabi/4.9.3/../../../../arm-none-eabi/lib/armv7-m\libg.a(lib_a-errno.o)
 .debug_frame   0x00001b10       0x28 c:/microsemi/softconsole_v4.0/arm-none-eabi-gcc/bin/../lib/gcc/arm-none-eabi/4.9.3/../../../../arm-none-eabi/lib/armv7-m\libg.a(lib_a-exit.o)
 .debug_frame   0x00001b38       0x2c c:/microsemi/softconsole_v4.0/arm-none-eabi-gcc/bin/../lib/gcc/arm-none-eabi/4.9.3/../../../../arm-none-eabi/lib/armv7-m\libg.a(lib_a-init.o)
 .debug_frame   0x00001b64       0x34 c:/microsemi/softconsole_v4.0/arm-none-eabi-gcc/bin/../lib/gcc/arm-none-eabi/4.9.3/../../../../arm-none-eabi/lib/armv7-m\libg.a(lib_a-memset.o)
 .debug_frame   0x00001b98       0x50 c:/microsemi/softconsole_v4.0/arm-none-eabi-gcc/bin/../lib/gcc/arm-none-eabi/4.9.3/../../../../arm-none-eabi/lib/armv7-m\libg.a(lib_a-__call_atexit.o)
 .debug_frame   0x00001be8       0x20 c:/microsemi/softconsole_v4.0/arm-none-eabi-gcc/bin/../lib/gcc/arm-none-eabi/4.9.3/../../../../arm-none-eabi/lib/armv7-m\libg.a(lib_a-atexit.o)
 .debug_frame   0x00001c08       0x34 c:/microsemi/softconsole_v4.0/arm-none-eabi-gcc/bin/../lib/gcc/arm-none-eabi/4.9.3/../../../../arm-none-eabi/lib/armv7-m\libg.a(lib_a-fini.o)
 .debug_frame   0x00001c3c       0x34 c:/microsemi/softconsole_v4.0/arm-none-eabi-gcc/bin/../lib/gcc/arm-none-eabi/4.9.3/../../../../arm-none-eabi/lib/armv7-m\libg.a(lib_a-__atexit.o)

.debug_str      0x00000000    0x164ad
 *(.debug_str)
 .debug_str     0x00000000     0x2fb7 ./hal/CortexM3/cortex_nvic.o
                               0x3130 (size before relaxing)
 .debug_str     0x00002fb7     0x5708 ./drivers_config/sys_config/sys_config.o
                               0x871e (size before relaxing)
 .debug_str     0x000086bf      0xa28 ./drivers/mss_sys_services/mss_comblk.o
                               0x8fed (size before relaxing)
 .debug_str     0x000090e7     0x4f23 ./drivers/mss_sys_services/mss_sys_services.o
                               0xd6d1 (size before relaxing)
 .debug_str     0x0000e00a      0xaed ./drivers/mss_spi/mss_spi.o
                               0xc1a8 (size before relaxing)
 .debug_str     0x0000eaf7      0x832 ./drivers/mss_rtc/mss_rtc.o
                               0xbde0 (size before relaxing)
 .debug_str     0x0000f329      0xce6 ./drivers/mss_nvm/mss_nvm.o
                               0x9950 (size before relaxing)
 .debug_str     0x0001000f      0x754 ./drivers/mss_hpdma/mss_hpdma.o
                               0x9907 (size before relaxing)
 .debug_str     0x00010763      0xf48 ./drivers/CoreUARTapb/core_uart_apb.o
                               0x3ffc (size before relaxing)
 .debug_str     0x000116ab      0xe4f ./drivers/CorePWM/core_pwm.o
                               0x4680 (size before relaxing)
 .debug_str     0x000124fa      0x996 ./drivers/CoreGPIO/core_gpio.o
                               0x4225 (size before relaxing)
 .debug_str     0x00012e90     0x1eee ./CMSIS/startup_gcc/newlib_stubs.o
                               0x6a41 (size before relaxing)
 .debug_str     0x00014d7e      0x568 ./CMSIS/system_m2sxxx.o
                               0x93e3 (size before relaxing)
 .debug_str     0x000152e6     0x11c7 ./main.o
                               0xdb20 (size before relaxing)

.debug_loc      0x00000000     0x6d50
 *(.debug_loc)
 .debug_loc     0x00000000      0x894 ./drivers/mss_sys_services/mss_comblk.o
 .debug_loc     0x00000894     0x187d ./drivers/mss_sys_services/mss_sys_services.o
 .debug_loc     0x00002111      0xcce ./drivers/mss_spi/mss_spi.o
 .debug_loc     0x00002ddf      0x2d2 ./drivers/mss_rtc/mss_rtc.o
 .debug_loc     0x000030b1     0x153c ./drivers/mss_nvm/mss_nvm.o
 .debug_loc     0x000045ed      0x291 ./drivers/mss_hpdma/mss_hpdma.o
 .debug_loc     0x0000487e      0x4e1 ./drivers/CoreUARTapb/core_uart_apb.o
 .debug_loc     0x00004d5f      0xe08 ./drivers/CorePWM/core_pwm.o
 .debug_loc     0x00005b67      0xa4e ./drivers/CoreGPIO/core_gpio.o
 .debug_loc     0x000065b5      0x29f ./CMSIS/startup_gcc/newlib_stubs.o
 .debug_loc     0x00006854       0xc9 ./CMSIS/system_m2sxxx.o
 .debug_loc     0x0000691d      0x433 ./main.o

.debug_macinfo
 *(.debug_macinfo)

.debug_weaknames
 *(.debug_weaknames)

.debug_funcnames
 *(.debug_funcnames)

.debug_typenames
 *(.debug_typenames)

.debug_varnames
 *(.debug_varnames)

.note.gnu.arm.ident
 *(.note.gnu.arm.ident)

.ARM.attributes
                0x00000000       0x29
 *(.ARM.attributes)
 .ARM.attributes
                0x00000000       0x1d c:/microsemi/softconsole_v4.0/arm-none-eabi-gcc/bin/../lib/gcc/arm-none-eabi/4.9.3/armv7-m/crti.o
 .ARM.attributes
                0x0000001d       0x2d c:/microsemi/softconsole_v4.0/arm-none-eabi-gcc/bin/../lib/gcc/arm-none-eabi/4.9.3/armv7-m/crtbegin.o
 .ARM.attributes
                0x0000004a       0x1b c:/microsemi/softconsole_v4.0/arm-none-eabi-gcc/bin/../lib/gcc/arm-none-eabi/4.9.3/../../../../arm-none-eabi/lib/armv7-m/crt0.o
 .ARM.attributes
                0x00000065       0x21 ./hal/CortexM3/GNU/hal.o
 .ARM.attributes
                0x00000086       0x21 ./hal/CortexM3/GNU/hw_reg_access.o
 .ARM.attributes
                0x000000a7       0x33 ./hal/CortexM3/cortex_nvic.o
 .ARM.attributes
                0x000000da       0x33 ./drivers_config/sys_config/sys_config.o
 .ARM.attributes
                0x0000010d       0x33 ./drivers/mss_sys_services/mss_comblk.o
 .ARM.attributes
                0x00000140       0x33 ./drivers/mss_sys_services/mss_sys_services.o
 .ARM.attributes
                0x00000173       0x33 ./drivers/mss_spi/mss_spi.o
 .ARM.attributes
                0x000001a6       0x33 ./drivers/mss_rtc/mss_rtc.o
 .ARM.attributes
                0x000001d9       0x33 ./drivers/mss_nvm/mss_nvm.o
 .ARM.attributes
                0x0000020c       0x33 ./drivers/mss_hpdma/mss_hpdma.o
 .ARM.attributes
                0x0000023f       0x33 ./drivers/CoreUARTapb/core_uart_apb.o
 .ARM.attributes
                0x00000272       0x33 ./drivers/CorePWM/core_pwm.o
 .ARM.attributes
                0x000002a5       0x33 ./drivers/CoreGPIO/core_gpio.o
 .ARM.attributes
                0x000002d8       0x33 ./CMSIS/startup_gcc/newlib_stubs.o
 .ARM.attributes
                0x0000030b       0x21 ./CMSIS/startup_gcc/startup_m2sxxx.o
 .ARM.attributes
                0x0000032c       0x33 ./CMSIS/system_m2sxxx.o
 .ARM.attributes
                0x0000035f       0x33 ./main.o
 .ARM.attributes
                0x00000392       0x1d c:/microsemi/softconsole_v4.0/arm-none-eabi-gcc/bin/../lib/gcc/arm-none-eabi/4.9.3/armv7-m\libgcc.a(_arm_addsubdf3.o)
 .ARM.attributes
                0x000003af       0x1d c:/microsemi/softconsole_v4.0/arm-none-eabi-gcc/bin/../lib/gcc/arm-none-eabi/4.9.3/armv7-m\libgcc.a(_arm_muldivdf3.o)
 .ARM.attributes
                0x000003cc       0x1d c:/microsemi/softconsole_v4.0/arm-none-eabi-gcc/bin/../lib/gcc/arm-none-eabi/4.9.3/armv7-m\libgcc.a(_arm_truncdfsf2.o)
 .ARM.attributes
                0x000003e9       0x1d c:/microsemi/softconsole_v4.0/arm-none-eabi-gcc/bin/../lib/gcc/arm-none-eabi/4.9.3/armv7-m\libgcc.a(_arm_addsubsf3.o)
 .ARM.attributes
                0x00000406       0x1d c:/microsemi/softconsole_v4.0/arm-none-eabi-gcc/bin/../lib/gcc/arm-none-eabi/4.9.3/armv7-m\libgcc.a(_arm_cmpsf2.o)
 .ARM.attributes
                0x00000423       0x1d c:/microsemi/softconsole_v4.0/arm-none-eabi-gcc/bin/../lib/gcc/arm-none-eabi/4.9.3/armv7-m\libgcc.a(_arm_fixsfsi.o)
 .ARM.attributes
                0x00000440       0x2d c:/microsemi/softconsole_v4.0/arm-none-eabi-gcc/bin/../lib/gcc/arm-none-eabi/4.9.3/../../../../arm-none-eabi/lib/armv7-m\libg.a(lib_a-errno.o)
 .ARM.attributes
                0x0000046d       0x2d c:/microsemi/softconsole_v4.0/arm-none-eabi-gcc/bin/../lib/gcc/arm-none-eabi/4.9.3/../../../../arm-none-eabi/lib/armv7-m\libg.a(lib_a-exit.o)
 .ARM.attributes
                0x0000049a       0x2d c:/microsemi/softconsole_v4.0/arm-none-eabi-gcc/bin/../lib/gcc/arm-none-eabi/4.9.3/../../../../arm-none-eabi/lib/armv7-m\libg.a(lib_a-impure.o)
 .ARM.attributes
                0x000004c7       0x2d c:/microsemi/softconsole_v4.0/arm-none-eabi-gcc/bin/../lib/gcc/arm-none-eabi/4.9.3/../../../../arm-none-eabi/lib/armv7-m\libg.a(lib_a-init.o)
 .ARM.attributes
                0x000004f4       0x1b c:/microsemi/softconsole_v4.0/arm-none-eabi-gcc/bin/../lib/gcc/arm-none-eabi/4.9.3/../../../../arm-none-eabi/lib/armv7-m\libg.a(lib_a-memcpy.o)
 .ARM.attributes
                0x0000050f       0x2d c:/microsemi/softconsole_v4.0/arm-none-eabi-gcc/bin/../lib/gcc/arm-none-eabi/4.9.3/../../../../arm-none-eabi/lib/armv7-m\libg.a(lib_a-memset.o)
 .ARM.attributes
                0x0000053c       0x2d c:/microsemi/softconsole_v4.0/arm-none-eabi-gcc/bin/../lib/gcc/arm-none-eabi/4.9.3/../../../../arm-none-eabi/lib/armv7-m\libg.a(lib_a-__call_atexit.o)
 .ARM.attributes
                0x00000569       0x2d c:/microsemi/softconsole_v4.0/arm-none-eabi-gcc/bin/../lib/gcc/arm-none-eabi/4.9.3/../../../../arm-none-eabi/lib/armv7-m\libg.a(lib_a-atexit.o)
 .ARM.attributes
                0x00000596       0x2d c:/microsemi/softconsole_v4.0/arm-none-eabi-gcc/bin/../lib/gcc/arm-none-eabi/4.9.3/../../../../arm-none-eabi/lib/armv7-m\libg.a(lib_a-fini.o)
 .ARM.attributes
                0x000005c3       0x2d c:/microsemi/softconsole_v4.0/arm-none-eabi-gcc/bin/../lib/gcc/arm-none-eabi/4.9.3/../../../../arm-none-eabi/lib/armv7-m\libg.a(lib_a-__atexit.o)
 .ARM.attributes
                0x000005f0       0x2d c:/microsemi/softconsole_v4.0/arm-none-eabi-gcc/bin/../lib/gcc/arm-none-eabi/4.9.3/armv7-m/crtend.o
 .ARM.attributes
                0x0000061d       0x1d c:/microsemi/softconsole_v4.0/arm-none-eabi-gcc/bin/../lib/gcc/arm-none-eabi/4.9.3/armv7-m/crtn.o

/DISCARD/
 *(.note.GNU-stack)
OUTPUT(servoarm.elf elf32-littlearm)

.debug_ranges   0x00000000     0x1578
 .debug_ranges  0x00000000       0x38 ./hal/CortexM3/cortex_nvic.o
 .debug_ranges  0x00000038      0x340 ./drivers/mss_sys_services/mss_comblk.o
 .debug_ranges  0x00000378      0x770 ./drivers/mss_sys_services/mss_sys_services.o
 .debug_ranges  0x00000ae8      0x208 ./drivers/mss_spi/mss_spi.o
 .debug_ranges  0x00000cf0      0x188 ./drivers/mss_rtc/mss_rtc.o
 .debug_ranges  0x00000e78      0x1b0 ./drivers/mss_nvm/mss_nvm.o
 .debug_ranges  0x00001028       0xc0 ./drivers/mss_hpdma/mss_hpdma.o
 .debug_ranges  0x000010e8       0x38 ./drivers/CoreUARTapb/core_uart_apb.o
 .debug_ranges  0x00001120      0x100 ./drivers/CorePWM/core_pwm.o
 .debug_ranges  0x00001220       0xc8 ./drivers/CoreGPIO/core_gpio.o
 .debug_ranges  0x000012e8       0x98 ./CMSIS/startup_gcc/newlib_stubs.o
 .debug_ranges  0x00001380       0x68 ./CMSIS/system_m2sxxx.o
 .debug_ranges  0x000013e8      0x190 ./main.o

.debug_macro    0x00000000     0x50a8
 .debug_macro   0x00000000       0x67 ./hal/CortexM3/cortex_nvic.o
 .debug_macro   0x00000067      0x868 ./hal/CortexM3/cortex_nvic.o
 .debug_macro   0x000008cf       0x22 ./hal/CortexM3/cortex_nvic.o
 .debug_macro   0x000008f1       0x44 ./hal/CortexM3/cortex_nvic.o
 .debug_macro   0x00000935       0x58 ./hal/CortexM3/cortex_nvic.o
 .debug_macro   0x0000098d       0x22 ./hal/CortexM3/cortex_nvic.o
 .debug_macro   0x000009af      0x1df ./hal/CortexM3/cortex_nvic.o
 .debug_macro   0x00000b8e       0x10 ./hal/CortexM3/cortex_nvic.o
 .debug_macro   0x00000b9e       0xa9 ./drivers_config/sys_config/sys_config.o
 .debug_macro   0x00000c47       0x26 ./drivers_config/sys_config/sys_config.o
 .debug_macro   0x00000c6d       0x3a ./drivers_config/sys_config/sys_config.o
 .debug_macro   0x00000ca7       0x34 ./drivers_config/sys_config/sys_config.o
 .debug_macro   0x00000cdb      0xc83 ./drivers_config/sys_config/sys_config.o
 .debug_macro   0x0000195e      0x265 ./drivers_config/sys_config/sys_config.o
 .debug_macro   0x00001bc3       0x3a ./drivers_config/sys_config/sys_config.o
 .debug_macro   0x00001bfd       0x34 ./drivers_config/sys_config/sys_config.o
 .debug_macro   0x00001c31      0x10a ./drivers/mss_sys_services/mss_comblk.o
 .debug_macro   0x00001d3b      0x3ad ./drivers/mss_sys_services/mss_sys_services.o
 .debug_macro   0x000020e8      0x2f8 ./drivers/mss_sys_services/mss_sys_services.o
 .debug_macro   0x000023e0       0x58 ./drivers/mss_sys_services/mss_sys_services.o
 .debug_macro   0x00002438       0x35 ./drivers/mss_sys_services/mss_sys_services.o
 .debug_macro   0x0000246d       0x9c ./drivers/mss_sys_services/mss_sys_services.o
 .debug_macro   0x00002509      0x16d ./drivers/mss_sys_services/mss_sys_services.o
 .debug_macro   0x00002676       0x52 ./drivers/mss_sys_services/mss_sys_services.o
 .debug_macro   0x000026c8       0x16 ./drivers/mss_sys_services/mss_sys_services.o
 .debug_macro   0x000026de       0x43 ./drivers/mss_sys_services/mss_sys_services.o
 .debug_macro   0x00002721      0x180 ./drivers/mss_sys_services/mss_sys_services.o
 .debug_macro   0x000028a1      0x27a ./drivers/mss_sys_services/mss_sys_services.o
 .debug_macro   0x00002b1b       0x10 ./drivers/mss_sys_services/mss_sys_services.o
 .debug_macro   0x00002b2b       0x35 ./drivers/mss_sys_services/mss_sys_services.o
 .debug_macro   0x00002b60      0x223 ./drivers/mss_spi/mss_spi.o
 .debug_macro   0x00002d83      0x1eb ./drivers/mss_rtc/mss_rtc.o
 .debug_macro   0x00002f6e       0x4a ./drivers/mss_rtc/mss_rtc.o
 .debug_macro   0x00002fb8      0x251 ./drivers/mss_nvm/mss_nvm.o
 .debug_macro   0x00003209       0x16 ./drivers/mss_nvm/mss_nvm.o
 .debug_macro   0x0000321f       0xf9 ./drivers/mss_hpdma/mss_hpdma.o
 .debug_macro   0x00003318       0x10 ./drivers/mss_hpdma/mss_hpdma.o
 .debug_macro   0x00003328       0xd8 ./drivers/CoreUARTapb/core_uart_apb.o
 .debug_macro   0x00003400       0x64 ./drivers/CoreUARTapb/core_uart_apb.o
 .debug_macro   0x00003464      0x106 ./drivers/CoreUARTapb/core_uart_apb.o
 .debug_macro   0x0000356a       0x46 ./drivers/CoreUARTapb/core_uart_apb.o
 .debug_macro   0x000035b0       0xbc ./drivers/CorePWM/core_pwm.o
 .debug_macro   0x0000366c       0x12 ./drivers/CorePWM/core_pwm.o
 .debug_macro   0x0000367e      0x191 ./drivers/CorePWM/core_pwm.o
 .debug_macro   0x0000380f       0xcc ./drivers/CoreGPIO/core_gpio.o
 .debug_macro   0x000038db      0x11c ./drivers/CoreGPIO/core_gpio.o
 .debug_macro   0x000039f7       0x64 ./drivers/CoreGPIO/core_gpio.o
 .debug_macro   0x00003a5b      0x186 ./CMSIS/startup_gcc/newlib_stubs.o
 .debug_macro   0x00003be1       0x16 ./CMSIS/startup_gcc/newlib_stubs.o
 .debug_macro   0x00003bf7      0x10e ./CMSIS/startup_gcc/newlib_stubs.o
 .debug_macro   0x00003d05       0x86 ./CMSIS/startup_gcc/newlib_stubs.o
 .debug_macro   0x00003d8b       0x4a ./CMSIS/startup_gcc/newlib_stubs.o
 .debug_macro   0x00003dd5       0x16 ./CMSIS/startup_gcc/newlib_stubs.o
 .debug_macro   0x00003deb       0x29 ./CMSIS/startup_gcc/newlib_stubs.o
 .debug_macro   0x00003e14       0x16 ./CMSIS/startup_gcc/newlib_stubs.o
 .debug_macro   0x00003e2a       0x10 ./CMSIS/startup_gcc/newlib_stubs.o
 .debug_macro   0x00003e3a       0x22 ./CMSIS/startup_gcc/newlib_stubs.o
 .debug_macro   0x00003e5c       0xbe ./CMSIS/startup_gcc/newlib_stubs.o
 .debug_macro   0x00003f1a      0x48e ./CMSIS/startup_gcc/newlib_stubs.o
 .debug_macro   0x000043a8       0x16 ./CMSIS/startup_gcc/newlib_stubs.o
 .debug_macro   0x000043be       0x10 ./CMSIS/startup_gcc/newlib_stubs.o
 .debug_macro   0x000043ce       0x10 ./CMSIS/startup_gcc/newlib_stubs.o
 .debug_macro   0x000043de       0x10 ./CMSIS/startup_gcc/newlib_stubs.o
 .debug_macro   0x000043ee       0x35 ./CMSIS/startup_gcc/newlib_stubs.o
 .debug_macro   0x00004423      0x122 ./CMSIS/startup_gcc/newlib_stubs.o
 .debug_macro   0x00004545       0x10 ./CMSIS/startup_gcc/newlib_stubs.o
 .debug_macro   0x00004555      0x241 ./CMSIS/startup_gcc/newlib_stubs.o
 .debug_macro   0x00004796      0x155 ./CMSIS/system_m2sxxx.o
 .debug_macro   0x000048eb      0x319 ./main.o
 .debug_macro   0x00004c04       0x22 ./main.o
 .debug_macro   0x00004c26      0x122 ./main.o
 .debug_macro   0x00004d48       0x16 ./main.o
 .debug_macro   0x00004d5e       0x97 ./main.o
 .debug_macro   0x00004df5       0xf6 ./main.o
 .debug_macro   0x00004eeb       0x10 ./main.o
 .debug_macro   0x00004efb       0x16 ./main.o
 .debug_macro   0x00004f11      0x197 ./main.o

.comment        0x00000000       0x70
 .comment       0x00000000       0x70 ./hal/CortexM3/cortex_nvic.o
                                 0x71 (size before relaxing)
 .comment       0x00000000       0x71 ./drivers_config/sys_config/sys_config.o
 .comment       0x00000000       0x71 ./drivers/mss_sys_services/mss_comblk.o
 .comment       0x00000000       0x71 ./drivers/mss_sys_services/mss_sys_services.o
 .comment       0x00000000       0x71 ./drivers/mss_spi/mss_spi.o
 .comment       0x00000000       0x71 ./drivers/mss_rtc/mss_rtc.o
 .comment       0x00000000       0x71 ./drivers/mss_nvm/mss_nvm.o
 .comment       0x00000000       0x71 ./drivers/mss_hpdma/mss_hpdma.o
 .comment       0x00000000       0x71 ./drivers/CoreUARTapb/core_uart_apb.o
 .comment       0x00000000       0x71 ./drivers/CorePWM/core_pwm.o
 .comment       0x00000000       0x71 ./drivers/CoreGPIO/core_gpio.o
 .comment       0x00000000       0x71 ./CMSIS/startup_gcc/newlib_stubs.o
 .comment       0x00000000       0x71 ./CMSIS/system_m2sxxx.o
 .comment       0x00000000       0x71 ./main.o
