Archive member included to satisfy reference by file (symbol)

c:/microsemi/softconsole_v5.1/arm-none-eabi-gcc/bin/../lib/gcc/arm-none-eabi/6.3.1/thumb/v7-m\libgcc.a(_arm_addsubdf3.o)
                              ./src/MCP3909.o (__aeabi_dsub)
c:/microsemi/softconsole_v5.1/arm-none-eabi-gcc/bin/../lib/gcc/arm-none-eabi/6.3.1/thumb/v7-m\libgcc.a(_arm_muldivdf3.o)
                              ./main.o (__aeabi_dmul)
c:/microsemi/softconsole_v5.1/arm-none-eabi-gcc/bin/../lib/gcc/arm-none-eabi/6.3.1/../../../../arm-none-eabi/lib/thumb/v7-m\libg_nano.a(lib_a-exit.o)
                              c:/microsemi/softconsole_v5.1/arm-none-eabi-gcc/bin/../lib/gcc/arm-none-eabi/6.3.1/../../../../arm-none-eabi/lib/thumb/v7-m/rdimon-crt0.o (exit)
c:/microsemi/softconsole_v5.1/arm-none-eabi-gcc/bin/../lib/gcc/arm-none-eabi/6.3.1/../../../../arm-none-eabi/lib/thumb/v7-m\libg_nano.a(lib_a-impure.o)
                              c:/microsemi/softconsole_v5.1/arm-none-eabi-gcc/bin/../lib/gcc/arm-none-eabi/6.3.1/../../../../arm-none-eabi/lib/thumb/v7-m\libg_nano.a(lib_a-exit.o) (_global_impure_ptr)
c:/microsemi/softconsole_v5.1/arm-none-eabi-gcc/bin/../lib/gcc/arm-none-eabi/6.3.1/../../../../arm-none-eabi/lib/thumb/v7-m\libg_nano.a(lib_a-init.o)
                              c:/microsemi/softconsole_v5.1/arm-none-eabi-gcc/bin/../lib/gcc/arm-none-eabi/6.3.1/../../../../arm-none-eabi/lib/thumb/v7-m/rdimon-crt0.o (__libc_init_array)
c:/microsemi/softconsole_v5.1/arm-none-eabi-gcc/bin/../lib/gcc/arm-none-eabi/6.3.1/../../../../arm-none-eabi/lib/thumb/v7-m\libg_nano.a(lib_a-memcpy-stub.o)
                              ./drivers/mss_sys_services/mss_sys_services.o (memcpy)
c:/microsemi/softconsole_v5.1/arm-none-eabi-gcc/bin/../lib/gcc/arm-none-eabi/6.3.1/../../../../arm-none-eabi/lib/thumb/v7-m\libg_nano.a(lib_a-memset.o)
                              c:/microsemi/softconsole_v5.1/arm-none-eabi-gcc/bin/../lib/gcc/arm-none-eabi/6.3.1/../../../../arm-none-eabi/lib/thumb/v7-m/rdimon-crt0.o (memset)
c:/microsemi/softconsole_v5.1/arm-none-eabi-gcc/bin/../lib/gcc/arm-none-eabi/6.3.1/../../../../arm-none-eabi/lib/thumb/v7-m\libg_nano.a(lib_a-nano-vfprintf_float.o)
                              (_printf_float)
c:/microsemi/softconsole_v5.1/arm-none-eabi-gcc/bin/../lib/gcc/arm-none-eabi/6.3.1/../../../../arm-none-eabi/lib/thumb/v7-m\libg_nano.a(lib_a-nano-vfprintf_i.o)
                              c:/microsemi/softconsole_v5.1/arm-none-eabi-gcc/bin/../lib/gcc/arm-none-eabi/6.3.1/../../../../arm-none-eabi/lib/thumb/v7-m\libg_nano.a(lib_a-nano-vfprintf_float.o) (_printf_common)
c:/microsemi/softconsole_v5.1/arm-none-eabi-gcc/bin/../lib/gcc/arm-none-eabi/6.3.1/../../../../arm-none-eabi/lib/thumb/v7-m\libg_nano.a(lib_a-printf.o)
                              ./main.o (printf)
c:/microsemi/softconsole_v5.1/arm-none-eabi-gcc/bin/../lib/gcc/arm-none-eabi/6.3.1/../../../../arm-none-eabi/lib/thumb/v7-m\libg_nano.a(lib_a-strlen.o)
                              c:/microsemi/softconsole_v5.1/arm-none-eabi-gcc/bin/../lib/gcc/arm-none-eabi/6.3.1/../../../../arm-none-eabi/lib/thumb/v7-m\libg_nano.a(lib_a-nano-vfprintf_float.o) (strlen)
c:/microsemi/softconsole_v5.1/arm-none-eabi-gcc/bin/../lib/gcc/arm-none-eabi/6.3.1/../../../../arm-none-eabi/lib/thumb/v7-m\libg_nano.a(lib_a-dtoa.o)
                              c:/microsemi/softconsole_v5.1/arm-none-eabi-gcc/bin/../lib/gcc/arm-none-eabi/6.3.1/../../../../arm-none-eabi/lib/thumb/v7-m\libg_nano.a(lib_a-nano-vfprintf_float.o) (_dtoa_r)
c:/microsemi/softconsole_v5.1/arm-none-eabi-gcc/bin/../lib/gcc/arm-none-eabi/6.3.1/../../../../arm-none-eabi/lib/thumb/v7-m\libg_nano.a(lib_a-findfp.o)
                              c:/microsemi/softconsole_v5.1/arm-none-eabi-gcc/bin/../lib/gcc/arm-none-eabi/6.3.1/../../../../arm-none-eabi/lib/thumb/v7-m\libg_nano.a(lib_a-printf.o) (__sinit)
c:/microsemi/softconsole_v5.1/arm-none-eabi-gcc/bin/../lib/gcc/arm-none-eabi/6.3.1/../../../../arm-none-eabi/lib/thumb/v7-m\libg_nano.a(lib_a-fwalk.o)
                              c:/microsemi/softconsole_v5.1/arm-none-eabi-gcc/bin/../lib/gcc/arm-none-eabi/6.3.1/../../../../arm-none-eabi/lib/thumb/v7-m\libg_nano.a(lib_a-findfp.o) (_fwalk)
c:/microsemi/softconsole_v5.1/arm-none-eabi-gcc/bin/../lib/gcc/arm-none-eabi/6.3.1/../../../../arm-none-eabi/lib/thumb/v7-m\libg_nano.a(lib_a-localeconv.o)
                              c:/microsemi/softconsole_v5.1/arm-none-eabi-gcc/bin/../lib/gcc/arm-none-eabi/6.3.1/../../../../arm-none-eabi/lib/thumb/v7-m\libg_nano.a(lib_a-nano-vfprintf_float.o) (_localeconv_r)
c:/microsemi/softconsole_v5.1/arm-none-eabi-gcc/bin/../lib/gcc/arm-none-eabi/6.3.1/../../../../arm-none-eabi/lib/thumb/v7-m\libg_nano.a(lib_a-malloc.o)
                              c:/microsemi/softconsole_v5.1/arm-none-eabi-gcc/bin/../lib/gcc/arm-none-eabi/6.3.1/../../../../arm-none-eabi/lib/thumb/v7-m\libg_nano.a(lib_a-dtoa.o) (malloc)
[...]
Memory Configuration

Name             Origin             Length             Attributes
ram              0x20000000         0x00010000         xrw
*default*        0x00000000         0xffffffff

Linker script and memory map

LOAD c:/microsemi/softconsole_v5.1/arm-none-eabi-gcc/bin/../lib/gcc/arm-none-eabi/6.3.1/thumb/v7-m/crti.o
LOAD c:/microsemi/softconsole_v5.1/arm-none-eabi-gcc/bin/../lib/gcc/arm-none-eabi/6.3.1/thumb/v7-m/crtbegin.o
LOAD c:/microsemi/softconsole_v5.1/arm-none-eabi-gcc/bin/../lib/gcc/arm-none-eabi/6.3.1/../../../../arm-none-eabi/lib/thumb/v7-m/rdimon-crt0.o
LOAD ./src/MCP3909.o
LOAD ./src/demo.o
LOAD ./hal/CortexM3/GNU/hal.o
LOAD ./hal/CortexM3/GNU/hw_reg_access.o
LOAD ./hal/CortexM3/cortex_nvic.o
LOAD ./drivers_config/sys_config/sys_config.o
LOAD ./drivers/mss_sys_services/mss_comblk.o
LOAD ./drivers/mss_sys_services/mss_sys_services.o
LOAD ./drivers/mss_spi/mss_spi.o
LOAD ./drivers/mss_rtc/mss_rtc.o
LOAD ./drivers/mss_nvm/mss_nvm.o
LOAD ./drivers/mss_hpdma/mss_hpdma.o
LOAD ./drivers/CoreUARTapb/core_uart_apb.o
LOAD ./drivers/CoreSPI/core_spi.o
LOAD ./drivers/CorePWM/core_pwm.o
LOAD ./drivers/CoreI2C/core_i2c.o
LOAD ./drivers/CoreI2C/i2c_interrupt.o
LOAD ./drivers/CoreGPIO/core_gpio.o
LOAD ./CMSIS/startup_gcc/startup_m2sxxx.o
LOAD ./CMSIS/system_m2sxxx.o
LOAD ./main.o
START GROUP
LOAD c:/microsemi/softconsole_v5.1/arm-none-eabi-gcc/bin/../lib/gcc/arm-none-eabi/6.3.1/thumb/v7-m\libgcc.a
LOAD c:/microsemi/softconsole_v5.1/arm-none-eabi-gcc/bin/../lib/gcc/arm-none-eabi/6.3.1/../../../../arm-none-eabi/lib/thumb/v7-m\libg_nano.a
LOAD c:/microsemi/softconsole_v5.1/arm-none-eabi-gcc/bin/../lib/gcc/arm-none-eabi/6.3.1/../../../../arm-none-eabi/lib/thumb/v7-m\libc_nano.a
END GROUP
START GROUP
LOAD c:/microsemi/softconsole_v5.1/arm-none-eabi-gcc/bin/../lib/gcc/arm-none-eabi/6.3.1/thumb/v7-m\libgcc.a
LOAD c:/microsemi/softconsole_v5.1/arm-none-eabi-gcc/bin/../lib/gcc/arm-none-eabi/6.3.1/../../../../arm-none-eabi/lib/thumb/v7-m\libc_nano.a
LOAD c:/microsemi/softconsole_v5.1/arm-none-eabi-gcc/bin/../lib/gcc/arm-none-eabi/6.3.1/../../../../arm-none-eabi/lib/thumb/v7-m\librdimon_nano.a
END GROUP
START GROUP
LOAD c:/microsemi/softconsole_v5.1/arm-none-eabi-gcc/bin/../lib/gcc/arm-none-eabi/6.3.1/thumb/v7-m\libgcc.a
LOAD c:/microsemi/softconsole_v5.1/arm-none-eabi-gcc/bin/../lib/gcc/arm-none-eabi/6.3.1/../../../../arm-none-eabi/lib/thumb/v7-m\libc_nano.a
LOAD c:/microsemi/softconsole_v5.1/arm-none-eabi-gcc/bin/../lib/gcc/arm-none-eabi/6.3.1/../../../../arm-none-eabi/lib/thumb/v7-m\librdimon_nano.a
END GROUP
LOAD c:/microsemi/softconsole_v5.1/arm-none-eabi-gcc/bin/../lib/gcc/arm-none-eabi/6.3.1/thumb/v7-m/crtend.o
LOAD c:/microsemi/softconsole_v5.1/arm-none-eabi-gcc/bin/../lib/gcc/arm-none-eabi/6.3.1/thumb/v7-m/crtn.o
START GROUP
LOAD c:/microsemi/softconsole_v5.1/arm-none-eabi-gcc/bin/../lib/gcc/arm-none-eabi/6.3.1/../../../../arm-none-eabi/lib/thumb/v7-m\libc.a
LOAD c:/microsemi/softconsole_v5.1/arm-none-eabi-gcc/bin/../lib/gcc/arm-none-eabi/6.3.1/thumb/v7-m\libgcc.a
LOAD c:/microsemi/softconsole_v5.1/arm-none-eabi-gcc/bin/../lib/gcc/arm-none-eabi/6.3.1/../../../../arm-none-eabi/lib/thumb/v7-m\libm.a
END GROUP
                0x00000000                __DYNAMIC = 0x0
                0x20000000                RAM_START_ADDRESS = 0x20000000
                0x00010000                RAM_SIZE = 0x10000
                0x00001000                MAIN_STACK_SIZE = 0x1000
                0x00001000                MIN_SIZE_HEAP = 0x1000
                0x20010000                PROVIDE (__main_stack_start, (RAM_START_ADDRESS + RAM_SIZE))
                [!provide]                PROVIDE (_estack, __main_stack_start)
                0x00000000                PROVIDE (__mirrored_nvm, 0x0)
                0x00000000                PROVIDE (__smartfusion2_memory_remap, 0x0)

.vector_table   0x20000000      0x190
                0x20000000                __vector_table_load = LOADADDR (.vector_table)
                0x20000000                __vector_table_start = .
                0x20000000                __vector_table_vma_base_address = .
 *(.isr_vector)
 .isr_vector    0x20000000      0x190 ./CMSIS/startup_gcc/startup_m2sxxx.o
                0x20000000                g_pfnVectors
                0x20000190                . = ALIGN (0x10)
                0x20000190                _evector_table = .

.boot_code      0x20000190      0x320
 *(.boot_code)
 .boot_code     0x20000190      0x31c ./CMSIS/startup_gcc/startup_m2sxxx.o
                0x20000190                Reset_Handler
                0x2000037e                NMI_Handler
                0x20000380                HardFault_Handler
                0x20000382                MemManage_Handler
                0x20000384                BusFault_Handler
                0x20000386                UsageFault_Handler
                0x20000388                SVC_Handler
                0x2000038a                DebugMon_Handler
                0x2000038c                PendSV_Handler
                0x2000038e                SysTick_Handler
                0x20000390                WdogWakeup_IRQHandler
                0x20000392                RTC_Wakeup_IRQHandler
                0x20000398                I2C0_IRQHandler
                0x2000039a                I2C0_SMBAlert_IRQHandler
                0x2000039c                I2C0_SMBus_IRQHandler
                0x2000039e                I2C1_IRQHandler
                0x200003a0                I2C1_SMBAlert_IRQHandler
                0x200003a2                I2C1_SMBus_IRQHandler
                0x200003a4                UART0_IRQHandler
                0x200003a6                UART1_IRQHandler
                0x200003a8                EthernetMAC_IRQHandler
                0x200003aa                DMA_IRQHandler
                0x200003ae                Timer2_IRQHandler
                0x200003b0                CAN_IRQHandler
                0x200003b2                ENVM0_IRQHandler
                0x200003b4                ENVM1_IRQHandler
                0x200003b8                USB_IRQHandler
                0x200003ba                USB_DMA_IRQHandler
                0x200003bc                PLL_Lock_IRQHandler
                0x200003be                PLL_LockLost_IRQHandler
                0x200003c0                CommSwitchError_IRQHandler
                0x200003c2                CacheError_IRQHandler
                0x200003c4                DDR_IRQHandler
                0x200003ca                ECC_Error_IRQHandler
                0x200003cc                MDDR_IOCalib_IRQHandler
                0x200003ce                FAB_PLL_Lock_IRQHandler
                0x200003d0                FAB_PLL_LockLost_IRQHandler
                0x200003d2                FIC64_IRQHandler
                0x200003d4                FabricIrq0_IRQHandler
                0x200003da                FabricIrq3_IRQHandler
                0x200003dc                FabricIrq4_IRQHandler
                0x200003de                FabricIrq5_IRQHandler
                0x200003e0                FabricIrq6_IRQHandler
                0x200003e2                FabricIrq7_IRQHandler
                0x200003e4                FabricIrq8_IRQHandler
                0x200003e6                FabricIrq9_IRQHandler
                0x200003e8                FabricIrq10_IRQHandler
                0x200003ea                FabricIrq11_IRQHandler
                0x200003ec                FabricIrq12_IRQHandler
                0x200003ee                FabricIrq13_IRQHandler
                0x200003f0                FabricIrq14_IRQHandler
                0x200003f2                FabricIrq15_IRQHandler
                0x200003f4                GPIO0_IRQHandler
                0x200003f6                GPIO1_IRQHandler
                0x200003f8                GPIO2_IRQHandler
                0x200003fa                GPIO3_IRQHandler
                0x200003fc                GPIO4_IRQHandler
                0x200003fe                GPIO5_IRQHandler
                0x20000400                GPIO6_IRQHandler
                0x20000402                GPIO7_IRQHandler
                0x20000404                GPIO8_IRQHandler
                0x20000406                GPIO9_IRQHandler
                0x20000408                GPIO10_IRQHandler
                0x2000040a                GPIO11_IRQHandler
                0x2000040c                GPIO12_IRQHandler
                0x2000040e                GPIO13_IRQHandler
                0x20000410                GPIO14_IRQHandler
                0x20000412                GPIO15_IRQHandler
                0x20000414                GPIO16_IRQHandler
                0x20000416                GPIO17_IRQHandler
                0x20000418                GPIO18_IRQHandler
                0x2000041a                GPIO19_IRQHandler
                0x2000041c                GPIO20_IRQHandler
                0x2000041e                GPIO21_IRQHandler
                0x20000420                GPIO22_IRQHandler
                0x20000422                GPIO23_IRQHandler
                0x20000424                GPIO24_IRQHandler
                0x20000426                GPIO25_IRQHandler
                0x20000428                GPIO26_IRQHandler
                0x2000042a                GPIO27_IRQHandler
                0x2000042c                GPIO28_IRQHandler
                0x2000042e                GPIO29_IRQHandler
                0x20000430                GPIO30_IRQHandler
                0x20000432                GPIO31_IRQHandler
                0x20000434                mscc_post_hw_cfg_init
                0x200004b0                . = ALIGN (0x10)
 *fill*         0x200004ac        0x4 

.text           0x200004b0     0x5db0
 CREATE_OBJECT_SYMBOLS
                0x200004b0                __text_load = LOADADDR (.text)
                0x200004b0                __text_start = .
 *(.text .text.* .gnu.linkonce.t.*)
 .text          0x200004b0       0x6c c:/microsemi/softconsole_v5.1/arm-none-eabi-gcc/bin/../lib/gcc/arm-none-eabi/6.3.1/thumb/v7-m/crtbegin.o
 .text.MCP3903ResetOSR
                0x2000051c       0x4c ./src/MCP3909.o
                0x2000051c                MCP3903ResetOSR
 .text.MCP3903ReadRegister
                0x20000568       0x84 ./src/MCP3909.o
                0x20000568                MCP3903ReadRegister
 .text.MCP3903WriteRegister
                0x200005ec       0x6c ./src/MCP3909.o
                0x200005ec                MCP3903WriteRegister
 .text.MCP3903ReadADC
                0x20000658       0x90 ./src/MCP3909.o
                0x20000658                MCP3903ReadADC
 .text.MCP3903SetGain
                0x200006e8       0x28 ./src/MCP3909.o
                0x200006e8                MCP3903SetGain
 .text.MCP3903SetGainCB
                0x20000710       0x8e ./src/MCP3909.o
                0x20000710                MCP3903SetGainCB
 .text          0x2000079e       0x90 ./hal/CortexM3/GNU/hw_reg_access.o
                0x2000079e                HW_set_32bit_reg
                0x200007a2                HW_get_32bit_reg
                0x200007a6                HW_set_32bit_reg_field
                0x200007c2                HW_get_32bit_reg_field
                0x200007ce                HW_set_16bit_reg
                0x200007d2                HW_get_16bit_reg
                0x200007d6                HW_set_16bit_reg_field
                0x200007f2                HW_get_16bit_reg_field
                0x200007fe                HW_set_8bit_reg
                0x20000802                HW_get_8bit_reg
                0x20000806                HW_set_8bit_reg_field
                0x20000822                HW_get_8bit_reg_field
 *fill*         0x2000082e        0x2 
 .text.ComBlk_IRQHandler
                0x20000830       0x48 ./drivers/mss_sys_services/mss_comblk.o
                0x20000830                ComBlk_IRQHandler
 .text.handle_tx_okay_irq
                0x20000878      0x1ac ./drivers/mss_sys_services/mss_comblk.o
 .text.handle_rx_okay_irq
                0x20000a24      0x210 ./drivers/mss_sys_services/mss_comblk.o
 .text.complete_request
                0x20000c34       0x40 ./drivers/mss_sys_services/mss_comblk.o
 .text.abort_current_cmd
                0x20000c74       0x4c ./drivers/mss_sys_services/mss_comblk.o
 .text.fill_tx_fifo
                0x20000cc0       0x60 ./drivers/mss_sys_services/mss_comblk.o
 .text.process_sys_ctrl_command
                0x20000d20       0x28 ./drivers/mss_sys_services/mss_comblk.o
 .text.NVIC_ClearPendingIRQ
                0x20000d48       0x34 ./drivers/mss_spi/mss_spi.o
 .text.recover_from_rx_overflow
                0x20000d7c      0x128 ./drivers/mss_spi/mss_spi.o
 .text.fill_slave_tx_fifo
                0x20000ea4       0xd6 ./drivers/mss_spi/mss_spi.o
 .text.read_slave_rx_fifo
                0x20000f7a       0xa6 ./drivers/mss_spi/mss_spi.o
 .text.mss_spi_isr
                0x20001020      0x280 ./drivers/mss_spi/mss_spi.o
 .text.SPI0_IRQHandler
                0x200012a0       0x24 ./drivers/mss_spi/mss_spi.o
                0x200012a0                SPI0_IRQHandler
 .text.SPI1_IRQHandler
                0x200012c4       0x24 ./drivers/mss_spi/mss_spi.o
                0x200012c4                SPI1_IRQHandler
 .text.start_transfer
                0x200012e8      0x150 ./drivers/mss_hpdma/mss_hpdma.o
 .text.HPDMA_Complete_IRQHandler
                0x20001438       0xf8 ./drivers/mss_hpdma/mss_hpdma.o
                0x20001438                HPDMA_Complete_IRQHandler
 .text.HPDMA_Error_IRQHandler
                0x20001530      0x100 ./drivers/mss_hpdma/mss_hpdma.o
                0x20001530                HPDMA_Error_IRQHandler
 .text.UART_init
                0x20001630      0x112 ./drivers/CoreUARTapb/core_uart_apb.o
                0x20001630                UART_init
 .text.UART_get_rx
                0x20001742       0xc0 ./drivers/CoreUARTapb/core_uart_apb.o
                0x20001742                UART_get_rx
 .text.UART_get_rx_status
                0x20001802       0x3a ./drivers/CoreUARTapb/core_uart_apb.o
                0x20001802                UART_get_rx_status
 .text.SPI_init
                0x2000183c       0xc2 ./drivers/CoreSPI/core_spi.o
                0x2000183c                SPI_init
 .text.SPI_configure_master_mode
                0x200018fe       0x6a ./drivers/CoreSPI/core_spi.o
                0x200018fe                SPI_configure_master_mode
 .text.SPI_set_slave_select
                0x20001968       0x92 ./drivers/CoreSPI/core_spi.o
                0x20001968                SPI_set_slave_select
 .text.SPI_clear_slave_select
                0x200019fa       0x96 ./drivers/CoreSPI/core_spi.o
                0x200019fa                SPI_clear_slave_select
 .text.SPI_transfer_frame
                0x20001a90       0x7e ./drivers/CoreSPI/core_spi.o
                0x20001a90                SPI_transfer_frame
 .text.recover_from_rx_overflow
                0x20001b0e       0x48 ./drivers/CoreSPI/core_spi.o
 .text.PWM_init
                0x20001b56      0x13a ./drivers/CorePWM/core_pwm.o
                0x20001b56                PWM_init
 .text.PWM_enable
                0x20001c90       0x94 ./drivers/CorePWM/core_pwm.o
                0x20001c90                PWM_enable
 .text.PWM_disable
                0x20001d24       0x9c ./drivers/CorePWM/core_pwm.o
                0x20001d24                PWM_disable
 .text.PWM_set_duty_cycle
                0x20001dc0       0xc4 ./drivers/CorePWM/core_pwm.o
                0x20001dc0                PWM_set_duty_cycle
 .text.GPIO_init
                0x20001e84       0xd2 ./drivers/CoreGPIO/core_gpio.o
                0x20001e84                GPIO_init
 .text.GPIO_config
                0x20001f56       0x4e ./drivers/CoreGPIO/core_gpio.o
                0x20001f56                GPIO_config
 .text.GPIO_set_outputs
                0x20001fa4       0xc8 ./drivers/CoreGPIO/core_gpio.o
                0x20001fa4                GPIO_set_outputs
 .text.GPIO_get_outputs
                0x2000206c       0xcc ./drivers/CoreGPIO/core_gpio.o
                0x2000206c                GPIO_get_outputs
 .text.GPIO_enable_irq
                0x20002138       0x4e ./drivers/CoreGPIO/core_gpio.o
                0x20002138                GPIO_enable_irq
 .text.GPIO_disable_irq
                0x20002186       0x4e ./drivers/CoreGPIO/core_gpio.o
                0x20002186                GPIO_disable_irq
 .text.GPIO_clear_irq
                0x200021d4       0xb4 ./drivers/CoreGPIO/core_gpio.o
                0x200021d4                GPIO_clear_irq
 .text.SystemInit
                0x20002288       0x20 ./CMSIS/system_m2sxxx.o
                0x20002288                SystemInit
 .text.SystemCoreClockUpdate
                0x200022a8       0xfc ./CMSIS/system_m2sxxx.o
                0x200022a8                SystemCoreClockUpdate
 .text.get_rcosc_25_50mhz_frequency
                0x200023a4       0x3c ./CMSIS/system_m2sxxx.o
 .text.set_clock_frequency_globals
                0x200023e0       0x5c ./CMSIS/system_m2sxxx.o
 .text.get_silicon_revision
                0x2000243c       0x48 ./CMSIS/system_m2sxxx.o
 .text.silicon_workarounds
                0x20002484       0x22 ./CMSIS/system_m2sxxx.o
 *fill*         0x200024a6        0x2 
 .text.m2s050_rev_a_workarounds
                0x200024a8       0x30 ./CMSIS/system_m2sxxx.o
 .text.NVIC_EnableIRQ
                0x200024d8       0x30 ./main.o
 .text.NVIC_DisableIRQ
                0x20002508       0x34 ./main.o
 .text.NVIC_ClearPendingIRQ
                0x2000253c       0x34 ./main.o
 .text.NVIC_SetPriority
                0x20002570       0x54 ./main.o
 .text.MSS_TIM1_init
                0x200025c4       0x5c ./main.o
 .text.MSS_TIM1_start
                0x20002620       0x18 ./main.o
 .text.MSS_TIM1_load_immediate
                0x20002638       0x1a ./main.o
 *fill*         0x20002652        0x2 
 .text.MSS_TIM1_enable_irq
                0x20002654       0x1c ./main.o
 .text.MSS_TIM1_disable_irq
                0x20002670       0x1c ./main.o
 .text.MSS_TIM1_clear_irq
                0x2000268c       0x18 ./main.o
 *fill*         0x200026a4        0x4 
 .text.main     0x200026a8      0x1f8 ./main.o
                0x200026a8                main
 .text.Timer1_IRQHandler
                0x200028a0       0x1c ./main.o
                0x200028a0                Timer1_IRQHandler
 .text.FabricIrq1_IRQHandler
                0x200028bc       0x5c ./main.o
                0x200028bc                FabricIrq1_IRQHandler
 .text.FabricIrq2_IRQHandler
                0x20002918       0x30 ./main.o
                0x20002918                FabricIrq2_IRQHandler
 .text.delay    0x20002948       0x2e ./main.o
                0x20002948                delay
 *fill*         0x20002976        0x2 
 .text          0x20002978      0x370 c:/microsemi/softconsole_v5.1/arm-none-eabi-gcc/bin/../lib/gcc/arm-none-eabi/6.3.1/thumb/v7-m\libgcc.a(_arm_addsubdf3.o)
                0x20002978                __aeabi_drsub
                0x20002980                __aeabi_dsub
                0x20002980                __subdf3
                0x20002984                __aeabi_dadd
                0x20002984                __adddf3
                0x20002bfc                __floatunsidf
                0x20002bfc                __aeabi_ui2d
                0x20002c1c                __floatsidf
                0x20002c1c                __aeabi_i2d
                0x20002c40                __aeabi_f2d
                0x20002c40                __extendsfdf2
                0x20002c7c                __floatundidf
                0x20002c7c                __aeabi_ul2d
                0x20002c8c                __floatdidf
                0x20002c8c                __aeabi_l2d
 .text          0x20002ce8      0x424 c:/microsemi/softconsole_v5.1/arm-none-eabi-gcc/bin/../lib/gcc/arm-none-eabi/6.3.1/thumb/v7-m\libgcc.a(_arm_muldivdf3.o)
                0x20002ce8                __aeabi_dmul
                0x20002ce8                __muldf3
                0x20002f3c                __divdf3
                0x20002f3c                __aeabi_ddiv
 .text.__libc_init_array
                0x2000310c       0x48 c:/microsemi/softconsole_v5.1/arm-none-eabi-gcc/bin/../lib/gcc/arm-none-eabi/6.3.1/../../../../arm-none-eabi/lib/thumb/v7-m\libg_nano.a(lib_a-init.o)
                0x2000310c                __libc_init_array
 .text.memcpy   0x20003154       0x16 c:/microsemi/softconsole_v5.1/arm-none-eabi-gcc/bin/../lib/gcc/arm-none-eabi/6.3.1/../../../../arm-none-eabi/lib/thumb/v7-m\libg_nano.a(lib_a-memcpy-stub.o)
                0x20003154                memcpy
 .text.memset   0x2000316a       0x10 c:/microsemi/softconsole_v5.1/arm-none-eabi-gcc/bin/../lib/gcc/arm-none-eabi/6.3.1/../../../../arm-none-eabi/lib/thumb/v7-m\libg_nano.a(lib_a-memset.o)
                0x2000316a                memset
 .text.__cvt    0x2000317a       0xb8 c:/microsemi/softconsole_v5.1/arm-none-eabi-gcc/bin/../lib/gcc/arm-none-eabi/6.3.1/../../../../arm-none-eabi/lib/thumb/v7-m\libg_nano.a(lib_a-nano-vfprintf_float.o)
                0x2000317a                __cvt
 .text.__exponent
                0x20003232       0x6a c:/microsemi/softconsole_v5.1/arm-none-eabi-gcc/bin/../lib/gcc/arm-none-eabi/6.3.1/../../../../arm-none-eabi/lib/thumb/v7-m\libg_nano.a(lib_a-nano-vfprintf_float.o)
                0x20003232                __exponent
 .text._printf_float
                0x2000329c      0x470 c:/microsemi/softconsole_v5.1/arm-none-eabi-gcc/bin/../lib/gcc/arm-none-eabi/6.3.1/../../../../arm-none-eabi/lib/thumb/v7-m\libg_nano.a(lib_a-nano-vfprintf_float.o)
                0x2000329c                _printf_float
 .text._printf_common
                0x2000370c       0xee c:/microsemi/softconsole_v5.1/arm-none-eabi-gcc/bin/../lib/gcc/arm-none-eabi/6.3.1/../../../../arm-none-eabi/lib/thumb/v7-m\libg_nano.a(lib_a-nano-vfprintf_i.o)
                0x2000370c                _printf_common
 *fill*         0x200037fa        0x2 
 .text._printf_i
                0x200037fc      0x240 c:/microsemi/softconsole_v5.1/arm-none-eabi-gcc/bin/../lib/gcc/arm-none-eabi/6.3.1/../../../../arm-none-eabi/lib/thumb/v7-m\libg_nano.a(lib_a-nano-vfprintf_i.o)
                0x200037fc                _printf_i
 .text.printf   0x20003a3c       0x30 c:/microsemi/softconsole_v5.1/arm-none-eabi-gcc/bin/../lib/gcc/arm-none-eabi/6.3.1/../../../../arm-none-eabi/lib/thumb/v7-m\libg_nano.a(lib_a-printf.o)
                0x20003a3c                iprintf
                0x20003a3c                printf
 .text          0x20003a6c       0x10 c:/microsemi/softconsole_v5.1/arm-none-eabi-gcc/bin/../lib/gcc/arm-none-eabi/6.3.1/../../../../arm-none-eabi/lib/thumb/v7-m\libg_nano.a(lib_a-strlen.o)
                0x20003a6c                strlen
 .text.quorem   0x20003a7c      0x118 c:/microsemi/softconsole_v5.1/arm-none-eabi-gcc/bin/../lib/gcc/arm-none-eabi/6.3.1/../../../../arm-none-eabi/lib/thumb/v7-m\libg_nano.a(lib_a-dtoa.o)
 *fill*         0x20003b94        0x4 
 .text._dtoa_r  0x20003b98      0xba8 c:/microsemi/softconsole_v5.1/arm-none-eabi-gcc/bin/../lib/gcc/arm-none-eabi/6.3.1/../../../../arm-none-eabi/lib/thumb/v7-m\libg_nano.a(lib_a-dtoa.o)
                0x20003b98                _dtoa_r
 .text._cleanup_r
                0x20004740        0xc c:/microsemi/softconsole_v5.1/arm-none-eabi-gcc/bin/../lib/gcc/arm-none-eabi/6.3.1/../../../../arm-none-eabi/lib/thumb/v7-m\libg_nano.a(lib_a-findfp.o)
                0x20004740                _cleanup_r
 .text.std.isra.0
                0x2000474c       0x48 c:/microsemi/softconsole_v5.1/arm-none-eabi-gcc/bin/../lib/gcc/arm-none-eabi/6.3.1/../../../../arm-none-eabi/lib/thumb/v7-m\libg_nano.a(lib_a-findfp.o)
 .text.__sfmoreglue
                0x20004794       0x2c c:/microsemi/softconsole_v5.1/arm-none-eabi-gcc/bin/../lib/gcc/arm-none-eabi/6.3.1/../../../../arm-none-eabi/lib/thumb/v7-m\libg_nano.a(lib_a-findfp.o)
                0x20004794                __sfmoreglue
 .text.__sinit  0x200047c0       0x60 c:/microsemi/softconsole_v5.1/arm-none-eabi-gcc/bin/../lib/gcc/arm-none-eabi/6.3.1/../../../../arm-none-eabi/lib/thumb/v7-m\libg_nano.a(lib_a-findfp.o)
                0x200047c0                __sinit
 .text.__sfp    0x20004820       0x78 c:/microsemi/softconsole_v5.1/arm-none-eabi-gcc/bin/../lib/gcc/arm-none-eabi/6.3.1/../../../../arm-none-eabi/lib/thumb/v7-m\libg_nano.a(lib_a-findfp.o)
                0x20004820                __sfp
 .text._fwalk_reent
                0x20004898       0x3c c:/microsemi/softconsole_v5.1/arm-none-eabi-gcc/bin/../lib/gcc/arm-none-eabi/6.3.1/../../../../arm-none-eabi/lib/thumb/v7-m\libg_nano.a(lib_a-fwalk.o)
                0x20004898                _fwalk_reent
 .text._localeconv_r
                0x200048d4       0x1c c:/microsemi/softconsole_v5.1/arm-none-eabi-gcc/bin/../lib/gcc/arm-none-eabi/6.3.1/../../../../arm-none-eabi/lib/thumb/v7-m\libg_nano.a(lib_a-localeconv.o)
                0x200048d4                _localeconv_r
 .text.malloc   0x200048f0       0x10 c:/microsemi/softconsole_v5.1/arm-none-eabi-gcc/bin/../lib/gcc/arm-none-eabi/6.3.1/../../../../arm-none-eabi/lib/thumb/v7-m\libg_nano.a(lib_a-malloc.o)
                0x200048f0                malloc
 .text.memchr   0x20004900       0x1c c:/microsemi/softconsole_v5.1/arm-none-eabi-gcc/bin/../lib/gcc/arm-none-eabi/6.3.1/../../../../arm-none-eabi/lib/thumb/v7-m\libg_nano.a(lib_a-memchr-stub.o)
                0x20004900                memchr
 .text._Balloc  0x2000491c       0x68 c:/microsemi/softconsole_v5.1/arm-none-eabi-gcc/bin/../lib/gcc/arm-none-eabi/6.3.1/../../../../arm-none-eabi/lib/thumb/v7-m\libg_nano.a(lib_a-mprec.o)
                0x2000491c                _Balloc
 .text._Bfree   0x20004984       0x2e c:/microsemi/softconsole_v5.1/arm-none-eabi-gcc/bin/../lib/gcc/arm-none-eabi/6.3.1/../../../../arm-none-eabi/lib/thumb/v7-m\libg_nano.a(lib_a-mprec.o)
                0x20004984                _Bfree
 .text.__multadd
                0x200049b2       0x76 c:/microsemi/softconsole_v5.1/arm-none-eabi-gcc/bin/../lib/gcc/arm-none-eabi/6.3.1/../../../../arm-none-eabi/lib/thumb/v7-m\libg_nano.a(lib_a-mprec.o)
                0x200049b2                __multadd
 .text.__hi0bits
                0x20004a28       0x3e c:/microsemi/softconsole_v5.1/arm-none-eabi-gcc/bin/../lib/gcc/arm-none-eabi/6.3.1/../../../../arm-none-eabi/lib/thumb/v7-m\libg_nano.a(lib_a-mprec.o)
                0x20004a28                __hi0bits
 .text.__lo0bits
                0x20004a66       0x5e c:/microsemi/softconsole_v5.1/arm-none-eabi-gcc/bin/../lib/gcc/arm-none-eabi/6.3.1/../../../../arm-none-eabi/lib/thumb/v7-m\libg_nano.a(lib_a-mprec.o)
                0x20004a66                __lo0bits
 .text.__i2b    0x20004ac4       0x12 c:/microsemi/softconsole_v5.1/arm-none-eabi-gcc/bin/../lib/gcc/arm-none-eabi/6.3.1/../../../../arm-none-eabi/lib/thumb/v7-m\libg_nano.a(lib_a-mprec.o)
                0x20004ac4                __i2b
 .text.__multiply
                0x20004ad6      0x118 c:/microsemi/softconsole_v5.1/arm-none-eabi-gcc/bin/../lib/gcc/arm-none-eabi/6.3.1/../../../../arm-none-eabi/lib/thumb/v7-m\libg_nano.a(lib_a-mprec.o)
                0x20004ad6                __multiply
 *fill*         0x20004bee        0x2 
 .text.__pow5mult
                0x20004bf0       0x9c c:/microsemi/softconsole_v5.1/arm-none-eabi-gcc/bin/../lib/gcc/arm-none-eabi/6.3.1/../../../../arm-none-eabi/lib/thumb/v7-m\libg_nano.a(lib_a-mprec.o)
                0x20004bf0                __pow5mult
 .text.__lshift
                0x20004c8c       0xa2 c:/microsemi/softconsole_v5.1/arm-none-eabi-gcc/bin/../lib/gcc/arm-none-eabi/6.3.1/../../../../arm-none-eabi/lib/thumb/v7-m\libg_nano.a(lib_a-mprec.o)
                0x20004c8c                __lshift
 .text.__mcmp   0x20004d2e       0x34 c:/microsemi/softconsole_v5.1/arm-none-eabi-gcc/bin/../lib/gcc/arm-none-eabi/6.3.1/../../../../arm-none-eabi/lib/thumb/v7-m\libg_nano.a(lib_a-mprec.o)
                0x20004d2e                __mcmp
 .text.__mdiff  0x20004d62       0xbe c:/microsemi/softconsole_v5.1/arm-none-eabi-gcc/bin/../lib/gcc/arm-none-eabi/6.3.1/../../../../arm-none-eabi/lib/thumb/v7-m\libg_nano.a(lib_a-mprec.o)
                0x20004d62                __mdiff
 .text.__d2b    0x20004e20       0x9e c:/microsemi/softconsole_v5.1/arm-none-eabi-gcc/bin/../lib/gcc/arm-none-eabi/6.3.1/../../../../arm-none-eabi/lib/thumb/v7-m\libg_nano.a(lib_a-mprec.o)
                0x20004e20                __d2b
 .text._calloc_r
                0x20004ebe       0x1c c:/microsemi/softconsole_v5.1/arm-none-eabi-gcc/bin/../lib/gcc/arm-none-eabi/6.3.1/../../../../arm-none-eabi/lib/thumb/v7-m\libg_nano.a(lib_a-nano-callocr.o)
                0x20004ebe                _calloc_r
 *fill*         0x20004eda        0x2 
 .text._free_r  0x20004edc       0x98 c:/microsemi/softconsole_v5.1/arm-none-eabi-gcc/bin/../lib/gcc/arm-none-eabi/6.3.1/../../../../arm-none-eabi/lib/thumb/v7-m\libg_nano.a(lib_a-nano-freer.o)
                0x20004edc                _free_r
 .text._malloc_r
                0x20004f74       0xbc c:/microsemi/softconsole_v5.1/arm-none-eabi-gcc/bin/../lib/gcc/arm-none-eabi/6.3.1/../../../../arm-none-eabi/lib/thumb/v7-m\libg_nano.a(lib_a-nano-mallocr.o)
                0x20004f74                _malloc_r
 .text.__sfputc_r
                0x20005030       0x2c c:/microsemi/softconsole_v5.1/arm-none-eabi-gcc/bin/../lib/gcc/arm-none-eabi/6.3.1/../../../../arm-none-eabi/lib/thumb/v7-m\libg_nano.a(lib_a-nano-vfprintf.o)
 .text.__sfputs_r
                0x2000505c       0x24 c:/microsemi/softconsole_v5.1/arm-none-eabi-gcc/bin/../lib/gcc/arm-none-eabi/6.3.1/../../../../arm-none-eabi/lib/thumb/v7-m\libg_nano.a(lib_a-nano-vfprintf.o)
                0x2000505c                __sfputs_r
 .text._vfprintf_r
                0x20005080      0x22c c:/microsemi/softconsole_v5.1/arm-none-eabi-gcc/bin/../lib/gcc/arm-none-eabi/6.3.1/../../../../arm-none-eabi/lib/thumb/v7-m\libg_nano.a(lib_a-nano-vfprintf.o)
                0x20005080                _vfprintf_r
                0x20005080                _vfiprintf_r
 .text._sbrk_r  0x200052ac       0x20 c:/microsemi/softconsole_v5.1/arm-none-eabi-gcc/bin/../lib/gcc/arm-none-eabi/6.3.1/../../../../arm-none-eabi/lib/thumb/v7-m\libg_nano.a(lib_a-sbrkr.o)
                0x200052ac                _sbrk_r
 .text.__sread  0x200052cc       0x22 c:/microsemi/softconsole_v5.1/arm-none-eabi-gcc/bin/../lib/gcc/arm-none-eabi/6.3.1/../../../../arm-none-eabi/lib/thumb/v7-m\libg_nano.a(lib_a-stdio.o)
                0x200052cc                __sread
 .text.__swrite
                0x200052ee       0x38 c:/microsemi/softconsole_v5.1/arm-none-eabi-gcc/bin/../lib/gcc/arm-none-eabi/6.3.1/../../../../arm-none-eabi/lib/thumb/v7-m\libg_nano.a(lib_a-stdio.o)
                0x200052ee                __swrite
 .text.__sseek  0x20005326       0x24 c:/microsemi/softconsole_v5.1/arm-none-eabi-gcc/bin/../lib/gcc/arm-none-eabi/6.3.1/../../../../arm-none-eabi/lib/thumb/v7-m\libg_nano.a(lib_a-stdio.o)
                0x20005326                __sseek
 .text.__sclose
                0x2000534a        0x8 c:/microsemi/softconsole_v5.1/arm-none-eabi-gcc/bin/../lib/gcc/arm-none-eabi/6.3.1/../../../../arm-none-eabi/lib/thumb/v7-m\libg_nano.a(lib_a-stdio.o)
                0x2000534a                __sclose
 *fill*         0x20005352        0x2 
 .text.__swbuf_r
                0x20005354       0xa4 c:/microsemi/softconsole_v5.1/arm-none-eabi-gcc/bin/../lib/gcc/arm-none-eabi/6.3.1/../../../../arm-none-eabi/lib/thumb/v7-m\libg_nano.a(lib_a-wbuf.o)
                0x20005354                __swbuf_r
 .text._write_r
                0x200053f8       0x24 c:/microsemi/softconsole_v5.1/arm-none-eabi-gcc/bin/../lib/gcc/arm-none-eabi/6.3.1/../../../../arm-none-eabi/lib/thumb/v7-m\libg_nano.a(lib_a-writer.o)
                0x200053f8                _write_r
 .text.__swsetup_r
                0x2000541c       0xdc c:/microsemi/softconsole_v5.1/arm-none-eabi-gcc/bin/../lib/gcc/arm-none-eabi/6.3.1/../../../../arm-none-eabi/lib/thumb/v7-m\libg_nano.a(lib_a-wsetup.o)
                0x2000541c                __swsetup_r
 .text._close_r
                0x200054f8       0x20 c:/microsemi/softconsole_v5.1/arm-none-eabi-gcc/bin/../lib/gcc/arm-none-eabi/6.3.1/../../../../arm-none-eabi/lib/thumb/v7-m\libg_nano.a(lib_a-closer.o)
                0x200054f8                _close_r
 .text.__sflush_r
                0x20005518      0x110 c:/microsemi/softconsole_v5.1/arm-none-eabi-gcc/bin/../lib/gcc/arm-none-eabi/6.3.1/../../../../arm-none-eabi/lib/thumb/v7-m\libg_nano.a(lib_a-fflush.o)
                0x20005518                __sflush_r
 .text._fflush_r
                0x20005628       0x54 c:/microsemi/softconsole_v5.1/arm-none-eabi-gcc/bin/../lib/gcc/arm-none-eabi/6.3.1/../../../../arm-none-eabi/lib/thumb/v7-m\libg_nano.a(lib_a-fflush.o)
                0x20005628                _fflush_r
 .text._lseek_r
                0x2000567c       0x24 c:/microsemi/softconsole_v5.1/arm-none-eabi-gcc/bin/../lib/gcc/arm-none-eabi/6.3.1/../../../../arm-none-eabi/lib/thumb/v7-m\libg_nano.a(lib_a-lseekr.o)
                0x2000567c                _lseek_r
 .text.__swhatbuf_r
                0x200056a0       0x48 c:/microsemi/softconsole_v5.1/arm-none-eabi-gcc/bin/../lib/gcc/arm-none-eabi/6.3.1/../../../../arm-none-eabi/lib/thumb/v7-m\libg_nano.a(lib_a-makebuf.o)
                0x200056a0                __swhatbuf_r
 .text.__smakebuf_r
                0x200056e8       0x80 c:/microsemi/softconsole_v5.1/arm-none-eabi-gcc/bin/../lib/gcc/arm-none-eabi/6.3.1/../../../../arm-none-eabi/lib/thumb/v7-m\libg_nano.a(lib_a-makebuf.o)
                0x200056e8                __smakebuf_r
 .text.__ascii_mbtowc
                0x20005768       0x24 c:/microsemi/softconsole_v5.1/arm-none-eabi-gcc/bin/../lib/gcc/arm-none-eabi/6.3.1/../../../../arm-none-eabi/lib/thumb/v7-m\libg_nano.a(lib_a-mbtowc_r.o)
                0x20005768                __ascii_mbtowc
 .text.__malloc_lock
                0x2000578c        0x2 c:/microsemi/softconsole_v5.1/arm-none-eabi-gcc/bin/../lib/gcc/arm-none-eabi/6.3.1/../../../../arm-none-eabi/lib/thumb/v7-m\libg_nano.a(lib_a-mlock.o)
                0x2000578c                __malloc_lock
 .text.__malloc_unlock
                0x2000578e        0x2 c:/microsemi/softconsole_v5.1/arm-none-eabi-gcc/bin/../lib/gcc/arm-none-eabi/6.3.1/../../../../arm-none-eabi/lib/thumb/v7-m\libg_nano.a(lib_a-mlock.o)
                0x2000578e                __malloc_unlock
 .text._read_r  0x20005790       0x24 c:/microsemi/softconsole_v5.1/arm-none-eabi-gcc/bin/../lib/gcc/arm-none-eabi/6.3.1/../../../../arm-none-eabi/lib/thumb/v7-m\libg_nano.a(lib_a-readr.o)
                0x20005790                _read_r
 .text.__ascii_wctomb
                0x200057b4       0x1a c:/microsemi/softconsole_v5.1/arm-none-eabi-gcc/bin/../lib/gcc/arm-none-eabi/6.3.1/../../../../arm-none-eabi/lib/thumb/v7-m\libg_nano.a(lib_a-wctomb_r.o)
                0x200057b4                __ascii_wctomb
 *fill*         0x200057ce        0x2 
 .text._fstat_r
                0x200057d0       0x24 c:/microsemi/softconsole_v5.1/arm-none-eabi-gcc/bin/../lib/gcc/arm-none-eabi/6.3.1/../../../../arm-none-eabi/lib/thumb/v7-m\libg_nano.a(lib_a-fstatr.o)
                0x200057d0                _fstat_r
 .text._isatty_r
                0x200057f4       0x20 c:/microsemi/softconsole_v5.1/arm-none-eabi-gcc/bin/../lib/gcc/arm-none-eabi/6.3.1/../../../../arm-none-eabi/lib/thumb/v7-m\libg_nano.a(lib_a-isattyr.o)
                0x200057f4                _isatty_r
 .text          0x20005814      0x110 c:/microsemi/softconsole_v5.1/arm-none-eabi-gcc/bin/../lib/gcc/arm-none-eabi/6.3.1/thumb/v7-m\libgcc.a(_arm_cmpdf2.o)
                0x20005814                __gtdf2
                0x20005814                __gedf2
                0x2000581c                __ltdf2
                0x2000581c                __ledf2
                0x20005824                __nedf2
                0x20005824                __eqdf2
                0x20005824                __cmpdf2
                0x200058a0                __aeabi_cdrcmple
                0x200058b0                __aeabi_cdcmpeq
                0x200058b0                __aeabi_cdcmple
                0x200058c0                __aeabi_dcmpeq
                0x200058d4                __aeabi_dcmplt
                0x200058e8                __aeabi_dcmple
                0x200058fc                __aeabi_dcmpge
                0x20005910                __aeabi_dcmpgt
 .text          0x20005924       0x2c c:/microsemi/softconsole_v5.1/arm-none-eabi-gcc/bin/../lib/gcc/arm-none-eabi/6.3.1/thumb/v7-m\libgcc.a(_arm_unorddf2.o)
                0x20005924                __unorddf2
                0x20005924                __aeabi_dcmpun
 .text          0x20005950       0x50 c:/microsemi/softconsole_v5.1/arm-none-eabi-gcc/bin/../lib/gcc/arm-none-eabi/6.3.1/thumb/v7-m\libgcc.a(_arm_fixdfsi.o)
                0x20005950                __aeabi_d2iz
                0x20005950                __fixdfsi
 .text.findslot
                0x200059a0       0x34 c:/microsemi/softconsole_v5.1/arm-none-eabi-gcc/bin/../lib/gcc/arm-none-eabi/6.3.1/../../../../arm-none-eabi/lib/thumb/v7-m\librdimon_nano.a(rdimon-syscalls.o)
 .text.checkerror
                0x200059d4       0x20 c:/microsemi/softconsole_v5.1/arm-none-eabi-gcc/bin/../lib/gcc/arm-none-eabi/6.3.1/../../../../arm-none-eabi/lib/thumb/v7-m\librdimon_nano.a(rdimon-syscalls.o)
 .text.error    0x200059f4       0x1c c:/microsemi/softconsole_v5.1/arm-none-eabi-gcc/bin/../lib/gcc/arm-none-eabi/6.3.1/../../../../arm-none-eabi/lib/thumb/v7-m\librdimon_nano.a(rdimon-syscalls.o)
 .text.initialise_monitor_handles
                0x20005a10       0xa4 c:/microsemi/softconsole_v5.1/arm-none-eabi-gcc/bin/../lib/gcc/arm-none-eabi/6.3.1/../../../../arm-none-eabi/lib/thumb/v7-m\librdimon_nano.a(rdimon-syscalls.o)
                0x20005a10                initialise_monitor_handles
 .text._swiread
                0x20005ab4       0x20 c:/microsemi/softconsole_v5.1/arm-none-eabi-gcc/bin/../lib/gcc/arm-none-eabi/6.3.1/../../../../arm-none-eabi/lib/thumb/v7-m\librdimon_nano.a(rdimon-syscalls.o)
                0x20005ab4                _swiread
 .text._read    0x20005ad4       0x34 c:/microsemi/softconsole_v5.1/arm-none-eabi-gcc/bin/../lib/gcc/arm-none-eabi/6.3.1/../../../../arm-none-eabi/lib/thumb/v7-m\librdimon_nano.a(rdimon-syscalls.o)
                0x20005ad4                _read
 .text._swilseek
                0x20005b08       0x7a c:/microsemi/softconsole_v5.1/arm-none-eabi-gcc/bin/../lib/gcc/arm-none-eabi/6.3.1/../../../../arm-none-eabi/lib/thumb/v7-m\librdimon_nano.a(rdimon-syscalls.o)
                0x20005b08                _swilseek
 .text._lseek   0x20005b82        0x4 c:/microsemi/softconsole_v5.1/arm-none-eabi-gcc/bin/../lib/gcc/arm-none-eabi/6.3.1/../../../../arm-none-eabi/lib/thumb/v7-m\librdimon_nano.a(rdimon-syscalls.o)
                0x20005b82                _lseek
 .text._swiwrite
                0x20005b86       0x20 c:/microsemi/softconsole_v5.1/arm-none-eabi-gcc/bin/../lib/gcc/arm-none-eabi/6.3.1/../../../../arm-none-eabi/lib/thumb/v7-m\librdimon_nano.a(rdimon-syscalls.o)
                0x20005b86                _swiwrite
 .text._write   0x20005ba6       0x40 c:/microsemi/softconsole_v5.1/arm-none-eabi-gcc/bin/../lib/gcc/arm-none-eabi/6.3.1/../../../../arm-none-eabi/lib/thumb/v7-m\librdimon_nano.a(rdimon-syscalls.o)
                0x20005ba6                _write
 .text._swiclose
                0x20005be6       0x1c c:/microsemi/softconsole_v5.1/arm-none-eabi-gcc/bin/../lib/gcc/arm-none-eabi/6.3.1/../../../../arm-none-eabi/lib/thumb/v7-m\librdimon_nano.a(rdimon-syscalls.o)
                0x20005be6                _swiclose
 *fill*         0x20005c02        0x2 
 .text._close   0x20005c04       0x48 c:/microsemi/softconsole_v5.1/arm-none-eabi-gcc/bin/../lib/gcc/arm-none-eabi/6.3.1/../../../../arm-none-eabi/lib/thumb/v7-m\librdimon_nano.a(rdimon-syscalls.o)
                0x20005c04                _close
 .text._sbrk    0x20005c4c       0x48 c:/microsemi/softconsole_v5.1/arm-none-eabi-gcc/bin/../lib/gcc/arm-none-eabi/6.3.1/../../../../arm-none-eabi/lib/thumb/v7-m\librdimon_nano.a(rdimon-syscalls.o)
                0x20005c4c                _sbrk
 .text._swistat
                0x20005c94       0x42 c:/microsemi/softconsole_v5.1/arm-none-eabi-gcc/bin/../lib/gcc/arm-none-eabi/6.3.1/../../../../arm-none-eabi/lib/thumb/v7-m\librdimon_nano.a(rdimon-syscalls.o)
                0x20005c94                _swistat
 .text._fstat   0x20005cd6       0x1c c:/microsemi/softconsole_v5.1/arm-none-eabi-gcc/bin/../lib/gcc/arm-none-eabi/6.3.1/../../../../arm-none-eabi/lib/thumb/v7-m\librdimon_nano.a(rdimon-syscalls.o)
                0x20005cd6                _fstat
 .text._isatty  0x20005cf2       0x38 c:/microsemi/softconsole_v5.1/arm-none-eabi-gcc/bin/../lib/gcc/arm-none-eabi/6.3.1/../../../../arm-none-eabi/lib/thumb/v7-m\librdimon_nano.a(rdimon-syscalls.o)
                0x20005cf2                _isatty
 *fill*         0x20005d2a        0x2 
 .text.__errno  0x20005d2c        0xc c:/microsemi/softconsole_v5.1/arm-none-eabi-gcc/bin/../lib/gcc/arm-none-eabi/6.3.1/../../../../arm-none-eabi/lib/thumb/v7-m\libc_nano.a(lib_a-errno.o)
                0x20005d2c                __errno
 *(.plt)
 *(.gnu.warning)
 *(.glue_7t)
 .glue_7t       0x20005d38        0x0 linker stubs
 *(.glue_7)
 .glue_7        0x20005d38        0x0 linker stubs
 *(.vfp11_veneer)
 .vfp11_veneer  0x20005d38        0x0 linker stubs
                0x20005d38                . = ALIGN (0x4)
 *crtbegin.o(.ctors)
 *(EXCLUDE_FILE(*crtend.o) .ctors)
 *(SORT(.ctors.*))
 *crtend.o(.ctors)
 *crtbegin.o(.dtors)
 *(EXCLUDE_FILE(*crtend.o) .dtors)
 *(SORT(.dtors.*))
 *crtend.o(.dtors)
 *(.rodata .rodata.* .gnu.linkonce.r.*)
 .rodata.g_pwm_id_mask_lut
                0x20005d38       0x11 ./drivers/CorePWM/core_pwm.o
 *fill*         0x20005d49        0x3 
 .rodata.g_pwm_posedge_offset_lut
                0x20005d4c       0x44 ./drivers/CorePWM/core_pwm.o
 .rodata.g_pwm_negedge_offset_lut
                0x20005d90       0x44 ./drivers/CorePWM/core_pwm.o
 .rodata        0x20005dd4        0x8 ./CMSIS/system_m2sxxx.o
 .rodata        0x20005ddc      0x196 ./main.o
 *fill*         0x20005f72        0x2 
 .rodata._global_impure_ptr
                0x20005f74        0x4 c:/microsemi/softconsole_v5.1/arm-none-eabi-gcc/bin/../lib/gcc/arm-none-eabi/6.3.1/../../../../arm-none-eabi/lib/thumb/v7-m\libg_nano.a(lib_a-impure.o)
                0x20005f74                _global_impure_ptr
 .rodata._printf_float.str1.1
                0x20005f78       0x12 c:/microsemi/softconsole_v5.1/arm-none-eabi-gcc/bin/../lib/gcc/arm-none-eabi/6.3.1/../../../../arm-none-eabi/lib/thumb/v7-m\libg_nano.a(lib_a-nano-vfprintf_float.o)
 .rodata._printf_i.str1.1
                0x20005f8a       0x22 c:/microsemi/softconsole_v5.1/arm-none-eabi-gcc/bin/../lib/gcc/arm-none-eabi/6.3.1/../../../../arm-none-eabi/lib/thumb/v7-m\libg_nano.a(lib_a-nano-vfprintf_i.o)
 .rodata._dtoa_r.str1.1
                0x20005fac        0xd c:/microsemi/softconsole_v5.1/arm-none-eabi-gcc/bin/../lib/gcc/arm-none-eabi/6.3.1/../../../../arm-none-eabi/lib/thumb/v7-m\libg_nano.a(lib_a-dtoa.o)
                                  0xf (size before relaxing)
 *fill*         0x20005fb9        0x3 
 .rodata.__sf_fake_stderr
                0x20005fbc       0x20 c:/microsemi/softconsole_v5.1/arm-none-eabi-gcc/bin/../lib/gcc/arm-none-eabi/6.3.1/../../../../arm-none-eabi/lib/thumb/v7-m\libg_nano.a(lib_a-findfp.o)
                0x20005fbc                __sf_fake_stderr
 .rodata.__sf_fake_stdin
                0x20005fdc       0x20 c:/microsemi/softconsole_v5.1/arm-none-eabi-gcc/bin/../lib/gcc/arm-none-eabi/6.3.1/../../../../arm-none-eabi/lib/thumb/v7-m\libg_nano.a(lib_a-findfp.o)
                0x20005fdc                __sf_fake_stdin
 .rodata.__sf_fake_stdout
                0x20005ffc       0x20 c:/microsemi/softconsole_v5.1/arm-none-eabi-gcc/bin/../lib/gcc/arm-none-eabi/6.3.1/../../../../arm-none-eabi/lib/thumb/v7-m\libg_nano.a(lib_a-findfp.o)
                0x20005ffc                __sf_fake_stdout
 *fill*         0x2000601c        0x4 
 .rodata.__mprec_bigtens
                0x20006020       0x28 c:/microsemi/softconsole_v5.1/arm-none-eabi-gcc/bin/../lib/gcc/arm-none-eabi/6.3.1/../../../../arm-none-eabi/lib/thumb/v7-m\libg_nano.a(lib_a-mprec.o)
                0x20006020                __mprec_bigtens
 .rodata.__mprec_tens
                0x20006048       0xc8 c:/microsemi/softconsole_v5.1/arm-none-eabi-gcc/bin/../lib/gcc/arm-none-eabi/6.3.1/../../../../arm-none-eabi/lib/thumb/v7-m\libg_nano.a(lib_a-mprec.o)
                0x20006048                __mprec_tens
 .rodata.p05.6052
                0x20006110        0xc c:/microsemi/softconsole_v5.1/arm-none-eabi-gcc/bin/../lib/gcc/arm-none-eabi/6.3.1/../../../../arm-none-eabi/lib/thumb/v7-m\libg_nano.a(lib_a-mprec.o)
 .rodata._vfprintf_r.str1.1
                0x2000611c       0x11 c:/microsemi/softconsole_v5.1/arm-none-eabi-gcc/bin/../lib/gcc/arm-none-eabi/6.3.1/../../../../arm-none-eabi/lib/thumb/v7-m\libg_nano.a(lib_a-nano-vfprintf.o)
 .rodata._setlocale_r.str1.1
                0x2000612d        0x8 c:/microsemi/softconsole_v5.1/arm-none-eabi-gcc/bin/../lib/gcc/arm-none-eabi/6.3.1/../../../../arm-none-eabi/lib/thumb/v7-m\libg_nano.a(lib_a-locale.o)
                                  0x9 (size before relaxing)
 .rodata.str1.1
                0x20006135        0x2 c:/microsemi/softconsole_v5.1/arm-none-eabi-gcc/bin/../lib/gcc/arm-none-eabi/6.3.1/../../../../arm-none-eabi/lib/thumb/v7-m\libg_nano.a(lib_a-locale.o)
 .rodata._ctype_
                0x20006137      0x101 c:/microsemi/softconsole_v5.1/arm-none-eabi-gcc/bin/../lib/gcc/arm-none-eabi/6.3.1/../../../../arm-none-eabi/lib/thumb/v7-m\libg_nano.a(lib_a-ctype_.o)
                0x20006137                _ctype_
 .rodata.initialise_monitor_handles.str1.1
                0x20006238        0x4 c:/microsemi/softconsole_v5.1/arm-none-eabi-gcc/bin/../lib/gcc/arm-none-eabi/6.3.1/../../../../arm-none-eabi/lib/thumb/v7-m\librdimon_nano.a(rdimon-syscalls.o)
 *(.ARM.extab* .gnu.linkonce.armextab.*)
 *(.gcc_except_table)
 *(.eh_frame_hdr)
 *(.eh_frame)
 .eh_frame      0x2000623c        0x0 c:/microsemi/softconsole_v5.1/arm-none-eabi-gcc/bin/../lib/gcc/arm-none-eabi/6.3.1/thumb/v7-m/crtbegin.o
 *(.vector_table)
 *(.init)
 .init          0x2000623c        0x4 c:/microsemi/softconsole_v5.1/arm-none-eabi-gcc/bin/../lib/gcc/arm-none-eabi/6.3.1/thumb/v7-m/crti.o
                0x2000623c                _init
 .init          0x20006240        0x8 c:/microsemi/softconsole_v5.1/arm-none-eabi-gcc/bin/../lib/gcc/arm-none-eabi/6.3.1/thumb/v7-m/crtn.o
 *(.fini)
 .fini          0x20006248        0x4 c:/microsemi/softconsole_v5.1/arm-none-eabi-gcc/bin/../lib/gcc/arm-none-eabi/6.3.1/thumb/v7-m/crti.o
                0x20006248                _fini
 .fini          0x2000624c        0x8 c:/microsemi/softconsole_v5.1/arm-none-eabi-gcc/bin/../lib/gcc/arm-none-eabi/6.3.1/thumb/v7-m/crtn.o
                0x20006254                PROVIDE (__preinit_array_start, .)
 *(.preinit_array)
                0x20006254                PROVIDE (__preinit_array_end, .)
                0x20006254                PROVIDE (__init_array_start, .)
 *(SORT(.init_array.*))
 *(.init_array)
 .init_array    0x20006254        0x4 c:/microsemi/softconsole_v5.1/arm-none-eabi-gcc/bin/../lib/gcc/arm-none-eabi/6.3.1/thumb/v7-m/crtbegin.o
                0x20006258                PROVIDE (__init_array_end, .)
                [!provide]                PROVIDE (__fini_array_start, .)
 *(.fini_array)
 .fini_array    0x20006258        0x4 c:/microsemi/softconsole_v5.1/arm-none-eabi-gcc/bin/../lib/gcc/arm-none-eabi/6.3.1/thumb/v7-m/crtbegin.o
 *(SORT(.fini_array.*))
                [!provide]                PROVIDE (__fini_array_end, .)
                0x20006260                . = ALIGN (0x10)
 *fill*         0x2000625c        0x4 
                0x20006260                __exidx_start = .

.v4_bx          0x20006260        0x0
 .v4_bx         0x20006260        0x0 linker stubs

.iplt           0x20006260        0x0
 .iplt          0x20006260        0x0 c:/microsemi/softconsole_v5.1/arm-none-eabi-gcc/bin/../lib/gcc/arm-none-eabi/6.3.1/thumb/v7-m/crtbegin.o

.rel.dyn        0x20006260        0x0
 .rel.iplt      0x20006260        0x0 c:/microsemi/softconsole_v5.1/arm-none-eabi-gcc/bin/../lib/gcc/arm-none-eabi/6.3.1/thumb/v7-m/crtbegin.o

.ARM.exidx
 *(.ARM.exidx* .gnu.linkonce.armexidx.*)
                0x20006260                __exidx_end = .
                0x20006260                _etext = .
                [!provide]                PROVIDE (__text_end, .)

.data           0x20006260      0x200
                0x20006260                __data_load = LOADADDR (.data)
                0x20006260                _sidata = LOADADDR (.data)
                0x20006260                __data_start = .
                0x20006260                _sdata = .
 *(.jcr)
 .jcr           0x20006260        0x0 c:/microsemi/softconsole_v5.1/arm-none-eabi-gcc/bin/../lib/gcc/arm-none-eabi/6.3.1/thumb/v7-m/crtbegin.o
 .jcr           0x20006260        0x4 c:/microsemi/softconsole_v5.1/arm-none-eabi-gcc/bin/../lib/gcc/arm-none-eabi/6.3.1/thumb/v7-m/crtend.o
 *(.got.plt)
 *(.got)
 *(.shdata)
 *(.data .data.* .gnu.linkonce.d.*)
 .data.SystemCoreClock
                0x20006264        0x4 ./CMSIS/system_m2sxxx.o
                0x20006264                SystemCoreClock
 .data.g_FrequencyPCLK0
                0x20006268        0x4 ./CMSIS/system_m2sxxx.o
                0x20006268                g_FrequencyPCLK0
 .data.g_FrequencyPCLK1
                0x2000626c        0x4 ./CMSIS/system_m2sxxx.o
                0x2000626c                g_FrequencyPCLK1
 .data.g_FrequencyPCLK2
                0x20006270        0x4 ./CMSIS/system_m2sxxx.o
                0x20006270                g_FrequencyPCLK2
 .data.g_FrequencyFIC0
                0x20006274        0x4 ./CMSIS/system_m2sxxx.o
                0x20006274                g_FrequencyFIC0
 .data.g_FrequencyFIC1
                0x20006278        0x4 ./CMSIS/system_m2sxxx.o
                0x20006278                g_FrequencyFIC1
 .data.g_FrequencyFIC64
                0x2000627c        0x4 ./CMSIS/system_m2sxxx.o
                0x2000627c                g_FrequencyFIC64
 .data.g_gpio_pattern
                0x20006280        0x4 ./main.o
                0x20006280                g_gpio_pattern
 .data._impure_ptr
                0x20006284        0x4 c:/microsemi/softconsole_v5.1/arm-none-eabi-gcc/bin/../lib/gcc/arm-none-eabi/6.3.1/../../../../arm-none-eabi/lib/thumb/v7-m\libg_nano.a(lib_a-impure.o)
                0x20006284                _impure_ptr
 .data.impure_data
                0x20006288       0x60 c:/microsemi/softconsole_v5.1/arm-none-eabi-gcc/bin/../lib/gcc/arm-none-eabi/6.3.1/../../../../arm-none-eabi/lib/thumb/v7-m\libg_nano.a(lib_a-impure.o)
 .data.__global_locale
                0x200062e8      0x16c c:/microsemi/softconsole_v5.1/arm-none-eabi-gcc/bin/../lib/gcc/arm-none-eabi/6.3.1/../../../../arm-none-eabi/lib/thumb/v7-m\libg_nano.a(lib_a-locale.o)
                0x200062e8                __global_locale
 .data.__heap_limit
                0x20006454        0x4 c:/microsemi/softconsole_v5.1/arm-none-eabi-gcc/bin/../lib/gcc/arm-none-eabi/6.3.1/../../../../arm-none-eabi/lib/thumb/v7-m\librdimon_nano.a(rdimon-syscalls.o)
                0x20006454                __heap_limit
                0x20006460                . = ALIGN (0x10)
 *fill*         0x20006458        0x8 
                0x20006460                _edata = .

.igot.plt       0x20006460        0x0
 .igot.plt      0x20006460        0x0 c:/microsemi/softconsole_v5.1/arm-none-eabi-gcc/bin/../lib/gcc/arm-none-eabi/6.3.1/thumb/v7-m/crtbegin.o

.bss            0x20006460      0x300
                0x20006460                __bss_start__ = .
                0x20006460                _sbss = .
 *(.shbss)
 *(.bss .bss.* .gnu.linkonce.b.*)
 .bss           0x20006460       0x1c c:/microsemi/softconsole_v5.1/arm-none-eabi-gcc/bin/../lib/gcc/arm-none-eabi/6.3.1/thumb/v7-m/crtbegin.o
 .bss.g_comblk_cmd_opcode
                0x2000647c        0x1 ./drivers/mss_sys_services/mss_comblk.o
 *fill*         0x2000647d        0x3 
 .bss.g_comblk_p_cmd
                0x20006480        0x4 ./drivers/mss_sys_services/mss_comblk.o
 .bss.g_comblk_cmd_size
                0x20006484        0x2 ./drivers/mss_sys_services/mss_comblk.o
 *fill*         0x20006486        0x2 
 .bss.g_comblk_p_data
                0x20006488        0x4 ./drivers/mss_sys_services/mss_comblk.o
 .bss.g_comblk_data_size
                0x2000648c        0x4 ./drivers/mss_sys_services/mss_comblk.o
 .bss.g_comblk_p_response
                0x20006490        0x4 ./drivers/mss_sys_services/mss_comblk.o
 .bss.g_comblk_response_size
                0x20006494        0x2 ./drivers/mss_sys_services/mss_comblk.o
 .bss.g_comblk_response_idx
                0x20006496        0x2 ./drivers/mss_sys_services/mss_comblk.o
 .bss.g_comblk_completion_handler
                0x20006498        0x4 ./drivers/mss_sys_services/mss_comblk.o
 .bss.g_comblk_page_handler
                0x2000649c        0x4 ./drivers/mss_sys_services/mss_comblk.o
 .bss.g_request_in_progress
                0x200064a0        0x1 ./drivers/mss_sys_services/mss_comblk.o
 .bss.g_comblk_state
                0x200064a1        0x1 ./drivers/mss_sys_services/mss_comblk.o
 *fill*         0x200064a2        0x2 
 .bss.g_async_event_handler
                0x200064a4        0x4 ./drivers/mss_sys_services/mss_comblk.o
 .bss.g_transfer
                0x200064a8       0x18 ./drivers/mss_hpdma/mss_hpdma.o
 .bss.g_hpdma_end_desc
                0x200064c0        0x4 ./drivers/mss_hpdma/mss_hpdma.o
 .bss.g_hpdma_current_desc
                0x200064c4        0x4 ./drivers/mss_hpdma/mss_hpdma.o
 .bss.__malloc_free_list
                0x200064c8        0x4 c:/microsemi/softconsole_v5.1/arm-none-eabi-gcc/bin/../lib/gcc/arm-none-eabi/6.3.1/../../../../arm-none-eabi/lib/thumb/v7-m\libg_nano.a(lib_a-nano-mallocr.o)
                0x200064c8                __malloc_free_list
 .bss.__malloc_sbrk_start
                0x200064cc        0x4 c:/microsemi/softconsole_v5.1/arm-none-eabi-gcc/bin/../lib/gcc/arm-none-eabi/6.3.1/../../../../arm-none-eabi/lib/thumb/v7-m\libg_nano.a(lib_a-nano-mallocr.o)
                0x200064cc                __malloc_sbrk_start
 .bss.heap_end.6161
                0x200064d0        0x4 c:/microsemi/softconsole_v5.1/arm-none-eabi-gcc/bin/../lib/gcc/arm-none-eabi/6.3.1/../../../../arm-none-eabi/lib/thumb/v7-m\librdimon_nano.a(rdimon-syscalls.o)
 .bss.monitor_stderr
                0x200064d4        0x4 c:/microsemi/softconsole_v5.1/arm-none-eabi-gcc/bin/../lib/gcc/arm-none-eabi/6.3.1/../../../../arm-none-eabi/lib/thumb/v7-m\librdimon_nano.a(rdimon-syscalls.o)
 .bss.monitor_stdin
                0x200064d8        0x4 c:/microsemi/softconsole_v5.1/arm-none-eabi-gcc/bin/../lib/gcc/arm-none-eabi/6.3.1/../../../../arm-none-eabi/lib/thumb/v7-m\librdimon_nano.a(rdimon-syscalls.o)
 .bss.monitor_stdout
                0x200064dc        0x4 c:/microsemi/softconsole_v5.1/arm-none-eabi-gcc/bin/../lib/gcc/arm-none-eabi/6.3.1/../../../../arm-none-eabi/lib/thumb/v7-m\librdimon_nano.a(rdimon-syscalls.o)
 .bss.openfiles
                0x200064e0       0xa0 c:/microsemi/softconsole_v5.1/arm-none-eabi-gcc/bin/../lib/gcc/arm-none-eabi/6.3.1/../../../../arm-none-eabi/lib/thumb/v7-m\librdimon_nano.a(rdimon-syscalls.o)
 *(COMMON)
 COMMON         0x20006580      0x108 ./drivers/mss_spi/mss_spi.o
                0x20006580                g_mss_spi1
                0x20006604                g_mss_spi0
 COMMON         0x20006688       0xc8 ./main.o
                0x20006688                g_gpio
                0x20006690                g_uart
                0x20006698                g_core_I2C0
                0x20006704                g_core_spi0
                0x2000674c                the_pwm
 COMMON         0x20006750        0x4 c:/microsemi/softconsole_v5.1/arm-none-eabi-gcc/bin/../lib/gcc/arm-none-eabi/6.3.1/../../../../arm-none-eabi/lib/thumb/v7-m\libg_nano.a(lib_a-reent.o)
                0x20006750                errno
                0x20006760                . = ALIGN (0x10)
 *fill*         0x20006754        0xc 
                0x20006760                __bss_end__ = .
                0x20006760                _end = .
                0x20006760                __end = _end
                0x20006760                _ebss = .
                0x20006760                PROVIDE (end, .)

.heap           0x20006760     0x88a0
                0x20006760                __heap_start__ = .
                0x20007760                . = (. + MIN_SIZE_HEAP)
 *fill*         0x20006760     0x1000 
                0x2000f000                . = (. + (((ABSOLUTE (RAM_START_ADDRESS) + RAM_SIZE) - MAIN_STACK_SIZE) - .))
 *fill*         0x20007760     0x78a0 
                0x2000f000                _eheap = .

.stack          0x2000f000     0x1000
                0x2000f000                __stack_start__ = .
                0x20010000                . = (. + MAIN_STACK_SIZE)
 *fill*         0x2000f000     0x1000 
                0x20010000                _estack = .

.stab
 *(.stab)

.stabstr
 *(.stabstr)

.debug
 *(.debug)

.line
 *(.line)

.debug_srcinfo
 *(.debug_srcinfo)

.debug_sfnames
 *(.debug_sfnames)

.debug_aranges  0x00000000      0xa50
 *(.debug_aranges)
 .debug_aranges
                0x00000000       0x50 ./src/MCP3909.o
 .debug_aranges
                0x00000050       0x20 ./src/demo.o
 .debug_aranges
                0x00000070       0x20 ./hal/CortexM3/GNU/hal.o
 .debug_aranges
                0x00000090       0x20 ./hal/CortexM3/GNU/hw_reg_access.o
 .debug_aranges
                0x000000b0       0x48 ./hal/CortexM3/cortex_nvic.o
 .debug_aranges
                0x000000f8       0x18 ./drivers_config/sys_config/sys_config.o
 .debug_aranges
                0x00000110       0x90 ./drivers/mss_sys_services/mss_comblk.o
 .debug_aranges
                0x000001a0      0x1c8 ./drivers/mss_sys_services/mss_sys_services.o
 .debug_aranges
                0x00000368       0xe0 ./drivers/mss_spi/mss_spi.o
 .debug_aranges
                0x00000448       0xc0 ./drivers/mss_rtc/mss_rtc.o
 .debug_aranges
                0x00000508       0x80 ./drivers/mss_nvm/mss_nvm.o
 .debug_aranges
                0x00000588       0x80 ./drivers/mss_hpdma/mss_hpdma.o
 .debug_aranges
                0x00000608       0x48 ./drivers/CoreUARTapb/core_uart_apb.o
 .debug_aranges
                0x00000650       0xa8 ./drivers/CoreSPI/core_spi.o
 .debug_aranges
                0x000006f8       0xb8 ./drivers/CorePWM/core_pwm.o
 .debug_aranges
                0x000007b0      0x110 ./drivers/CoreI2C/core_i2c.o
 .debug_aranges
                0x000008c0       0x28 ./drivers/CoreI2C/i2c_interrupt.o
 .debug_aranges
                0x000008e8       0x68 ./drivers/CoreGPIO/core_gpio.o
 .debug_aranges
                0x00000950       0x20 ./CMSIS/startup_gcc/startup_m2sxxx.o
 .debug_aranges
                0x00000970       0x50 ./CMSIS/system_m2sxxx.o
 .debug_aranges
                0x000009c0       0x90 ./main.o

.debug_pubnames
 *(.debug_pubnames)

.debug_info     0x00000000    0x102f2
 *(.debug_info .gnu.linkonce.wi.*)
 .debug_info    0x00000000      0x730 ./src/MCP3909.o
 .debug_info    0x00000730      0x306 ./src/demo.o
 .debug_info    0x00000a36       0xce ./hal/CortexM3/GNU/hal.o
 .debug_info    0x00000b04       0xd8 ./hal/CortexM3/GNU/hw_reg_access.o
 .debug_info    0x00000bdc      0x18f ./hal/CortexM3/cortex_nvic.o
 .debug_info    0x00000d6b       0x96 ./drivers_config/sys_config/sys_config.o
 .debug_info    0x00000e01      0xadb ./drivers/mss_sys_services/mss_comblk.o
 .debug_info    0x000018dc     0x262d ./drivers/mss_sys_services/mss_sys_services.o
 .debug_info    0x00003f09     0x1da8 ./drivers/mss_spi/mss_spi.o
 .debug_info    0x00005cb1     0x195f ./drivers/mss_rtc/mss_rtc.o
 .debug_info    0x00007610     0x11c4 ./drivers/mss_nvm/mss_nvm.o
 .debug_info    0x000087d4     0x1145 ./drivers/mss_hpdma/mss_hpdma.o
 .debug_info    0x00009919      0x374 ./drivers/CoreUARTapb/core_uart_apb.o
 .debug_info    0x00009c8d      0xfc9 ./drivers/CoreSPI/core_spi.o
 .debug_info    0x0000ac56      0xafc ./drivers/CorePWM/core_pwm.o
 .debug_info    0x0000b752     0x14ab ./drivers/CoreI2C/core_i2c.o
 .debug_info    0x0000cbfd      0x353 ./drivers/CoreI2C/i2c_interrupt.o
 .debug_info    0x0000cf50      0x579 ./drivers/CoreGPIO/core_gpio.o
 .debug_info    0x0000d4c9       0xda ./CMSIS/startup_gcc/startup_m2sxxx.o
 .debug_info    0x0000d5a3      0xab9 ./CMSIS/system_m2sxxx.o
 .debug_info    0x0000e05c     0x2296 ./main.o

.debug_abbrev   0x00000000     0x21a8
 *(.debug_abbrev)
 .debug_abbrev  0x00000000      0x129 ./src/MCP3909.o
 .debug_abbrev  0x00000129       0xe6 ./src/demo.o
 .debug_abbrev  0x0000020f       0x14 ./hal/CortexM3/GNU/hal.o
 .debug_abbrev  0x00000223       0x14 ./hal/CortexM3/GNU/hw_reg_access.o
 .debug_abbrev  0x00000237       0x8b ./hal/CortexM3/cortex_nvic.o
 .debug_abbrev  0x000002c2       0x4e ./drivers_config/sys_config/sys_config.o
 .debug_abbrev  0x00000310      0x1fc ./drivers/mss_sys_services/mss_comblk.o
 .debug_abbrev  0x0000050c      0x31d ./drivers/mss_sys_services/mss_sys_services.o
 .debug_abbrev  0x00000829      0x311 ./drivers/mss_spi/mss_spi.o
 .debug_abbrev  0x00000b3a      0x341 ./drivers/mss_rtc/mss_rtc.o
 .debug_abbrev  0x00000e7b      0x1cb ./drivers/mss_nvm/mss_nvm.o
 .debug_abbrev  0x00001046      0x269 ./drivers/mss_hpdma/mss_hpdma.o
 .debug_abbrev  0x000012af      0x127 ./drivers/CoreUARTapb/core_uart_apb.o
 .debug_abbrev  0x000013d6      0x267 ./drivers/CoreSPI/core_spi.o
 .debug_abbrev  0x0000163d      0x186 ./drivers/CorePWM/core_pwm.o
 .debug_abbrev  0x000017c3      0x2ac ./drivers/CoreI2C/core_i2c.o
 .debug_abbrev  0x00001a6f       0xff ./drivers/CoreI2C/i2c_interrupt.o
 .debug_abbrev  0x00001b6e      0x142 ./drivers/CoreGPIO/core_gpio.o
 .debug_abbrev  0x00001cb0       0x14 ./CMSIS/startup_gcc/startup_m2sxxx.o
 .debug_abbrev  0x00001cc4      0x190 ./CMSIS/system_m2sxxx.o
 .debug_abbrev  0x00001e54      0x354 ./main.o

.debug_line     0x00000000     0x64fc
 *(.debug_line)
 .debug_line    0x00000000      0x2c2 ./src/MCP3909.o
 .debug_line    0x000002c2      0x24e ./src/demo.o
 .debug_line    0x00000510       0x4d ./hal/CortexM3/GNU/hal.o
 .debug_line    0x0000055d       0x8b ./hal/CortexM3/GNU/hw_reg_access.o
 .debug_line    0x000005e8      0x2c5 ./hal/CortexM3/cortex_nvic.o
 .debug_line    0x000008ad      0x2ce ./drivers_config/sys_config/sys_config.o
 .debug_line    0x00000b7b      0x587 ./drivers/mss_sys_services/mss_comblk.o
 .debug_line    0x00001102      0xdee ./drivers/mss_sys_services/mss_sys_services.o
 .debug_line    0x00001ef0      0x7fc ./drivers/mss_spi/mss_spi.o
 .debug_line    0x000026ec      0x6ab ./drivers/mss_rtc/mss_rtc.o
 .debug_line    0x00002d97      0x6c5 ./drivers/mss_nvm/mss_nvm.o
 .debug_line    0x0000345c      0x490 ./drivers/mss_hpdma/mss_hpdma.o
 .debug_line    0x000038ec      0x454 ./drivers/CoreUARTapb/core_uart_apb.o
 .debug_line    0x00003d40      0x6f5 ./drivers/CoreSPI/core_spi.o
 .debug_line    0x00004435      0x6ed ./drivers/CorePWM/core_pwm.o
 .debug_line    0x00004b22      0x701 ./drivers/CoreI2C/core_i2c.o
 .debug_line    0x00005223      0x2bf ./drivers/CoreI2C/i2c_interrupt.o
 .debug_line    0x000054e2      0x491 ./drivers/CoreGPIO/core_gpio.o
 .debug_line    0x00005973      0x18e ./CMSIS/startup_gcc/startup_m2sxxx.o
 .debug_line    0x00005b01      0x37d ./CMSIS/system_m2sxxx.o
 .debug_line    0x00005e7e      0x67e ./main.o

.debug_frame    0x00000000     0x3a20
 *(.debug_frame)
 .debug_frame   0x00000000      0x110 ./src/MCP3909.o
 .debug_frame   0x00000110       0x34 ./src/demo.o
 .debug_frame   0x00000144       0xf8 ./hal/CortexM3/cortex_nvic.o
 .debug_frame   0x0000023c      0x240 ./drivers/mss_sys_services/mss_comblk.o
 .debug_frame   0x0000047c      0x7dc ./drivers/mss_sys_services/mss_sys_services.o
 .debug_frame   0x00000c58      0x3c0 ./drivers/mss_spi/mss_spi.o
 .debug_frame   0x00001018      0x32c ./drivers/mss_rtc/mss_rtc.o
 .debug_frame   0x00001344      0x208 ./drivers/mss_nvm/mss_nvm.o
 .debug_frame   0x0000154c      0x210 ./drivers/mss_hpdma/mss_hpdma.o
 .debug_frame   0x0000175c       0xf0 ./drivers/CoreUARTapb/core_uart_apb.o
 .debug_frame   0x0000184c      0x2a0 ./drivers/CoreSPI/core_spi.o
 .debug_frame   0x00001aec      0x2e0 ./drivers/CorePWM/core_pwm.o
 .debug_frame   0x00001dcc      0x480 ./drivers/CoreI2C/core_i2c.o
 .debug_frame   0x0000224c       0x60 ./drivers/CoreI2C/i2c_interrupt.o
 .debug_frame   0x000022ac      0x178 ./drivers/CoreGPIO/core_gpio.o
 .debug_frame   0x00002424      0x10c ./CMSIS/system_m2sxxx.o
 .debug_frame   0x00002530      0x210 ./main.o
 .debug_frame   0x00002740       0xac c:/microsemi/softconsole_v5.1/arm-none-eabi-gcc/bin/../lib/gcc/arm-none-eabi/6.3.1/thumb/v7-m\libgcc.a(_arm_addsubdf3.o)
 .debug_frame   0x000027ec       0x50 c:/microsemi/softconsole_v5.1/arm-none-eabi-gcc/bin/../lib/gcc/arm-none-eabi/6.3.1/thumb/v7-m\libgcc.a(_arm_muldivdf3.o)
 .debug_frame   0x0000283c       0x28 c:/microsemi/softconsole_v5.1/arm-none-eabi-gcc/bin/../lib/gcc/arm-none-eabi/6.3.1/../../../../arm-none-eabi/lib/thumb/v7-m\libg_nano.a(lib_a-exit.o)
 .debug_frame   0x00002864       0x2c c:/microsemi/softconsole_v5.1/arm-none-eabi-gcc/bin/../lib/gcc/arm-none-eabi/6.3.1/../../../../arm-none-eabi/lib/thumb/v7-m\libg_nano.a(lib_a-init.o)
 .debug_frame   0x00002890       0x28 c:/microsemi/softconsole_v5.1/arm-none-eabi-gcc/bin/../lib/gcc/arm-none-eabi/6.3.1/../../../../arm-none-eabi/lib/thumb/v7-m\libg_nano.a(lib_a-memcpy-stub.o)
 .debug_frame   0x000028b8       0x20 c:/microsemi/softconsole_v5.1/arm-none-eabi-gcc/bin/../lib/gcc/arm-none-eabi/6.3.1/../../../../arm-none-eabi/lib/thumb/v7-m\libg_nano.a(lib_a-memset.o)
 .debug_frame   0x000028d8       0x90 c:/microsemi/softconsole_v5.1/arm-none-eabi-gcc/bin/../lib/gcc/arm-none-eabi/6.3.1/../../../../arm-none-eabi/lib/thumb/v7-m\libg_nano.a(lib_a-nano-vfprintf_float.o)
 .debug_frame   0x00002968       0x60 c:/microsemi/softconsole_v5.1/arm-none-eabi-gcc/bin/../lib/gcc/arm-none-eabi/6.3.1/../../../../arm-none-eabi/lib/thumb/v7-m\libg_nano.a(lib_a-nano-vfprintf_i.o)
 .debug_frame   0x000029c8       0x74 c:/microsemi/softconsole_v5.1/arm-none-eabi-gcc/bin/../lib/gcc/arm-none-eabi/6.3.1/../../../../arm-none-eabi/lib/thumb/v7-m\libg_nano.a(lib_a-printf.o)
 .debug_frame   0x00002a3c       0x6c c:/microsemi/softconsole_v5.1/arm-none-eabi-gcc/bin/../lib/gcc/arm-none-eabi/6.3.1/../../../../arm-none-eabi/lib/thumb/v7-m\libg_nano.a(lib_a-dtoa.o)
 .debug_frame   0x00002aa8      0x11c c:/microsemi/softconsole_v5.1/arm-none-eabi-gcc/bin/../lib/gcc/arm-none-eabi/6.3.1/../../../../arm-none-eabi/lib/thumb/v7-m\libg_nano.a(lib_a-findfp.o)
 .debug_frame   0x00002bc4       0x54 c:/microsemi/softconsole_v5.1/arm-none-eabi-gcc/bin/../lib/gcc/arm-none-eabi/6.3.1/../../../../arm-none-eabi/lib/thumb/v7-m\libg_nano.a(lib_a-fwalk.o)
 .debug_frame   0x00002c18       0x40 c:/microsemi/softconsole_v5.1/arm-none-eabi-gcc/bin/../lib/gcc/arm-none-eabi/6.3.1/../../../../arm-none-eabi/lib/thumb/v7-m\libg_nano.a(lib_a-localeconv.o)
 .debug_frame   0x00002c58       0x30 c:/microsemi/softconsole_v5.1/arm-none-eabi-gcc/bin/../lib/gcc/arm-none-eabi/6.3.1/../../../../arm-none-eabi/lib/thumb/v7-m\libg_nano.a(lib_a-malloc.o)
 .debug_frame   0x00002c88       0x28 c:/microsemi/softconsole_v5.1/arm-none-eabi-gcc/bin/../lib/gcc/arm-none-eabi/6.3.1/../../../../arm-none-eabi/lib/thumb/v7-m\libg_nano.a(lib_a-memchr-stub.o)
 .debug_frame   0x00002cb0      0x244 c:/microsemi/softconsole_v5.1/arm-none-eabi-gcc/bin/../lib/gcc/arm-none-eabi/6.3.1/../../../../arm-none-eabi/lib/thumb/v7-m\libg_nano.a(lib_a-mprec.o)
 .debug_frame   0x00002ef4       0x2c c:/microsemi/softconsole_v5.1/arm-none-eabi-gcc/bin/../lib/gcc/arm-none-eabi/6.3.1/../../../../arm-none-eabi/lib/thumb/v7-m\libg_nano.a(lib_a-nano-callocr.o)
 .debug_frame   0x00002f20       0x38 c:/microsemi/softconsole_v5.1/arm-none-eabi-gcc/bin/../lib/gcc/arm-none-eabi/6.3.1/../../../../arm-none-eabi/lib/thumb/v7-m\libg_nano.a(lib_a-nano-freer.o)
 .debug_frame   0x00002f58       0x2c c:/microsemi/softconsole_v5.1/arm-none-eabi-gcc/bin/../lib/gcc/arm-none-eabi/6.3.1/../../../../arm-none-eabi/lib/thumb/v7-m\libg_nano.a(lib_a-nano-mallocr.o)
 .debug_frame   0x00002f84       0xac c:/microsemi/softconsole_v5.1/arm-none-eabi-gcc/bin/../lib/gcc/arm-none-eabi/6.3.1/../../../../arm-none-eabi/lib/thumb/v7-m\libg_nano.a(lib_a-nano-vfprintf.o)
 .debug_frame   0x00003030       0x2c c:/microsemi/softconsole_v5.1/arm-none-eabi-gcc/bin/../lib/gcc/arm-none-eabi/6.3.1/../../../../arm-none-eabi/lib/thumb/v7-m\libg_nano.a(lib_a-sbrkr.o)
 .debug_frame   0x0000305c       0x88 c:/microsemi/softconsole_v5.1/arm-none-eabi-gcc/bin/../lib/gcc/arm-none-eabi/6.3.1/../../../../arm-none-eabi/lib/thumb/v7-m\libg_nano.a(lib_a-stdio.o)
 .debug_frame   0x000030e4       0x40 c:/microsemi/softconsole_v5.1/arm-none-eabi-gcc/bin/../lib/gcc/arm-none-eabi/6.3.1/../../../../arm-none-eabi/lib/thumb/v7-m\libg_nano.a(lib_a-wbuf.o)
 .debug_frame   0x00003124       0x2c c:/microsemi/softconsole_v5.1/arm-none-eabi-gcc/bin/../lib/gcc/arm-none-eabi/6.3.1/../../../../arm-none-eabi/lib/thumb/v7-m\libg_nano.a(lib_a-writer.o)
 .debug_frame   0x00003150       0x2c c:/microsemi/softconsole_v5.1/arm-none-eabi-gcc/bin/../lib/gcc/arm-none-eabi/6.3.1/../../../../arm-none-eabi/lib/thumb/v7-m\libg_nano.a(lib_a-wsetup.o)
 .debug_frame   0x0000317c       0x2c c:/microsemi/softconsole_v5.1/arm-none-eabi-gcc/bin/../lib/gcc/arm-none-eabi/6.3.1/../../../../arm-none-eabi/lib/thumb/v7-m\libg_nano.a(lib_a-closer.o)
 .debug_frame   0x000031a8       0x68 c:/microsemi/softconsole_v5.1/arm-none-eabi-gcc/bin/../lib/gcc/arm-none-eabi/6.3.1/../../../../arm-none-eabi/lib/thumb/v7-m\libg_nano.a(lib_a-fflush.o)
 .debug_frame   0x00003210       0x3c c:/microsemi/softconsole_v5.1/arm-none-eabi-gcc/bin/../lib/gcc/arm-none-eabi/6.3.1/../../../../arm-none-eabi/lib/thumb/v7-m\libg_nano.a(lib_a-fvwrite.o)
 .debug_frame   0x0000324c       0x68 c:/microsemi/softconsole_v5.1/arm-none-eabi-gcc/bin/../lib/gcc/arm-none-eabi/6.3.1/../../../../arm-none-eabi/lib/thumb/v7-m\libg_nano.a(lib_a-locale.o)
 .debug_frame   0x000032b4       0x2c c:/microsemi/softconsole_v5.1/arm-none-eabi-gcc/bin/../lib/gcc/arm-none-eabi/6.3.1/../../../../arm-none-eabi/lib/thumb/v7-m\libg_nano.a(lib_a-lseekr.o)
 .debug_frame   0x000032e0       0x58 c:/microsemi/softconsole_v5.1/arm-none-eabi-gcc/bin/../lib/gcc/arm-none-eabi/6.3.1/../../../../arm-none-eabi/lib/thumb/v7-m\libg_nano.a(lib_a-makebuf.o)
 .debug_frame   0x00003338       0x48 c:/microsemi/softconsole_v5.1/arm-none-eabi-gcc/bin/../lib/gcc/arm-none-eabi/6.3.1/../../../../arm-none-eabi/lib/thumb/v7-m\libg_nano.a(lib_a-mbtowc_r.o)
 .debug_frame   0x00003380       0x28 c:/microsemi/softconsole_v5.1/arm-none-eabi-gcc/bin/../lib/gcc/arm-none-eabi/6.3.1/../../../../arm-none-eabi/lib/thumb/v7-m\libg_nano.a(lib_a-memmove.o)
 .debug_frame   0x000033a8       0x30 c:/microsemi/softconsole_v5.1/arm-none-eabi-gcc/bin/../lib/gcc/arm-none-eabi/6.3.1/../../../../arm-none-eabi/lib/thumb/v7-m\libg_nano.a(lib_a-mlock.o)
 .debug_frame   0x000033d8       0x3c c:/microsemi/softconsole_v5.1/arm-none-eabi-gcc/bin/../lib/gcc/arm-none-eabi/6.3.1/../../../../arm-none-eabi/lib/thumb/v7-m\libg_nano.a(lib_a-nano-reallocr.o)
 .debug_frame   0x00003414       0x2c c:/microsemi/softconsole_v5.1/arm-none-eabi-gcc/bin/../lib/gcc/arm-none-eabi/6.3.1/../../../../arm-none-eabi/lib/thumb/v7-m\libg_nano.a(lib_a-readr.o)
 .debug_frame   0x00003440       0x5c c:/microsemi/softconsole_v5.1/arm-none-eabi-gcc/bin/../lib/gcc/arm-none-eabi/6.3.1/../../../../arm-none-eabi/lib/thumb/v7-m\libg_nano.a(lib_a-reent.o)
 .debug_frame   0x0000349c       0x20 c:/microsemi/softconsole_v5.1/arm-none-eabi-gcc/bin/../lib/gcc/arm-none-eabi/6.3.1/../../../../arm-none-eabi/lib/thumb/v7-m\libg_nano.a(lib_a-strcmp.o)
 .debug_frame   0x000034bc       0x3c c:/microsemi/softconsole_v5.1/arm-none-eabi-gcc/bin/../lib/gcc/arm-none-eabi/6.3.1/../../../../arm-none-eabi/lib/thumb/v7-m\libg_nano.a(lib_a-wctomb_r.o)
 .debug_frame   0x000034f8       0x2c c:/microsemi/softconsole_v5.1/arm-none-eabi-gcc/bin/../lib/gcc/arm-none-eabi/6.3.1/../../../../arm-none-eabi/lib/thumb/v7-m\libg_nano.a(lib_a-fstatr.o)
 .debug_frame   0x00003524       0x2c c:/microsemi/softconsole_v5.1/arm-none-eabi-gcc/bin/../lib/gcc/arm-none-eabi/6.3.1/../../../../arm-none-eabi/lib/thumb/v7-m\libg_nano.a(lib_a-isattyr.o)
 .debug_frame   0x00003550       0x20 c:/microsemi/softconsole_v5.1/arm-none-eabi-gcc/bin/../lib/gcc/arm-none-eabi/6.3.1/../../../../arm-none-eabi/lib/thumb/v7-m\libg_nano.a(lib_a-nano-msizer.o)
 .debug_frame   0x00003570       0xc4 c:/microsemi/softconsole_v5.1/arm-none-eabi-gcc/bin/../lib/gcc/arm-none-eabi/6.3.1/thumb/v7-m\libgcc.a(_arm_cmpdf2.o)
 .debug_frame   0x00003634       0x20 c:/microsemi/softconsole_v5.1/arm-none-eabi-gcc/bin/../lib/gcc/arm-none-eabi/6.3.1/thumb/v7-m\libgcc.a(_arm_unorddf2.o)
 .debug_frame   0x00003654       0x24 c:/microsemi/softconsole_v5.1/arm-none-eabi-gcc/bin/../lib/gcc/arm-none-eabi/6.3.1/thumb/v7-m\libgcc.a(_arm_fixdfsi.o)
 .debug_frame   0x00003678      0x33c c:/microsemi/softconsole_v5.1/arm-none-eabi-gcc/bin/../lib/gcc/arm-none-eabi/6.3.1/../../../../arm-none-eabi/lib/thumb/v7-m\librdimon_nano.a(rdimon-syscalls.o)
 .debug_frame   0x000039b4       0x20 c:/microsemi/softconsole_v5.1/arm-none-eabi-gcc/bin/../lib/gcc/arm-none-eabi/6.3.1/../../../../arm-none-eabi/lib/thumb/v7-m\librdimon_nano.a(rdimon-_exit.o)
 .debug_frame   0x000039d4       0x2c c:/microsemi/softconsole_v5.1/arm-none-eabi-gcc/bin/../lib/gcc/arm-none-eabi/6.3.1/../../../../arm-none-eabi/lib/thumb/v7-m\librdimon_nano.a(rdimon-_kill.o)
 .debug_frame   0x00003a00       0x20 c:/microsemi/softconsole_v5.1/arm-none-eabi-gcc/bin/../lib/gcc/arm-none-eabi/6.3.1/../../../../arm-none-eabi/lib/thumb/v7-m\libc_nano.a(lib_a-errno.o)

.debug_str      0x00000000    0x18089
 *(.debug_str)
 .debug_str     0x00000000     0x362a ./src/MCP3909.o
                               0x3915 (size before relaxing)
 .debug_str     0x0000362a       0xbb ./src/demo.o
                               0x37e8 (size before relaxing)
 .debug_str     0x000036e5      0x5db ./hal/CortexM3/cortex_nvic.o
                               0x3a4d (size before relaxing)
 .debug_str     0x00003cc0     0x58a9 ./drivers_config/sys_config/sys_config.o
                               0x8ce2 (size before relaxing)
 .debug_str     0x00009569      0xa1d ./drivers/mss_sys_services/mss_comblk.o
                               0x9aab (size before relaxing)
 .debug_str     0x00009f86     0x5572 ./drivers/mss_sys_services/mss_sys_services.o
                               0xe7a3 (size before relaxing)
 .debug_str     0x0000f4f8      0xa1f ./drivers/mss_spi/mss_spi.o
                               0xd30e (size before relaxing)
 .debug_str     0x0000ff17      0x828 ./drivers/mss_rtc/mss_rtc.o
                               0xcf4d (size before relaxing)
 .debug_str     0x0001073f      0xd4a ./drivers/mss_nvm/mss_nvm.o
                               0xa472 (size before relaxing)
 .debug_str     0x00011489      0x754 ./drivers/mss_hpdma/mss_hpdma.o
                               0xa3c5 (size before relaxing)
 .debug_str     0x00011bdd      0xf25 ./drivers/CoreUARTapb/core_uart_apb.o
                               0x491c (size before relaxing)
 .debug_str     0x00012b02     0x115d ./drivers/CoreSPI/core_spi.o
                               0x81fb (size before relaxing)
 .debug_str     0x00013c5f      0xe48 ./drivers/CorePWM/core_pwm.o
                               0x4f8d (size before relaxing)
 .debug_str     0x00014aa7      0xfe2 ./drivers/CoreI2C/core_i2c.o
                               0x7d5d (size before relaxing)
 .debug_str     0x00015a89       0x42 ./drivers/CoreI2C/i2c_interrupt.o
                               0x4460 (size before relaxing)
 .debug_str     0x00015acb      0x996 ./drivers/CoreGPIO/core_gpio.o
                               0x4ad1 (size before relaxing)
 .debug_str     0x00016461      0x4ee ./CMSIS/system_m2sxxx.o
                               0x9991 (size before relaxing)
 .debug_str     0x0001694f     0x173a ./main.o
                               0xf32e (size before relaxing)

.debug_loc
 *(.debug_loc)

.debug_macinfo
 *(.debug_macinfo)

.debug_weaknames
 *(.debug_weaknames)

.debug_funcnames
 *(.debug_funcnames)

.debug_typenames
 *(.debug_typenames)

.debug_varnames
 *(.debug_varnames)

.note.gnu.arm.ident
 *(.note.gnu.arm.ident)

.ARM.attributes
                0x00000000       0x29
 *(.ARM.attributes)
 .ARM.attributes
                0x00000000       0x1d c:/microsemi/softconsole_v5.1/arm-none-eabi-gcc/bin/../lib/gcc/arm-none-eabi/6.3.1/thumb/v7-m/crti.o
 .ARM.attributes
                0x0000001d       0x2d c:/microsemi/softconsole_v5.1/arm-none-eabi-gcc/bin/../lib/gcc/arm-none-eabi/6.3.1/thumb/v7-m/crtbegin.o
 .ARM.attributes
                0x0000004a       0x1b c:/microsemi/softconsole_v5.1/arm-none-eabi-gcc/bin/../lib/gcc/arm-none-eabi/6.3.1/../../../../arm-none-eabi/lib/thumb/v7-m/rdimon-crt0.o
 .ARM.attributes
                0x00000065       0x33 ./src/MCP3909.o
 .ARM.attributes
                0x00000098       0x33 ./src/demo.o
 .ARM.attributes
                0x000000cb       0x21 ./hal/CortexM3/GNU/hal.o
 .ARM.attributes
                0x000000ec       0x21 ./hal/CortexM3/GNU/hw_reg_access.o
 .ARM.attributes
                0x0000010d       0x33 ./hal/CortexM3/cortex_nvic.o
 .ARM.attributes
                0x00000140       0x33 ./drivers_config/sys_config/sys_config.o
 .ARM.attributes
                0x00000173       0x33 ./drivers/mss_sys_services/mss_comblk.o
 .ARM.attributes
                0x000001a6       0x33 ./drivers/mss_sys_services/mss_sys_services.o
 .ARM.attributes
                0x000001d9       0x33 ./drivers/mss_spi/mss_spi.o
 .ARM.attributes
                0x0000020c       0x33 ./drivers/mss_rtc/mss_rtc.o
 .ARM.attributes
                0x0000023f       0x33 ./drivers/mss_nvm/mss_nvm.o
 .ARM.attributes
                0x00000272       0x33 ./drivers/mss_hpdma/mss_hpdma.o
 .ARM.attributes
                0x000002a5       0x33 ./drivers/CoreUARTapb/core_uart_apb.o
 .ARM.attributes
                0x000002d8       0x33 ./drivers/CoreSPI/core_spi.o
 .ARM.attributes
                0x0000030b       0x33 ./drivers/CorePWM/core_pwm.o
 .ARM.attributes
                0x0000033e       0x33 ./drivers/CoreI2C/core_i2c.o
 .ARM.attributes
                0x00000371       0x33 ./drivers/CoreI2C/i2c_interrupt.o
 .ARM.attributes
                0x000003a4       0x33 ./drivers/CoreGPIO/core_gpio.o
 .ARM.attributes
                0x000003d7       0x21 ./CMSIS/startup_gcc/startup_m2sxxx.o
 .ARM.attributes
                0x000003f8       0x33 ./CMSIS/system_m2sxxx.o
 .ARM.attributes
                0x0000042b       0x33 ./main.o
 .ARM.attributes
                0x0000045e       0x1d c:/microsemi/softconsole_v5.1/arm-none-eabi-gcc/bin/../lib/gcc/arm-none-eabi/6.3.1/thumb/v7-m\libgcc.a(_arm_addsubdf3.o)
 .ARM.attributes
                0x0000047b       0x1d c:/microsemi/softconsole_v5.1/arm-none-eabi-gcc/bin/../lib/gcc/arm-none-eabi/6.3.1/thumb/v7-m\libgcc.a(_arm_muldivdf3.o)
 .ARM.attributes
                0x00000498       0x2d c:/microsemi/softconsole_v5.1/arm-none-eabi-gcc/bin/../lib/gcc/arm-none-eabi/6.3.1/../../../../arm-none-eabi/lib/thumb/v7-m\libg_nano.a(lib_a-exit.o)
 .ARM.attributes
                0x000004c5       0x2d c:/microsemi/softconsole_v5.1/arm-none-eabi-gcc/bin/../lib/gcc/arm-none-eabi/6.3.1/../../../../arm-none-eabi/lib/thumb/v7-m\libg_nano.a(lib_a-impure.o)
 .ARM.attributes
                0x000004f2       0x2d c:/microsemi/softconsole_v5.1/arm-none-eabi-gcc/bin/../lib/gcc/arm-none-eabi/6.3.1/../../../../arm-none-eabi/lib/thumb/v7-m\libg_nano.a(lib_a-init.o)
 .ARM.attributes
                0x0000051f       0x2d c:/microsemi/softconsole_v5.1/arm-none-eabi-gcc/bin/../lib/gcc/arm-none-eabi/6.3.1/../../../../arm-none-eabi/lib/thumb/v7-m\libg_nano.a(lib_a-memcpy-stub.o)
 .ARM.attributes
                0x0000054c       0x2d c:/microsemi/softconsole_v5.1/arm-none-eabi-gcc/bin/../lib/gcc/arm-none-eabi/6.3.1/../../../../arm-none-eabi/lib/thumb/v7-m\libg_nano.a(lib_a-memset.o)
 .ARM.attributes
                0x00000579       0x2d c:/microsemi/softconsole_v5.1/arm-none-eabi-gcc/bin/../lib/gcc/arm-none-eabi/6.3.1/../../../../arm-none-eabi/lib/thumb/v7-m\libg_nano.a(lib_a-nano-vfprintf_float.o)
 .ARM.attributes
                0x000005a6       0x2d c:/microsemi/softconsole_v5.1/arm-none-eabi-gcc/bin/../lib/gcc/arm-none-eabi/6.3.1/../../../../arm-none-eabi/lib/thumb/v7-m\libg_nano.a(lib_a-nano-vfprintf_i.o)
 .ARM.attributes
                0x000005d3       0x2d c:/microsemi/softconsole_v5.1/arm-none-eabi-gcc/bin/../lib/gcc/arm-none-eabi/6.3.1/../../../../arm-none-eabi/lib/thumb/v7-m\libg_nano.a(lib_a-printf.o)
 .ARM.attributes
                0x00000600       0x17 c:/microsemi/softconsole_v5.1/arm-none-eabi-gcc/bin/../lib/gcc/arm-none-eabi/6.3.1/../../../../arm-none-eabi/lib/thumb/v7-m\libg_nano.a(lib_a-strlen.o)
 .ARM.attributes
                0x00000617       0x2d c:/microsemi/softconsole_v5.1/arm-none-eabi-gcc/bin/../lib/gcc/arm-none-eabi/6.3.1/../../../../arm-none-eabi/lib/thumb/v7-m\libg_nano.a(lib_a-dtoa.o)
 .ARM.attributes
                0x00000644       0x2d c:/microsemi/softconsole_v5.1/arm-none-eabi-gcc/bin/../lib/gcc/arm-none-eabi/6.3.1/../../../../arm-none-eabi/lib/thumb/v7-m\libg_nano.a(lib_a-findfp.o)
 .ARM.attributes
                0x00000671       0x2d c:/microsemi/softconsole_v5.1/arm-none-eabi-gcc/bin/../lib/gcc/arm-none-eabi/6.3.1/../../../../arm-none-eabi/lib/thumb/v7-m\libg_nano.a(lib_a-fwalk.o)
 .ARM.attributes
                0x0000069e       0x2d c:/microsemi/softconsole_v5.1/arm-none-eabi-gcc/bin/../lib/gcc/arm-none-eabi/6.3.1/../../../../arm-none-eabi/lib/thumb/v7-m\libg_nano.a(lib_a-localeconv.o)
 .ARM.attributes
                0x000006cb       0x2d c:/microsemi/softconsole_v5.1/arm-none-eabi-gcc/bin/../lib/gcc/arm-none-eabi/6.3.1/../../../../arm-none-eabi/lib/thumb/v7-m\libg_nano.a(lib_a-malloc.o)
 .ARM.attributes
                0x000006f8       0x2d c:/microsemi/softconsole_v5.1/arm-none-eabi-gcc/bin/../lib/gcc/arm-none-eabi/6.3.1/../../../../arm-none-eabi/lib/thumb/v7-m\libg_nano.a(lib_a-memchr-stub.o)
 .ARM.attributes
                0x00000725       0x2d c:/microsemi/softconsole_v5.1/arm-none-eabi-gcc/bin/../lib/gcc/arm-none-eabi/6.3.1/../../../../arm-none-eabi/lib/thumb/v7-m\libg_nano.a(lib_a-mprec.o)
 .ARM.attributes
                0x00000752       0x2d c:/microsemi/softconsole_v5.1/arm-none-eabi-gcc/bin/../lib/gcc/arm-none-eabi/6.3.1/../../../../arm-none-eabi/lib/thumb/v7-m\libg_nano.a(lib_a-nano-callocr.o)
 .ARM.attributes
                0x0000077f       0x2d c:/microsemi/softconsole_v5.1/arm-none-eabi-gcc/bin/../lib/gcc/arm-none-eabi/6.3.1/../../../../arm-none-eabi/lib/thumb/v7-m\libg_nano.a(lib_a-nano-freer.o)
 .ARM.attributes
                0x000007ac       0x2d c:/microsemi/softconsole_v5.1/arm-none-eabi-gcc/bin/../lib/gcc/arm-none-eabi/6.3.1/../../../../arm-none-eabi/lib/thumb/v7-m\libg_nano.a(lib_a-nano-mallocr.o)
 .ARM.attributes
                0x000007d9       0x2d c:/microsemi/softconsole_v5.1/arm-none-eabi-gcc/bin/../lib/gcc/arm-none-eabi/6.3.1/../../../../arm-none-eabi/lib/thumb/v7-m\libg_nano.a(lib_a-nano-vfprintf.o)
 .ARM.attributes
                0x00000806       0x2d c:/microsemi/softconsole_v5.1/arm-none-eabi-gcc/bin/../lib/gcc/arm-none-eabi/6.3.1/../../../../arm-none-eabi/lib/thumb/v7-m\libg_nano.a(lib_a-sbrkr.o)
 .ARM.attributes
                0x00000833       0x2d c:/microsemi/softconsole_v5.1/arm-none-eabi-gcc/bin/../lib/gcc/arm-none-eabi/6.3.1/../../../../arm-none-eabi/lib/thumb/v7-m\libg_nano.a(lib_a-stdio.o)
 .ARM.attributes
                0x00000860       0x2d c:/microsemi/softconsole_v5.1/arm-none-eabi-gcc/bin/../lib/gcc/arm-none-eabi/6.3.1/../../../../arm-none-eabi/lib/thumb/v7-m\libg_nano.a(lib_a-wbuf.o)
 .ARM.attributes
                0x0000088d       0x2d c:/microsemi/softconsole_v5.1/arm-none-eabi-gcc/bin/../lib/gcc/arm-none-eabi/6.3.1/../../../../arm-none-eabi/lib/thumb/v7-m\libg_nano.a(lib_a-writer.o)
 .ARM.attributes
                0x000008ba       0x2d c:/microsemi/softconsole_v5.1/arm-none-eabi-gcc/bin/../lib/gcc/arm-none-eabi/6.3.1/../../../../arm-none-eabi/lib/thumb/v7-m\libg_nano.a(lib_a-wsetup.o)
 .ARM.attributes
                0x000008e7       0x2d c:/microsemi/softconsole_v5.1/arm-none-eabi-gcc/bin/../lib/gcc/arm-none-eabi/6.3.1/../../../../arm-none-eabi/lib/thumb/v7-m\libg_nano.a(lib_a-closer.o)
 .ARM.attributes
                0x00000914       0x2d c:/microsemi/softconsole_v5.1/arm-none-eabi-gcc/bin/../lib/gcc/arm-none-eabi/6.3.1/../../../../arm-none-eabi/lib/thumb/v7-m\libg_nano.a(lib_a-fflush.o)
 .ARM.attributes
                0x00000941       0x2d c:/microsemi/softconsole_v5.1/arm-none-eabi-gcc/bin/../lib/gcc/arm-none-eabi/6.3.1/../../../../arm-none-eabi/lib/thumb/v7-m\libg_nano.a(lib_a-fvwrite.o)
 .ARM.attributes
                0x0000096e       0x2d c:/microsemi/softconsole_v5.1/arm-none-eabi-gcc/bin/../lib/gcc/arm-none-eabi/6.3.1/../../../../arm-none-eabi/lib/thumb/v7-m\libg_nano.a(lib_a-locale.o)
 .ARM.attributes
                0x0000099b       0x2d c:/microsemi/softconsole_v5.1/arm-none-eabi-gcc/bin/../lib/gcc/arm-none-eabi/6.3.1/../../../../arm-none-eabi/lib/thumb/v7-m\libg_nano.a(lib_a-lseekr.o)
 .ARM.attributes
                0x000009c8       0x2d c:/microsemi/softconsole_v5.1/arm-none-eabi-gcc/bin/../lib/gcc/arm-none-eabi/6.3.1/../../../../arm-none-eabi/lib/thumb/v7-m\libg_nano.a(lib_a-makebuf.o)
 .ARM.attributes
                0x000009f5       0x2d c:/microsemi/softconsole_v5.1/arm-none-eabi-gcc/bin/../lib/gcc/arm-none-eabi/6.3.1/../../../../arm-none-eabi/lib/thumb/v7-m\libg_nano.a(lib_a-mbtowc_r.o)
 .ARM.attributes
                0x00000a22       0x2d c:/microsemi/softconsole_v5.1/arm-none-eabi-gcc/bin/../lib/gcc/arm-none-eabi/6.3.1/../../../../arm-none-eabi/lib/thumb/v7-m\libg_nano.a(lib_a-memmove.o)
 .ARM.attributes
                0x00000a4f       0x2d c:/microsemi/softconsole_v5.1/arm-none-eabi-gcc/bin/../lib/gcc/arm-none-eabi/6.3.1/../../../../arm-none-eabi/lib/thumb/v7-m\libg_nano.a(lib_a-mlock.o)
 .ARM.attributes
                0x00000a7c       0x2d c:/microsemi/softconsole_v5.1/arm-none-eabi-gcc/bin/../lib/gcc/arm-none-eabi/6.3.1/../../../../arm-none-eabi/lib/thumb/v7-m\libg_nano.a(lib_a-nano-reallocr.o)
 .ARM.attributes
                0x00000aa9       0x2d c:/microsemi/softconsole_v5.1/arm-none-eabi-gcc/bin/../lib/gcc/arm-none-eabi/6.3.1/../../../../arm-none-eabi/lib/thumb/v7-m\libg_nano.a(lib_a-readr.o)
 .ARM.attributes
                0x00000ad6       0x2d c:/microsemi/softconsole_v5.1/arm-none-eabi-gcc/bin/../lib/gcc/arm-none-eabi/6.3.1/../../../../arm-none-eabi/lib/thumb/v7-m\libg_nano.a(lib_a-reent.o)
 .ARM.attributes
                0x00000b03       0x1b c:/microsemi/softconsole_v5.1/arm-none-eabi-gcc/bin/../lib/gcc/arm-none-eabi/6.3.1/../../../../arm-none-eabi/lib/thumb/v7-m\libg_nano.a(lib_a-strcmp.o)
 .ARM.attributes
                0x00000b1e       0x2d c:/microsemi/softconsole_v5.1/arm-none-eabi-gcc/bin/../lib/gcc/arm-none-eabi/6.3.1/../../../../arm-none-eabi/lib/thumb/v7-m\libg_nano.a(lib_a-wctomb_r.o)
 .ARM.attributes
                0x00000b4b       0x2d c:/microsemi/softconsole_v5.1/arm-none-eabi-gcc/bin/../lib/gcc/arm-none-eabi/6.3.1/../../../../arm-none-eabi/lib/thumb/v7-m\libg_nano.a(lib_a-ctype_.o)
 .ARM.attributes
                0x00000b78       0x2d c:/microsemi/softconsole_v5.1/arm-none-eabi-gcc/bin/../lib/gcc/arm-none-eabi/6.3.1/../../../../arm-none-eabi/lib/thumb/v7-m\libg_nano.a(lib_a-fstatr.o)
 .ARM.attributes
                0x00000ba5       0x2d c:/microsemi/softconsole_v5.1/arm-none-eabi-gcc/bin/../lib/gcc/arm-none-eabi/6.3.1/../../../../arm-none-eabi/lib/thumb/v7-m\libg_nano.a(lib_a-isattyr.o)
 .ARM.attributes
                0x00000bd2       0x2d c:/microsemi/softconsole_v5.1/arm-none-eabi-gcc/bin/../lib/gcc/arm-none-eabi/6.3.1/../../../../arm-none-eabi/lib/thumb/v7-m\libg_nano.a(lib_a-nano-msizer.o)
 .ARM.attributes
                0x00000bff       0x1d c:/microsemi/softconsole_v5.1/arm-none-eabi-gcc/bin/../lib/gcc/arm-none-eabi/6.3.1/thumb/v7-m\libgcc.a(_arm_cmpdf2.o)
 .ARM.attributes
                0x00000c1c       0x1d c:/microsemi/softconsole_v5.1/arm-none-eabi-gcc/bin/../lib/gcc/arm-none-eabi/6.3.1/thumb/v7-m\libgcc.a(_arm_unorddf2.o)
 .ARM.attributes
                0x00000c39       0x1d c:/microsemi/softconsole_v5.1/arm-none-eabi-gcc/bin/../lib/gcc/arm-none-eabi/6.3.1/thumb/v7-m\libgcc.a(_arm_fixdfsi.o)
 .ARM.attributes
                0x00000c56       0x2d c:/microsemi/softconsole_v5.1/arm-none-eabi-gcc/bin/../lib/gcc/arm-none-eabi/6.3.1/../../../../arm-none-eabi/lib/thumb/v7-m\librdimon_nano.a(rdimon-syscalls.o)
 .ARM.attributes
                0x00000c83       0x2d c:/microsemi/softconsole_v5.1/arm-none-eabi-gcc/bin/../lib/gcc/arm-none-eabi/6.3.1/../../../../arm-none-eabi/lib/thumb/v7-m\librdimon_nano.a(rdimon-_exit.o)
 .ARM.attributes
                0x00000cb0       0x2d c:/microsemi/softconsole_v5.1/arm-none-eabi-gcc/bin/../lib/gcc/arm-none-eabi/6.3.1/../../../../arm-none-eabi/lib/thumb/v7-m\librdimon_nano.a(rdimon-_kill.o)
 .ARM.attributes
                0x00000cdd       0x2d c:/microsemi/softconsole_v5.1/arm-none-eabi-gcc/bin/../lib/gcc/arm-none-eabi/6.3.1/../../../../arm-none-eabi/lib/thumb/v7-m\libc_nano.a(lib_a-errno.o)
 .ARM.attributes
                0x00000d0a       0x2d c:/microsemi/softconsole_v5.1/arm-none-eabi-gcc/bin/../lib/gcc/arm-none-eabi/6.3.1/thumb/v7-m/crtend.o
 .ARM.attributes
                0x00000d37       0x1d c:/microsemi/softconsole_v5.1/arm-none-eabi-gcc/bin/../lib/gcc/arm-none-eabi/6.3.1/thumb/v7-m/crtn.o

/DISCARD/
 *(.note.GNU-stack)
 *(.isr_vector)
OUTPUT(FCBBaseDesign.elf elf32-littlearm)

.debug_ranges   0x00000000      0x948
 .debug_ranges  0x00000000       0x40 ./src/MCP3909.o
 .debug_ranges  0x00000040       0x10 ./src/demo.o
 .debug_ranges  0x00000050       0x38 ./hal/CortexM3/cortex_nvic.o
 .debug_ranges  0x00000088       0xd0 ./drivers/mss_sys_services/mss_comblk.o
 .debug_ranges  0x00000158      0x1b8 ./drivers/mss_sys_services/mss_sys_services.o
 .debug_ranges  0x00000310       0xd0 ./drivers/mss_spi/mss_spi.o
 .debug_ranges  0x000003e0       0xc8 ./drivers/mss_rtc/mss_rtc.o
 .debug_ranges  0x000004a8       0x70 ./drivers/mss_nvm/mss_nvm.o
 .debug_ranges  0x00000518       0x70 ./drivers/mss_hpdma/mss_hpdma.o
 .debug_ranges  0x00000588       0x38 ./drivers/CoreUARTapb/core_uart_apb.o
 .debug_ranges  0x000005c0       0x98 ./drivers/CoreSPI/core_spi.o
 .debug_ranges  0x00000658       0xa8 ./drivers/CorePWM/core_pwm.o
 .debug_ranges  0x00000700      0x100 ./drivers/CoreI2C/core_i2c.o
 .debug_ranges  0x00000800       0x18 ./drivers/CoreI2C/i2c_interrupt.o
 .debug_ranges  0x00000818       0x58 ./drivers/CoreGPIO/core_gpio.o
 .debug_ranges  0x00000870       0x58 ./CMSIS/system_m2sxxx.o
 .debug_ranges  0x000008c8       0x80 ./main.o

.debug_macro    0x00000000     0x5901
 .debug_macro   0x00000000       0x88 ./src/MCP3909.o
 .debug_macro   0x00000088      0x898 ./src/MCP3909.o
 .debug_macro   0x00000920       0x22 ./src/MCP3909.o
 .debug_macro   0x00000942       0x87 ./src/MCP3909.o
 .debug_macro   0x000009c9       0x51 ./src/MCP3909.o
 .debug_macro   0x00000a1a       0xef ./src/MCP3909.o
 .debug_macro   0x00000b09       0x6a ./src/MCP3909.o
 .debug_macro   0x00000b73      0x1df ./src/MCP3909.o
 .debug_macro   0x00000d52       0x12 ./src/MCP3909.o
 .debug_macro   0x00000d64       0x91 ./src/demo.o
 .debug_macro   0x00000df5       0x3c ./src/demo.o
 .debug_macro   0x00000e31       0xb7 ./hal/CortexM3/cortex_nvic.o
 .debug_macro   0x00000ee8       0x58 ./hal/CortexM3/cortex_nvic.o
 .debug_macro   0x00000f40       0x35 ./hal/CortexM3/cortex_nvic.o
 .debug_macro   0x00000f75       0x9c ./hal/CortexM3/cortex_nvic.o
 .debug_macro   0x00001011       0x1c ./hal/CortexM3/cortex_nvic.o
 .debug_macro   0x0000102d       0xc7 ./drivers_config/sys_config/sys_config.o
 .debug_macro   0x000010f4       0x26 ./drivers_config/sys_config/sys_config.o
 .debug_macro   0x0000111a       0x34 ./drivers_config/sys_config/sys_config.o
 .debug_macro   0x0000114e       0x34 ./drivers_config/sys_config/sys_config.o
 .debug_macro   0x00001182      0xca6 ./drivers_config/sys_config/sys_config.o
 .debug_macro   0x00001e28      0x265 ./drivers_config/sys_config/sys_config.o
 .debug_macro   0x0000208d       0x3a ./drivers_config/sys_config/sys_config.o
 .debug_macro   0x000020c7       0x34 ./drivers_config/sys_config/sys_config.o
 .debug_macro   0x000020fb      0x169 ./drivers/mss_sys_services/mss_comblk.o
 .debug_macro   0x00002264      0x3eb ./drivers/mss_sys_services/mss_sys_services.o
 .debug_macro   0x0000264f      0x2f8 ./drivers/mss_sys_services/mss_sys_services.o
 .debug_macro   0x00002947      0x174 ./drivers/mss_sys_services/mss_sys_services.o
 .debug_macro   0x00002abb       0x58 ./drivers/mss_sys_services/mss_sys_services.o
 .debug_macro   0x00002b13       0x1f ./drivers/mss_sys_services/mss_sys_services.o
 .debug_macro   0x00002b32       0x43 ./drivers/mss_sys_services/mss_sys_services.o
 .debug_macro   0x00002b75       0x20 ./drivers/mss_sys_services/mss_sys_services.o
 .debug_macro   0x00002b95      0x187 ./drivers/mss_sys_services/mss_sys_services.o
 .debug_macro   0x00002d1c      0x30d ./drivers/mss_sys_services/mss_sys_services.o
 .debug_macro   0x00003029       0x10 ./drivers/mss_sys_services/mss_sys_services.o
 .debug_macro   0x00003039       0x35 ./drivers/mss_sys_services/mss_sys_services.o
 .debug_macro   0x0000306e      0x261 ./drivers/mss_spi/mss_spi.o
 .debug_macro   0x000032cf      0x229 ./drivers/mss_rtc/mss_rtc.o
 .debug_macro   0x000034f8       0x4a ./drivers/mss_rtc/mss_rtc.o
 .debug_macro   0x00003542      0x2b0 ./drivers/mss_nvm/mss_nvm.o
 .debug_macro   0x000037f2       0x16 ./drivers/mss_nvm/mss_nvm.o
 .debug_macro   0x00003808      0x152 ./drivers/mss_hpdma/mss_hpdma.o
 .debug_macro   0x0000395a       0x52 ./drivers/mss_hpdma/mss_hpdma.o
 .debug_macro   0x000039ac       0x8d ./drivers/mss_hpdma/mss_hpdma.o