Archive member included to satisfy reference by file (symbol)

c:/microsemi/softconsole_v5.1/arm-none-eabi-gcc/bin/../lib/gcc/arm-none-eabi/6.3.1/thumb/v7-m\libgcc.a(_arm_addsubdf3.o)
                              ./src/MCP3909.o (__aeabi_ui2d)
c:/microsemi/softconsole_v5.1/arm-none-eabi-gcc/bin/../lib/gcc/arm-none-eabi/6.3.1/thumb/v7-m\libgcc.a(_arm_muldivdf3.o)
                              ./main.o (__aeabi_dmul)
c:/microsemi/softconsole_v5.1/arm-none-eabi-gcc/bin/../lib/gcc/arm-none-eabi/6.3.1/../../../../arm-none-eabi/lib/thumb/v7-m\libg_nano.a(lib_a-exit.o)
                              c:/microsemi/softconsole_v5.1/arm-none-eabi-gcc/bin/../lib/gcc/arm-none-eabi/6.3.1/../../../../arm-none-eabi/lib/thumb/v7-m/rdimon-crt0.o (exit)
c:/microsemi/softconsole_v5.1/arm-none-eabi-gcc/bin/../lib/gcc/arm-none-eabi/6.3.1/../../../../arm-none-eabi/lib/thumb/v7-m\libg_nano.a(lib_a-impure.o)
                              c:/microsemi/softconsole_v5.1/arm-none-eabi-gcc/bin/../lib/gcc/arm-none-eabi/6.3.1/../../../../arm-none-eabi/lib/thumb/v7-m\libg_nano.a(lib_a-exit.o) (_global_impure_ptr)
c:/microsemi/softconsole_v5.1/arm-none-eabi-gcc/bin/../lib/gcc/arm-none-eabi/6.3.1/../../../../arm-none-eabi/lib/thumb/v7-m\libg_nano.a(lib_a-init.o)
                              c:/microsemi/softconsole_v5.1/arm-none-eabi-gcc/bin/../lib/gcc/arm-none-eabi/6.3.1/../../../../arm-none-eabi/lib/thumb/v7-m/rdimon-crt0.o (__libc_init_array)
c:/microsemi/softconsole_v5.1/arm-none-eabi-gcc/bin/../lib/gcc/arm-none-eabi/6.3.1/../../../../arm-none-eabi/lib/thumb/v7-m\libg_nano.a(lib_a-memcpy-stub.o)
                              ./drivers/mss_sys_services/mss_sys_services.o (memcpy)
c:/microsemi/softconsole_v5.1/arm-none-eabi-gcc/bin/../lib/gcc/arm-none-eabi/6.3.1/../../../../arm-none-eabi/lib/thumb/v7-m\libg_nano.a(lib_a-memset.o)
                              c:/microsemi/softconsole_v5.1/arm-none-eabi-gcc/bin/../lib/gcc/arm-none-eabi/6.3.1/../../../../arm-none-eabi/lib/thumb/v7-m/rdimon-crt0.o (memset)
c:/microsemi/softconsole_v5.1/arm-none-eabi-gcc/bin/../lib/gcc/arm-none-eabi/6.3.1/../../../../arm-none-eabi/lib/thumb/v7-m\libg_nano.a(lib_a-printf.o)
                              ./main.o (iprintf)
c:/microsemi/softconsole_v5.1/arm-none-eabi-gcc/bin/../lib/gcc/arm-none-eabi/6.3.1/../../../../arm-none-eabi/lib/thumb/v7-m\libg_nano.a(lib_a-findfp.o)
                              c:/microsemi/softconsole_v5.1/arm-none-eabi-gcc/bin/../lib/gcc/arm-none-eabi/6.3.1/../../../../arm-none-eabi/lib/thumb/v7-m\libg_nano.a(lib_a-printf.o) (__sinit)
c:/microsemi/softconsole_v5.1/arm-none-eabi-gcc/bin/../lib/gcc/arm-none-eabi/6.3.1/../../../../arm-none-eabi/lib/thumb/v7-m\libg_nano.a(lib_a-fwalk.o)
                              c:/microsemi/softconsole_v5.1/arm-none-eabi-gcc/bin/../lib/gcc/arm-none-eabi/6.3.1/../../../../arm-none-eabi/lib/thumb/v7-m\libg_nano.a(lib_a-findfp.o) (_fwalk)
c:/microsemi/softconsole_v5.1/arm-none-eabi-gcc/bin/../lib/gcc/arm-none-eabi/6.3.1/../../../../arm-none-eabi/lib/thumb/v7-m\libg_nano.a(lib_a-nano-mallocr.o)
                              c:/microsemi/softconsole_v5.1/arm-none-eabi-gcc/bin/../lib/gcc/arm-none-eabi/6.3.1/../../../../arm-none-eabi/lib/thumb/v7-m\libg_nano.a(lib_a-findfp.o) (_malloc_r)
c:/microsemi/softconsole_v5.1/arm-none-eabi-gcc/bin/../lib/gcc/arm-none-eabi/6.3.1/../../../../arm-none-eabi/lib/thumb/v7-m\libg_nano.a(lib_a-nano-vfprintf.o)
                              c:/microsemi/softconsole_v5.1/arm-none-eabi-gcc/bin/../lib/gcc/arm-none-eabi/6.3.1/../../../../arm-none-eabi/lib/thumb/v7-m\libg_nano.a(lib_a-printf.o) (_vfprintf_r)
c:/microsemi/softconsole_v5.1/arm-none-eabi-gcc/bin/../lib/gcc/arm-none-eabi/6.3.1/../../../../arm-none-eabi/lib/thumb/v7-m\libg_nano.a(lib_a-nano-vfprintf_i.o)
                              c:/microsemi/softconsole_v5.1/arm-none-eabi-gcc/bin/../lib/gcc/arm-none-eabi/6.3.1/../../../../arm-none-eabi/lib/thumb/v7-m\libg_nano.a(lib_a-nano-vfprintf.o) (_printf_i)
c:/microsemi/softconsole_v5.1/arm-none-eabi-gcc/bin/../lib/gcc/arm-none-eabi/6.3.1/../../../../arm-none-eabi/lib/thumb/v7-m\libg_nano.a(lib_a-sbrkr.o)
                              c:/microsemi/softconsole_v5.1/arm-none-eabi-gcc/bin/../lib/gcc/arm-none-eabi/6.3.1/../../../../arm-none-eabi/lib/thumb/v7-m\libg_nano.a(lib_a-nano-mallocr.o) (_sbrk_r)
c:/microsemi/softconsole_v5.1/arm-none-eabi-gcc/bin/../lib/gcc/arm-none-eabi/6.3.1/../../../../arm-none-eabi/lib/thumb/v7-m\libg_nano.a(lib_a-stdio.o)
                              c:/microsemi/softconsole_v5.1/arm-none-eabi-gcc/bin/../lib/gcc/arm-none-eabi/6.3.1/../../../../arm-none-eabi/lib/thumb/v7-m\libg_nano.a(lib_a-findfp.o) (__sread)
c:/microsemi/softconsole_v5.1/arm-none-eabi-gcc/bin/../lib/gcc/arm-none-eabi/6.3.1/../../../../arm-none-eabi/lib/thumb/v7-m\libg_nano.a(lib_a-wbuf.o)
[...]
Memory Configuration

Name             Origin             Length             Attributes
ram              0x20000000         0x00010000         xrw
*default*        0x00000000         0xffffffff

Linker script and memory map

LOAD c:/microsemi/softconsole_v5.1/arm-none-eabi-gcc/bin/../lib/gcc/arm-none-eabi/6.3.1/thumb/v7-m/crti.o
LOAD c:/microsemi/softconsole_v5.1/arm-none-eabi-gcc/bin/../lib/gcc/arm-none-eabi/6.3.1/thumb/v7-m/crtbegin.o
LOAD c:/microsemi/softconsole_v5.1/arm-none-eabi-gcc/bin/../lib/gcc/arm-none-eabi/6.3.1/../../../../arm-none-eabi/lib/thumb/v7-m/rdimon-crt0.o
LOAD ./src/MCP3909.o
LOAD ./src/demo.o
LOAD ./hal/CortexM3/GNU/hal.o
LOAD ./hal/CortexM3/GNU/hw_reg_access.o
LOAD ./hal/CortexM3/cortex_nvic.o
LOAD ./drivers_config/sys_config/sys_config.o
LOAD ./drivers/mss_sys_services/mss_comblk.o
LOAD ./drivers/mss_sys_services/mss_sys_services.o
LOAD ./drivers/mss_spi/mss_spi.o
LOAD ./drivers/mss_rtc/mss_rtc.o
LOAD ./drivers/mss_nvm/mss_nvm.o
LOAD ./drivers/mss_hpdma/mss_hpdma.o
LOAD ./drivers/CoreUARTapb/core_uart_apb.o
LOAD ./drivers/CoreSPI/core_spi.o
LOAD ./drivers/CorePWM/core_pwm.o
LOAD ./drivers/CoreI2C/core_i2c.o
LOAD ./drivers/CoreI2C/i2c_interrupt.o
LOAD ./drivers/CoreGPIO/core_gpio.o
LOAD ./CMSIS/startup_gcc/startup_m2sxxx.o
LOAD ./CMSIS/system_m2sxxx.o
LOAD ./main.o
START GROUP
LOAD c:/microsemi/softconsole_v5.1/arm-none-eabi-gcc/bin/../lib/gcc/arm-none-eabi/6.3.1/thumb/v7-m\libgcc.a
LOAD c:/microsemi/softconsole_v5.1/arm-none-eabi-gcc/bin/../lib/gcc/arm-none-eabi/6.3.1/../../../../arm-none-eabi/lib/thumb/v7-m\libg_nano.a
LOAD c:/microsemi/softconsole_v5.1/arm-none-eabi-gcc/bin/../lib/gcc/arm-none-eabi/6.3.1/../../../../arm-none-eabi/lib/thumb/v7-m\libc_nano.a
END GROUP
START GROUP
LOAD c:/microsemi/softconsole_v5.1/arm-none-eabi-gcc/bin/../lib/gcc/arm-none-eabi/6.3.1/thumb/v7-m\libgcc.a
LOAD c:/microsemi/softconsole_v5.1/arm-none-eabi-gcc/bin/../lib/gcc/arm-none-eabi/6.3.1/../../../../arm-none-eabi/lib/thumb/v7-m\libc_nano.a
LOAD c:/microsemi/softconsole_v5.1/arm-none-eabi-gcc/bin/../lib/gcc/arm-none-eabi/6.3.1/../../../../arm-none-eabi/lib/thumb/v7-m\librdimon_nano.a
END GROUP
START GROUP
LOAD c:/microsemi/softconsole_v5.1/arm-none-eabi-gcc/bin/../lib/gcc/arm-none-eabi/6.3.1/thumb/v7-m\libgcc.a
LOAD c:/microsemi/softconsole_v5.1/arm-none-eabi-gcc/bin/../lib/gcc/arm-none-eabi/6.3.1/../../../../arm-none-eabi/lib/thumb/v7-m\libc_nano.a
LOAD c:/microsemi/softconsole_v5.1/arm-none-eabi-gcc/bin/../lib/gcc/arm-none-eabi/6.3.1/../../../../arm-none-eabi/lib/thumb/v7-m\librdimon_nano.a
END GROUP
LOAD c:/microsemi/softconsole_v5.1/arm-none-eabi-gcc/bin/../lib/gcc/arm-none-eabi/6.3.1/thumb/v7-m/crtend.o
LOAD c:/microsemi/softconsole_v5.1/arm-none-eabi-gcc/bin/../lib/gcc/arm-none-eabi/6.3.1/thumb/v7-m/crtn.o
START GROUP
LOAD c:/microsemi/softconsole_v5.1/arm-none-eabi-gcc/bin/../lib/gcc/arm-none-eabi/6.3.1/../../../../arm-none-eabi/lib/thumb/v7-m\libc.a
LOAD c:/microsemi/softconsole_v5.1/arm-none-eabi-gcc/bin/../lib/gcc/arm-none-eabi/6.3.1/thumb/v7-m\libgcc.a
LOAD c:/microsemi/softconsole_v5.1/arm-none-eabi-gcc/bin/../lib/gcc/arm-none-eabi/6.3.1/../../../../arm-none-eabi/lib/thumb/v7-m\libm.a
END GROUP
                0x00000000                __DYNAMIC = 0x0
                0x20000000                RAM_START_ADDRESS = 0x20000000
                0x00010000                RAM_SIZE = 0x10000
                0x00001000                MAIN_STACK_SIZE = 0x1000
                0x00001000                MIN_SIZE_HEAP = 0x1000
                0x20010000                PROVIDE (__main_stack_start, (RAM_START_ADDRESS + RAM_SIZE))
                [!provide]                PROVIDE (_estack, __main_stack_start)
                0x00000000                PROVIDE (__mirrored_nvm, 0x0)
                0x00000000                PROVIDE (__smartfusion2_memory_remap, 0x0)

.vector_table   0x20000000      0x190
                0x20000000                __vector_table_load = LOADADDR (.vector_table)
                0x20000000                __vector_table_start = .
                0x20000000                __vector_table_vma_base_address = .
 *(.isr_vector)
 .isr_vector    0x20000000      0x190 ./CMSIS/startup_gcc/startup_m2sxxx.o
                0x20000000                g_pfnVectors
                0x20000190                . = ALIGN (0x10)
                0x20000190                _evector_table = .

.boot_code      0x20000190      0x320
 *(.boot_code)
 .boot_code     0x20000190      0x31c ./CMSIS/startup_gcc/startup_m2sxxx.o
                0x20000190                Reset_Handler
                0x2000037e                NMI_Handler
                0x20000380                HardFault_Handler
                0x20000382                MemManage_Handler
                0x20000384                BusFault_Handler
                0x20000386                UsageFault_Handler
                0x20000388                SVC_Handler
                0x2000038a                DebugMon_Handler
                0x2000038c                PendSV_Handler
                0x2000038e                SysTick_Handler
                0x20000390                WdogWakeup_IRQHandler
                0x20000392                RTC_Wakeup_IRQHandler
                0x20000398                I2C0_IRQHandler
                0x2000039a                I2C0_SMBAlert_IRQHandler
                0x2000039c                I2C0_SMBus_IRQHandler
                0x2000039e                I2C1_IRQHandler
                0x200003a0                I2C1_SMBAlert_IRQHandler
                0x200003a2                I2C1_SMBus_IRQHandler
                0x200003a4                UART0_IRQHandler
                0x200003a6                UART1_IRQHandler
                0x200003a8                EthernetMAC_IRQHandler
                0x200003aa                DMA_IRQHandler
                0x200003ae                Timer2_IRQHandler
                0x200003b0                CAN_IRQHandler
                0x200003b2                ENVM0_IRQHandler
                0x200003b4                ENVM1_IRQHandler
                0x200003b8                USB_IRQHandler
                0x200003ba                USB_DMA_IRQHandler
                0x200003bc                PLL_Lock_IRQHandler
                0x200003be                PLL_LockLost_IRQHandler
                0x200003c0                CommSwitchError_IRQHandler
                0x200003c2                CacheError_IRQHandler
                0x200003c4                DDR_IRQHandler
                0x200003ca                ECC_Error_IRQHandler
                0x200003cc                MDDR_IOCalib_IRQHandler
                0x200003ce                FAB_PLL_Lock_IRQHandler
                0x200003d0                FAB_PLL_LockLost_IRQHandler
                0x200003d2                FIC64_IRQHandler
                0x200003d4                FabricIrq0_IRQHandler
                0x200003da                FabricIrq3_IRQHandler
                0x200003dc                FabricIrq4_IRQHandler
                0x200003de                FabricIrq5_IRQHandler
                0x200003e0                FabricIrq6_IRQHandler
                0x200003e2                FabricIrq7_IRQHandler
                0x200003e4                FabricIrq8_IRQHandler
                0x200003e6                FabricIrq9_IRQHandler
                0x200003e8                FabricIrq10_IRQHandler
                0x200003ea                FabricIrq11_IRQHandler
                0x200003ec                FabricIrq12_IRQHandler
                0x200003ee                FabricIrq13_IRQHandler
                0x200003f0                FabricIrq14_IRQHandler
                0x200003f2                FabricIrq15_IRQHandler
                0x200003f4                GPIO0_IRQHandler
                0x200003f6                GPIO1_IRQHandler
                0x200003f8                GPIO2_IRQHandler
                0x200003fa                GPIO3_IRQHandler
                0x200003fc                GPIO4_IRQHandler
                0x200003fe                GPIO5_IRQHandler
                0x20000400                GPIO6_IRQHandler
                0x20000402                GPIO7_IRQHandler
                0x20000404                GPIO8_IRQHandler
                0x20000406                GPIO9_IRQHandler
                0x20000408                GPIO10_IRQHandler
                0x2000040a                GPIO11_IRQHandler
                0x2000040c                GPIO12_IRQHandler
                0x2000040e                GPIO13_IRQHandler
                0x20000410                GPIO14_IRQHandler
                0x20000412                GPIO15_IRQHandler
                0x20000414                GPIO16_IRQHandler
                0x20000416                GPIO17_IRQHandler
                0x20000418                GPIO18_IRQHandler
                0x2000041a                GPIO19_IRQHandler
                0x2000041c                GPIO20_IRQHandler
                0x2000041e                GPIO21_IRQHandler
                0x20000420                GPIO22_IRQHandler
                0x20000422                GPIO23_IRQHandler
                0x20000424                GPIO24_IRQHandler
                0x20000426                GPIO25_IRQHandler
                0x20000428                GPIO26_IRQHandler
                0x2000042a                GPIO27_IRQHandler
                0x2000042c                GPIO28_IRQHandler
                0x2000042e                GPIO29_IRQHandler
                0x20000430                GPIO30_IRQHandler
                0x20000432                GPIO31_IRQHandler
                0x20000434                mscc_post_hw_cfg_init
                0x200004b0                . = ALIGN (0x10)
 *fill*         0x200004ac        0x4 

.text           0x200004b0     0x4120
 CREATE_OBJECT_SYMBOLS
                0x200004b0                __text_load = LOADADDR (.text)
                0x200004b0                __text_start = .
 *(.text .text.* .gnu.linkonce.t.*)
 .text          0x200004b0       0x6c c:/microsemi/softconsole_v5.1/arm-none-eabi-gcc/bin/../lib/gcc/arm-none-eabi/6.3.1/thumb/v7-m/crtbegin.o
 .text.MCP3903ResetOSR
                0x2000051c       0x50 ./src/MCP3909.o
                0x2000051c                MCP3903ResetOSR
 .text.MCP3903ReadRegister
                0x2000056c       0x80 ./src/MCP3909.o
                0x2000056c                MCP3903ReadRegister
 .text.MCP3903WriteRegister
                0x200005ec       0x76 ./src/MCP3909.o
                0x200005ec                MCP3903WriteRegister
 *fill*         0x20000662        0x2 
 .text.MCP3903ReadADC
                0x20000664       0x60 ./src/MCP3909.o
                0x20000664                MCP3903ReadADC
 .text.MCP3903SetGain
                0x200006c4       0x24 ./src/MCP3909.o
                0x200006c4                MCP3903SetGain
 .text.MCP3903SetGainCB
                0x200006e8       0x80 ./src/MCP3909.o
                0x200006e8                MCP3903SetGainCB
 .text          0x20000768       0x90 ./hal/CortexM3/GNU/hw_reg_access.o
                0x20000768                HW_set_32bit_reg
                0x2000076c                HW_get_32bit_reg
                0x20000770                HW_set_32bit_reg_field
                0x2000078c                HW_get_32bit_reg_field
                0x20000798                HW_set_16bit_reg
                0x2000079c                HW_get_16bit_reg
                0x200007a0                HW_set_16bit_reg_field
                0x200007bc                HW_get_16bit_reg_field
                0x200007c8                HW_set_8bit_reg
                0x200007cc                HW_get_8bit_reg
                0x200007d0                HW_set_8bit_reg_field
                0x200007ec                HW_get_8bit_reg_field
 .text.ComBlk_IRQHandler
                0x200007f8       0x48 ./drivers/mss_sys_services/mss_comblk.o
                0x200007f8                ComBlk_IRQHandler
 .text.handle_tx_okay_irq
                0x20000840      0x1ac ./drivers/mss_sys_services/mss_comblk.o
 .text.handle_rx_okay_irq
                0x200009ec      0x210 ./drivers/mss_sys_services/mss_comblk.o
 .text.complete_request
                0x20000bfc       0x40 ./drivers/mss_sys_services/mss_comblk.o
 .text.abort_current_cmd
                0x20000c3c       0x4c ./drivers/mss_sys_services/mss_comblk.o
 .text.fill_tx_fifo
                0x20000c88       0x60 ./drivers/mss_sys_services/mss_comblk.o
 .text.process_sys_ctrl_command
                0x20000ce8       0x28 ./drivers/mss_sys_services/mss_comblk.o
 .text.NVIC_ClearPendingIRQ
                0x20000d10       0x34 ./drivers/mss_spi/mss_spi.o
 .text.recover_from_rx_overflow
                0x20000d44      0x128 ./drivers/mss_spi/mss_spi.o
 .text.fill_slave_tx_fifo
                0x20000e6c       0xd6 ./drivers/mss_spi/mss_spi.o
 .text.read_slave_rx_fifo
                0x20000f42       0xa6 ./drivers/mss_spi/mss_spi.o
 .text.mss_spi_isr
                0x20000fe8      0x280 ./drivers/mss_spi/mss_spi.o
 .text.SPI0_IRQHandler
                0x20001268       0x24 ./drivers/mss_spi/mss_spi.o
                0x20001268                SPI0_IRQHandler
 .text.SPI1_IRQHandler
                0x2000128c       0x24 ./drivers/mss_spi/mss_spi.o
                0x2000128c                SPI1_IRQHandler
 .text.start_transfer
                0x200012b0      0x150 ./drivers/mss_hpdma/mss_hpdma.o
 .text.HPDMA_Complete_IRQHandler
                0x20001400       0xf8 ./drivers/mss_hpdma/mss_hpdma.o
                0x20001400                HPDMA_Complete_IRQHandler
 .text.HPDMA_Error_IRQHandler
                0x200014f8      0x100 ./drivers/mss_hpdma/mss_hpdma.o
                0x200014f8                HPDMA_Error_IRQHandler
 .text.UART_init
                0x200015f8      0x112 ./drivers/CoreUARTapb/core_uart_apb.o
                0x200015f8                UART_init
 .text.UART_get_rx
                0x2000170a       0xc0 ./drivers/CoreUARTapb/core_uart_apb.o
                0x2000170a                UART_get_rx
 .text.UART_get_rx_status
                0x200017ca       0x3a ./drivers/CoreUARTapb/core_uart_apb.o
                0x200017ca                UART_get_rx_status
 .text.SPI_init
                0x20001804       0xc2 ./drivers/CoreSPI/core_spi.o
                0x20001804                SPI_init
 .text.SPI_configure_master_mode
                0x200018c6       0x6a ./drivers/CoreSPI/core_spi.o
                0x200018c6                SPI_configure_master_mode
 .text.SPI_set_slave_select
                0x20001930       0x92 ./drivers/CoreSPI/core_spi.o
                0x20001930                SPI_set_slave_select
 .text.SPI_clear_slave_select
                0x200019c2       0x96 ./drivers/CoreSPI/core_spi.o
                0x200019c2                SPI_clear_slave_select
 .text.SPI_transfer_frame
                0x20001a58       0x7e ./drivers/CoreSPI/core_spi.o
                0x20001a58                SPI_transfer_frame
 .text.recover_from_rx_overflow
                0x20001ad6       0x48 ./drivers/CoreSPI/core_spi.o
 .text.PWM_init
                0x20001b1e      0x13a ./drivers/CorePWM/core_pwm.o
                0x20001b1e                PWM_init
 .text.PWM_enable
                0x20001c58       0x94 ./drivers/CorePWM/core_pwm.o
                0x20001c58                PWM_enable
 .text.PWM_disable
                0x20001cec       0x9c ./drivers/CorePWM/core_pwm.o
                0x20001cec                PWM_disable
 .text.PWM_set_duty_cycle
                0x20001d88       0xc4 ./drivers/CorePWM/core_pwm.o
                0x20001d88                PWM_set_duty_cycle
 .text.GPIO_init
                0x20001e4c       0xd2 ./drivers/CoreGPIO/core_gpio.o
                0x20001e4c                GPIO_init
 .text.GPIO_config
                0x20001f1e       0x4e ./drivers/CoreGPIO/core_gpio.o
                0x20001f1e                GPIO_config
 .text.GPIO_set_outputs
                0x20001f6c       0xc8 ./drivers/CoreGPIO/core_gpio.o
                0x20001f6c                GPIO_set_outputs
 .text.GPIO_get_outputs
                0x20002034       0xcc ./drivers/CoreGPIO/core_gpio.o
                0x20002034                GPIO_get_outputs
 .text.GPIO_enable_irq
                0x20002100       0x4e ./drivers/CoreGPIO/core_gpio.o
                0x20002100                GPIO_enable_irq
 .text.GPIO_disable_irq
                0x2000214e       0x4e ./drivers/CoreGPIO/core_gpio.o
                0x2000214e                GPIO_disable_irq
 .text.GPIO_clear_irq
                0x2000219c       0xb4 ./drivers/CoreGPIO/core_gpio.o
                0x2000219c                GPIO_clear_irq
 .text.SystemInit
                0x20002250       0x20 ./CMSIS/system_m2sxxx.o
                0x20002250                SystemInit
 .text.SystemCoreClockUpdate
                0x20002270       0xfc ./CMSIS/system_m2sxxx.o
                0x20002270                SystemCoreClockUpdate
 .text.get_rcosc_25_50mhz_frequency
                0x2000236c       0x3c ./CMSIS/system_m2sxxx.o
 .text.set_clock_frequency_globals
                0x200023a8       0x5c ./CMSIS/system_m2sxxx.o
 .text.get_silicon_revision
                0x20002404       0x48 ./CMSIS/system_m2sxxx.o
 .text.silicon_workarounds
                0x2000244c       0x22 ./CMSIS/system_m2sxxx.o
 *fill*         0x2000246e        0x2 
 .text.m2s050_rev_a_workarounds
                0x20002470       0x30 ./CMSIS/system_m2sxxx.o
 .text.NVIC_EnableIRQ
                0x200024a0       0x30 ./main.o
 .text.NVIC_DisableIRQ
                0x200024d0       0x34 ./main.o
 .text.NVIC_ClearPendingIRQ
                0x20002504       0x34 ./main.o
 .text.NVIC_SetPriority
                0x20002538       0x54 ./main.o
 .text.MSS_TIM1_init
                0x2000258c       0x5c ./main.o
 .text.MSS_TIM1_start
                0x200025e8       0x18 ./main.o
 .text.MSS_TIM1_load_immediate
                0x20002600       0x1a ./main.o
 *fill*         0x2000261a        0x2 
 .text.MSS_TIM1_enable_irq
                0x2000261c       0x1c ./main.o
 .text.MSS_TIM1_disable_irq
                0x20002638       0x1c ./main.o
 .text.MSS_TIM1_clear_irq
                0x20002654       0x18 ./main.o
 *fill*         0x2000266c        0x4 
 .text.main     0x20002670      0x1d0 ./main.o
                0x20002670                main
 .text.Timer1_IRQHandler
                0x20002840       0x40 ./main.o
                0x20002840                Timer1_IRQHandler
 .text.FabricIrq1_IRQHandler
                0x20002880       0x5c ./main.o
                0x20002880                FabricIrq1_IRQHandler
 .text.FabricIrq2_IRQHandler
                0x200028dc       0x30 ./main.o
                0x200028dc                FabricIrq2_IRQHandler
 .text.delay    0x2000290c       0x2e ./main.o
                0x2000290c                delay
 *fill*         0x2000293a        0x2 
 .text          0x2000293c      0x370 c:/microsemi/softconsole_v5.1/arm-none-eabi-gcc/bin/../lib/gcc/arm-none-eabi/6.3.1/thumb/v7-m\libgcc.a(_arm_addsubdf3.o)
                0x2000293c                __aeabi_drsub
                0x20002944                __aeabi_dsub
                0x20002944                __subdf3
                0x20002948                __aeabi_dadd
                0x20002948                __adddf3
                0x20002bc0                __floatunsidf
                0x20002bc0                __aeabi_ui2d
                0x20002be0                __floatsidf
                0x20002be0                __aeabi_i2d
                0x20002c04                __aeabi_f2d
                0x20002c04                __extendsfdf2
                0x20002c40                __floatundidf
                0x20002c40                __aeabi_ul2d
                0x20002c50                __floatdidf
                0x20002c50                __aeabi_l2d
 .text          0x20002cac      0x424 c:/microsemi/softconsole_v5.1/arm-none-eabi-gcc/bin/../lib/gcc/arm-none-eabi/6.3.1/thumb/v7-m\libgcc.a(_arm_muldivdf3.o)
                0x20002cac                __aeabi_dmul
                0x20002cac                __muldf3
                0x20002f00                __divdf3
                0x20002f00                __aeabi_ddiv
 .text.__libc_init_array
                0x200030d0       0x48 c:/microsemi/softconsole_v5.1/arm-none-eabi-gcc/bin/../lib/gcc/arm-none-eabi/6.3.1/../../../../arm-none-eabi/lib/thumb/v7-m\libg_nano.a(lib_a-init.o)
                0x200030d0                __libc_init_array
 .text.memset   0x20003118       0x10 c:/microsemi/softconsole_v5.1/arm-none-eabi-gcc/bin/../lib/gcc/arm-none-eabi/6.3.1/../../../../arm-none-eabi/lib/thumb/v7-m\libg_nano.a(lib_a-memset.o)
                0x20003118                memset
 .text.printf   0x20003128       0x30 c:/microsemi/softconsole_v5.1/arm-none-eabi-gcc/bin/../lib/gcc/arm-none-eabi/6.3.1/../../../../arm-none-eabi/lib/thumb/v7-m\libg_nano.a(lib_a-printf.o)
                0x20003128                iprintf
                0x20003128                printf
 .text._cleanup_r
                0x20003158        0xc c:/microsemi/softconsole_v5.1/arm-none-eabi-gcc/bin/../lib/gcc/arm-none-eabi/6.3.1/../../../../arm-none-eabi/lib/thumb/v7-m\libg_nano.a(lib_a-findfp.o)
                0x20003158                _cleanup_r
 .text.std.isra.0
                0x20003164       0x48 c:/microsemi/softconsole_v5.1/arm-none-eabi-gcc/bin/../lib/gcc/arm-none-eabi/6.3.1/../../../../arm-none-eabi/lib/thumb/v7-m\libg_nano.a(lib_a-findfp.o)
 .text.__sfmoreglue
                0x200031ac       0x2c c:/microsemi/softconsole_v5.1/arm-none-eabi-gcc/bin/../lib/gcc/arm-none-eabi/6.3.1/../../../../arm-none-eabi/lib/thumb/v7-m\libg_nano.a(lib_a-findfp.o)
                0x200031ac                __sfmoreglue
 .text.__sinit  0x200031d8       0x60 c:/microsemi/softconsole_v5.1/arm-none-eabi-gcc/bin/../lib/gcc/arm-none-eabi/6.3.1/../../../../arm-none-eabi/lib/thumb/v7-m\libg_nano.a(lib_a-findfp.o)
                0x200031d8                __sinit
 .text.__sfp    0x20003238       0x78 c:/microsemi/softconsole_v5.1/arm-none-eabi-gcc/bin/../lib/gcc/arm-none-eabi/6.3.1/../../../../arm-none-eabi/lib/thumb/v7-m\libg_nano.a(lib_a-findfp.o)
                0x20003238                __sfp
 .text._fwalk_reent
                0x200032b0       0x3c c:/microsemi/softconsole_v5.1/arm-none-eabi-gcc/bin/../lib/gcc/arm-none-eabi/6.3.1/../../../../arm-none-eabi/lib/thumb/v7-m\libg_nano.a(lib_a-fwalk.o)
                0x200032b0                _fwalk_reent
 .text._malloc_r
                0x200032ec       0xbc c:/microsemi/softconsole_v5.1/arm-none-eabi-gcc/bin/../lib/gcc/arm-none-eabi/6.3.1/../../../../arm-none-eabi/lib/thumb/v7-m\libg_nano.a(lib_a-nano-mallocr.o)
                0x200032ec                _malloc_r
 .text.__sfputc_r
                0x200033a8       0x2c c:/microsemi/softconsole_v5.1/arm-none-eabi-gcc/bin/../lib/gcc/arm-none-eabi/6.3.1/../../../../arm-none-eabi/lib/thumb/v7-m\libg_nano.a(lib_a-nano-vfprintf.o)
 .text.__sfputs_r
                0x200033d4       0x24 c:/microsemi/softconsole_v5.1/arm-none-eabi-gcc/bin/../lib/gcc/arm-none-eabi/6.3.1/../../../../arm-none-eabi/lib/thumb/v7-m\libg_nano.a(lib_a-nano-vfprintf.o)
                0x200033d4                __sfputs_r
 .text._vfprintf_r
                0x200033f8      0x22c c:/microsemi/softconsole_v5.1/arm-none-eabi-gcc/bin/../lib/gcc/arm-none-eabi/6.3.1/../../../../arm-none-eabi/lib/thumb/v7-m\libg_nano.a(lib_a-nano-vfprintf.o)
                0x200033f8                _vfprintf_r
                0x200033f8                _vfiprintf_r
 .text._printf_common
                0x20003624       0xee c:/microsemi/softconsole_v5.1/arm-none-eabi-gcc/bin/../lib/gcc/arm-none-eabi/6.3.1/../../../../arm-none-eabi/lib/thumb/v7-m\libg_nano.a(lib_a-nano-vfprintf_i.o)
                0x20003624                _printf_common
 *fill*         0x20003712        0x2 
 .text._printf_i
                0x20003714      0x240 c:/microsemi/softconsole_v5.1/arm-none-eabi-gcc/bin/../lib/gcc/arm-none-eabi/6.3.1/../../../../arm-none-eabi/lib/thumb/v7-m\libg_nano.a(lib_a-nano-vfprintf_i.o)
                0x20003714                _printf_i
 .text._sbrk_r  0x20003954       0x20 c:/microsemi/softconsole_v5.1/arm-none-eabi-gcc/bin/../lib/gcc/arm-none-eabi/6.3.1/../../../../arm-none-eabi/lib/thumb/v7-m\libg_nano.a(lib_a-sbrkr.o)
                0x20003954                _sbrk_r
 .text.__sread  0x20003974       0x22 c:/microsemi/softconsole_v5.1/arm-none-eabi-gcc/bin/../lib/gcc/arm-none-eabi/6.3.1/../../../../arm-none-eabi/lib/thumb/v7-m\libg_nano.a(lib_a-stdio.o)
                0x20003974                __sread
 .text.__swrite
                0x20003996       0x38 c:/microsemi/softconsole_v5.1/arm-none-eabi-gcc/bin/../lib/gcc/arm-none-eabi/6.3.1/../../../../arm-none-eabi/lib/thumb/v7-m\libg_nano.a(lib_a-stdio.o)
                0x20003996                __swrite
 .text.__sseek  0x200039ce       0x24 c:/microsemi/softconsole_v5.1/arm-none-eabi-gcc/bin/../lib/gcc/arm-none-eabi/6.3.1/../../../../arm-none-eabi/lib/thumb/v7-m\libg_nano.a(lib_a-stdio.o)
                0x200039ce                __sseek
 .text.__sclose
                0x200039f2        0x8 c:/microsemi/softconsole_v5.1/arm-none-eabi-gcc/bin/../lib/gcc/arm-none-eabi/6.3.1/../../../../arm-none-eabi/lib/thumb/v7-m\libg_nano.a(lib_a-stdio.o)
                0x200039f2                __sclose
 *fill*         0x200039fa        0x2 
 .text.__swbuf_r
                0x200039fc       0xa4 c:/microsemi/softconsole_v5.1/arm-none-eabi-gcc/bin/../lib/gcc/arm-none-eabi/6.3.1/../../../../arm-none-eabi/lib/thumb/v7-m\libg_nano.a(lib_a-wbuf.o)
                0x200039fc                __swbuf_r
 .text._write_r
                0x20003aa0       0x24 c:/microsemi/softconsole_v5.1/arm-none-eabi-gcc/bin/../lib/gcc/arm-none-eabi/6.3.1/../../../../arm-none-eabi/lib/thumb/v7-m\libg_nano.a(lib_a-writer.o)
                0x20003aa0                _write_r
 .text.__swsetup_r
                0x20003ac4       0xdc c:/microsemi/softconsole_v5.1/arm-none-eabi-gcc/bin/../lib/gcc/arm-none-eabi/6.3.1/../../../../arm-none-eabi/lib/thumb/v7-m\libg_nano.a(lib_a-wsetup.o)
                0x20003ac4                __swsetup_r
 .text._close_r
                0x20003ba0       0x20 c:/microsemi/softconsole_v5.1/arm-none-eabi-gcc/bin/../lib/gcc/arm-none-eabi/6.3.1/../../../../arm-none-eabi/lib/thumb/v7-m\libg_nano.a(lib_a-closer.o)
                0x20003ba0                _close_r
 .text.__sflush_r
                0x20003bc0      0x110 c:/microsemi/softconsole_v5.1/arm-none-eabi-gcc/bin/../lib/gcc/arm-none-eabi/6.3.1/../../../../arm-none-eabi/lib/thumb/v7-m\libg_nano.a(lib_a-fflush.o)
                0x20003bc0                __sflush_r
 .text._fflush_r
                0x20003cd0       0x54 c:/microsemi/softconsole_v5.1/arm-none-eabi-gcc/bin/../lib/gcc/arm-none-eabi/6.3.1/../../../../arm-none-eabi/lib/thumb/v7-m\libg_nano.a(lib_a-fflush.o)
                0x20003cd0                _fflush_r
 .text._lseek_r
                0x20003d24       0x24 c:/microsemi/softconsole_v5.1/arm-none-eabi-gcc/bin/../lib/gcc/arm-none-eabi/6.3.1/../../../../arm-none-eabi/lib/thumb/v7-m\libg_nano.a(lib_a-lseekr.o)
                0x20003d24                _lseek_r
 .text.__swhatbuf_r
                0x20003d48       0x48 c:/microsemi/softconsole_v5.1/arm-none-eabi-gcc/bin/../lib/gcc/arm-none-eabi/6.3.1/../../../../arm-none-eabi/lib/thumb/v7-m\libg_nano.a(lib_a-makebuf.o)
                0x20003d48                __swhatbuf_r
 .text.__smakebuf_r
                0x20003d90       0x80 c:/microsemi/softconsole_v5.1/arm-none-eabi-gcc/bin/../lib/gcc/arm-none-eabi/6.3.1/../../../../arm-none-eabi/lib/thumb/v7-m\libg_nano.a(lib_a-makebuf.o)
                0x20003d90                __smakebuf_r
 .text.memchr   0x20003e10       0x1c c:/microsemi/softconsole_v5.1/arm-none-eabi-gcc/bin/../lib/gcc/arm-none-eabi/6.3.1/../../../../arm-none-eabi/lib/thumb/v7-m\libg_nano.a(lib_a-memchr-stub.o)
                0x20003e10                memchr
 .text.__malloc_lock
                0x20003e2c        0x2 c:/microsemi/softconsole_v5.1/arm-none-eabi-gcc/bin/../lib/gcc/arm-none-eabi/6.3.1/../../../../arm-none-eabi/lib/thumb/v7-m\libg_nano.a(lib_a-mlock.o)
                0x20003e2c                __malloc_lock
 .text.__malloc_unlock
                0x20003e2e        0x2 c:/microsemi/softconsole_v5.1/arm-none-eabi-gcc/bin/../lib/gcc/arm-none-eabi/6.3.1/../../../../arm-none-eabi/lib/thumb/v7-m\libg_nano.a(lib_a-mlock.o)
                0x20003e2e                __malloc_unlock
 .text._free_r  0x20003e30       0x98 c:/microsemi/softconsole_v5.1/arm-none-eabi-gcc/bin/../lib/gcc/arm-none-eabi/6.3.1/../../../../arm-none-eabi/lib/thumb/v7-m\libg_nano.a(lib_a-nano-freer.o)
                0x20003e30                _free_r
 .text._read_r  0x20003ec8       0x24 c:/microsemi/softconsole_v5.1/arm-none-eabi-gcc/bin/../lib/gcc/arm-none-eabi/6.3.1/../../../../arm-none-eabi/lib/thumb/v7-m\libg_nano.a(lib_a-readr.o)
                0x20003ec8                _read_r
 .text._fstat_r
                0x20003eec       0x24 c:/microsemi/softconsole_v5.1/arm-none-eabi-gcc/bin/../lib/gcc/arm-none-eabi/6.3.1/../../../../arm-none-eabi/lib/thumb/v7-m\libg_nano.a(lib_a-fstatr.o)
                0x20003eec                _fstat_r
 .text._isatty_r
                0x20003f10       0x20 c:/microsemi/softconsole_v5.1/arm-none-eabi-gcc/bin/../lib/gcc/arm-none-eabi/6.3.1/../../../../arm-none-eabi/lib/thumb/v7-m\libg_nano.a(lib_a-isattyr.o)
                0x20003f10                _isatty_r
 .text.findslot
                0x20003f30       0x34 c:/microsemi/softconsole_v5.1/arm-none-eabi-gcc/bin/../lib/gcc/arm-none-eabi/6.3.1/../../../../arm-none-eabi/lib/thumb/v7-m\librdimon_nano.a(rdimon-syscalls.o)
 .text.checkerror
                0x20003f64       0x20 c:/microsemi/softconsole_v5.1/arm-none-eabi-gcc/bin/../lib/gcc/arm-none-eabi/6.3.1/../../../../arm-none-eabi/lib/thumb/v7-m\librdimon_nano.a(rdimon-syscalls.o)
 .text.error    0x20003f84       0x1c c:/microsemi/softconsole_v5.1/arm-none-eabi-gcc/bin/../lib/gcc/arm-none-eabi/6.3.1/../../../../arm-none-eabi/lib/thumb/v7-m\librdimon_nano.a(rdimon-syscalls.o)
 .text.initialise_monitor_handles
                0x20003fa0       0xa4 c:/microsemi/softconsole_v5.1/arm-none-eabi-gcc/bin/../lib/gcc/arm-none-eabi/6.3.1/../../../../arm-none-eabi/lib/thumb/v7-m\librdimon_nano.a(rdimon-syscalls.o)
                0x20003fa0                initialise_monitor_handles
 .text._swiread
                0x20004044       0x20 c:/microsemi/softconsole_v5.1/arm-none-eabi-gcc/bin/../lib/gcc/arm-none-eabi/6.3.1/../../../../arm-none-eabi/lib/thumb/v7-m\librdimon_nano.a(rdimon-syscalls.o)
                0x20004044                _swiread
 .text._read    0x20004064       0x34 c:/microsemi/softconsole_v5.1/arm-none-eabi-gcc/bin/../lib/gcc/arm-none-eabi/6.3.1/../../../../arm-none-eabi/lib/thumb/v7-m\librdimon_nano.a(rdimon-syscalls.o)
                0x20004064                _read
 .text._swilseek
                0x20004098       0x7a c:/microsemi/softconsole_v5.1/arm-none-eabi-gcc/bin/../lib/gcc/arm-none-eabi/6.3.1/../../../../arm-none-eabi/lib/thumb/v7-m\librdimon_nano.a(rdimon-syscalls.o)
                0x20004098                _swilseek
 .text._lseek   0x20004112        0x4 c:/microsemi/softconsole_v5.1/arm-none-eabi-gcc/bin/../lib/gcc/arm-none-eabi/6.3.1/../../../../arm-none-eabi/lib/thumb/v7-m\librdimon_nano.a(rdimon-syscalls.o)
                0x20004112                _lseek
 .text._swiwrite
                0x20004116       0x20 c:/microsemi/softconsole_v5.1/arm-none-eabi-gcc/bin/../lib/gcc/arm-none-eabi/6.3.1/../../../../arm-none-eabi/lib/thumb/v7-m\librdimon_nano.a(rdimon-syscalls.o)
                0x20004116                _swiwrite
 .text._write   0x20004136       0x40 c:/microsemi/softconsole_v5.1/arm-none-eabi-gcc/bin/../lib/gcc/arm-none-eabi/6.3.1/../../../../arm-none-eabi/lib/thumb/v7-m\librdimon_nano.a(rdimon-syscalls.o)
                0x20004136                _write
 .text._swiclose
                0x20004176       0x1c c:/microsemi/softconsole_v5.1/arm-none-eabi-gcc/bin/../lib/gcc/arm-none-eabi/6.3.1/../../../../arm-none-eabi/lib/thumb/v7-m\librdimon_nano.a(rdimon-syscalls.o)
                0x20004176                _swiclose
 *fill*         0x20004192        0x2 
 .text._close   0x20004194       0x48 c:/microsemi/softconsole_v5.1/arm-none-eabi-gcc/bin/../lib/gcc/arm-none-eabi/6.3.1/../../../../arm-none-eabi/lib/thumb/v7-m\librdimon_nano.a(rdimon-syscalls.o)
                0x20004194                _close
 .text._sbrk    0x200041dc       0x48 c:/microsemi/softconsole_v5.1/arm-none-eabi-gcc/bin/../lib/gcc/arm-none-eabi/6.3.1/../../../../arm-none-eabi/lib/thumb/v7-m\librdimon_nano.a(rdimon-syscalls.o)
                0x200041dc                _sbrk
 .text._swistat
                0x20004224       0x42 c:/microsemi/softconsole_v5.1/arm-none-eabi-gcc/bin/../lib/gcc/arm-none-eabi/6.3.1/../../../../arm-none-eabi/lib/thumb/v7-m\librdimon_nano.a(rdimon-syscalls.o)
                0x20004224                _swistat
 .text._fstat   0x20004266       0x1c c:/microsemi/softconsole_v5.1/arm-none-eabi-gcc/bin/../lib/gcc/arm-none-eabi/6.3.1/../../../../arm-none-eabi/lib/thumb/v7-m\librdimon_nano.a(rdimon-syscalls.o)
                0x20004266                _fstat
 .text._isatty  0x20004282       0x38 c:/microsemi/softconsole_v5.1/arm-none-eabi-gcc/bin/../lib/gcc/arm-none-eabi/6.3.1/../../../../arm-none-eabi/lib/thumb/v7-m\librdimon_nano.a(rdimon-syscalls.o)
                0x20004282                _isatty
 *fill*         0x200042ba        0x2 
 .text.__errno  0x200042bc        0xc c:/microsemi/softconsole_v5.1/arm-none-eabi-gcc/bin/../lib/gcc/arm-none-eabi/6.3.1/../../../../arm-none-eabi/lib/thumb/v7-m\libc_nano.a(lib_a-errno.o)
                0x200042bc                __errno
 *(.plt)
 *(.gnu.warning)
 *(.glue_7t)
 .glue_7t       0x200042c8        0x0 linker stubs
 *(.glue_7)
 .glue_7        0x200042c8        0x0 linker stubs
 *(.vfp11_veneer)
 .vfp11_veneer  0x200042c8        0x0 linker stubs
                0x200042c8                . = ALIGN (0x4)
 *crtbegin.o(.ctors)
 *(EXCLUDE_FILE(*crtend.o) .ctors)
 *(SORT(.ctors.*))
 *crtend.o(.ctors)
 *crtbegin.o(.dtors)
 *(EXCLUDE_FILE(*crtend.o) .dtors)
 *(SORT(.dtors.*))
 *crtend.o(.dtors)
 *(.rodata .rodata.* .gnu.linkonce.r.*)
 .rodata.g_pwm_id_mask_lut
                0x200042c8       0x11 ./drivers/CorePWM/core_pwm.o
 *fill*         0x200042d9        0x3 
 .rodata.g_pwm_posedge_offset_lut
                0x200042dc       0x44 ./drivers/CorePWM/core_pwm.o
 .rodata.g_pwm_negedge_offset_lut
                0x20004320       0x44 ./drivers/CorePWM/core_pwm.o
 .rodata        0x20004364        0x8 ./CMSIS/system_m2sxxx.o
 .rodata        0x2000436c      0x19e ./main.o
 *fill*         0x2000450a        0x2 
 .rodata._global_impure_ptr
                0x2000450c        0x4 c:/microsemi/softconsole_v5.1/arm-none-eabi-gcc/bin/../lib/gcc/arm-none-eabi/6.3.1/../../../../arm-none-eabi/lib/thumb/v7-m\libg_nano.a(lib_a-impure.o)
                0x2000450c                _global_impure_ptr
 .rodata.__sf_fake_stderr
                0x20004510       0x20 c:/microsemi/softconsole_v5.1/arm-none-eabi-gcc/bin/../lib/gcc/arm-none-eabi/6.3.1/../../../../arm-none-eabi/lib/thumb/v7-m\libg_nano.a(lib_a-findfp.o)
                0x20004510                __sf_fake_stderr
 .rodata.__sf_fake_stdin
                0x20004530       0x20 c:/microsemi/softconsole_v5.1/arm-none-eabi-gcc/bin/../lib/gcc/arm-none-eabi/6.3.1/../../../../arm-none-eabi/lib/thumb/v7-m\libg_nano.a(lib_a-findfp.o)
                0x20004530                __sf_fake_stdin
 .rodata.__sf_fake_stdout
                0x20004550       0x20 c:/microsemi/softconsole_v5.1/arm-none-eabi-gcc/bin/../lib/gcc/arm-none-eabi/6.3.1/../../../../arm-none-eabi/lib/thumb/v7-m\libg_nano.a(lib_a-findfp.o)
                0x20004550                __sf_fake_stdout
 .rodata._vfprintf_r.str1.1
                0x20004570       0x11 c:/microsemi/softconsole_v5.1/arm-none-eabi-gcc/bin/../lib/gcc/arm-none-eabi/6.3.1/../../../../arm-none-eabi/lib/thumb/v7-m\libg_nano.a(lib_a-nano-vfprintf.o)
 .rodata._printf_i.str1.1
                0x20004581       0x22 c:/microsemi/softconsole_v5.1/arm-none-eabi-gcc/bin/../lib/gcc/arm-none-eabi/6.3.1/../../../../arm-none-eabi/lib/thumb/v7-m\libg_nano.a(lib_a-nano-vfprintf_i.o)
 .rodata.initialise_monitor_handles.str1.1
                0x200045a3        0x4 c:/microsemi/softconsole_v5.1/arm-none-eabi-gcc/bin/../lib/gcc/arm-none-eabi/6.3.1/../../../../arm-none-eabi/lib/thumb/v7-m\librdimon_nano.a(rdimon-syscalls.o)
 *(.ARM.extab* .gnu.linkonce.armextab.*)
 *(.gcc_except_table)
 *(.eh_frame_hdr)
 *(.eh_frame)
 *fill*         0x200045a7        0x1 
 .eh_frame      0x200045a8        0x0 c:/microsemi/softconsole_v5.1/arm-none-eabi-gcc/bin/../lib/gcc/arm-none-eabi/6.3.1/thumb/v7-m/crtbegin.o
 *(.vector_table)
 *(.init)
 .init          0x200045a8        0x4 c:/microsemi/softconsole_v5.1/arm-none-eabi-gcc/bin/../lib/gcc/arm-none-eabi/6.3.1/thumb/v7-m/crti.o
                0x200045a8                _init
 .init          0x200045ac        0x8 c:/microsemi/softconsole_v5.1/arm-none-eabi-gcc/bin/../lib/gcc/arm-none-eabi/6.3.1/thumb/v7-m/crtn.o
 *(.fini)
 .fini          0x200045b4        0x4 c:/microsemi/softconsole_v5.1/arm-none-eabi-gcc/bin/../lib/gcc/arm-none-eabi/6.3.1/thumb/v7-m/crti.o
                0x200045b4                _fini
 .fini          0x200045b8        0x8 c:/microsemi/softconsole_v5.1/arm-none-eabi-gcc/bin/../lib/gcc/arm-none-eabi/6.3.1/thumb/v7-m/crtn.o
                0x200045c0                PROVIDE (__preinit_array_start, .)
 *(.preinit_array)
                0x200045c0                PROVIDE (__preinit_array_end, .)
                0x200045c0                PROVIDE (__init_array_start, .)
 *(SORT(.init_array.*))
 *(.init_array)
 .init_array    0x200045c0        0x4 c:/microsemi/softconsole_v5.1/arm-none-eabi-gcc/bin/../lib/gcc/arm-none-eabi/6.3.1/thumb/v7-m/crtbegin.o
                0x200045c4                PROVIDE (__init_array_end, .)
                [!provide]                PROVIDE (__fini_array_start, .)
 *(.fini_array)
 .fini_array    0x200045c4        0x4 c:/microsemi/softconsole_v5.1/arm-none-eabi-gcc/bin/../lib/gcc/arm-none-eabi/6.3.1/thumb/v7-m/crtbegin.o
 *(SORT(.fini_array.*))
                [!provide]                PROVIDE (__fini_array_end, .)
                0x200045d0                . = ALIGN (0x10)
 *fill*         0x200045c8        0x8 
                0x200045d0                __exidx_start = .

.v4_bx          0x200045d0        0x0
 .v4_bx         0x200045d0        0x0 linker stubs

.iplt           0x200045d0        0x0
 .iplt          0x200045d0        0x0 c:/microsemi/softconsole_v5.1/arm-none-eabi-gcc/bin/../lib/gcc/arm-none-eabi/6.3.1/thumb/v7-m/crtbegin.o

.rel.dyn        0x200045d0        0x0
 .rel.iplt      0x200045d0        0x0 c:/microsemi/softconsole_v5.1/arm-none-eabi-gcc/bin/../lib/gcc/arm-none-eabi/6.3.1/thumb/v7-m/crtbegin.o

.ARM.exidx
 *(.ARM.exidx* .gnu.linkonce.armexidx.*)
                0x200045d0                __exidx_end = .
                0x200045d0                _etext = .
                [!provide]                PROVIDE (__text_end, .)

.data           0x200045d0       0x90
                0x200045d0                __data_load = LOADADDR (.data)
                0x200045d0                _sidata = LOADADDR (.data)
                0x200045d0                __data_start = .
                0x200045d0                _sdata = .
 *(.jcr)
 .jcr           0x200045d0        0x0 c:/microsemi/softconsole_v5.1/arm-none-eabi-gcc/bin/../lib/gcc/arm-none-eabi/6.3.1/thumb/v7-m/crtbegin.o
 .jcr           0x200045d0        0x4 c:/microsemi/softconsole_v5.1/arm-none-eabi-gcc/bin/../lib/gcc/arm-none-eabi/6.3.1/thumb/v7-m/crtend.o
 *(.got.plt)
 *(.got)
 *(.shdata)
 *(.data .data.* .gnu.linkonce.d.*)
 .data.SystemCoreClock
                0x200045d4        0x4 ./CMSIS/system_m2sxxx.o
                0x200045d4                SystemCoreClock
 .data.g_FrequencyPCLK0
                0x200045d8        0x4 ./CMSIS/system_m2sxxx.o
                0x200045d8                g_FrequencyPCLK0
 .data.g_FrequencyPCLK1
                0x200045dc        0x4 ./CMSIS/system_m2sxxx.o
                0x200045dc                g_FrequencyPCLK1
 .data.g_FrequencyPCLK2
                0x200045e0        0x4 ./CMSIS/system_m2sxxx.o
                0x200045e0                g_FrequencyPCLK2
 .data.g_FrequencyFIC0
                0x200045e4        0x4 ./CMSIS/system_m2sxxx.o
                0x200045e4                g_FrequencyFIC0
 .data.g_FrequencyFIC1
                0x200045e8        0x4 ./CMSIS/system_m2sxxx.o
                0x200045e8                g_FrequencyFIC1
 .data.g_FrequencyFIC64
                0x200045ec        0x4 ./CMSIS/system_m2sxxx.o
                0x200045ec                g_FrequencyFIC64
 .data.g_gpio_pattern
                0x200045f0        0x4 ./main.o
                0x200045f0                g_gpio_pattern
 .data._impure_ptr
                0x200045f4        0x4 c:/microsemi/softconsole_v5.1/arm-none-eabi-gcc/bin/../lib/gcc/arm-none-eabi/6.3.1/../../../../arm-none-eabi/lib/thumb/v7-m\libg_nano.a(lib_a-impure.o)
                0x200045f4                _impure_ptr
 .data.impure_data
                0x200045f8       0x60 c:/microsemi/softconsole_v5.1/arm-none-eabi-gcc/bin/../lib/gcc/arm-none-eabi/6.3.1/../../../../arm-none-eabi/lib/thumb/v7-m\libg_nano.a(lib_a-impure.o)
 .data.__heap_limit
                0x20004658        0x4 c:/microsemi/softconsole_v5.1/arm-none-eabi-gcc/bin/../lib/gcc/arm-none-eabi/6.3.1/../../../../arm-none-eabi/lib/thumb/v7-m\librdimon_nano.a(rdimon-syscalls.o)
                0x20004658                __heap_limit
                0x20004660                . = ALIGN (0x10)
 *fill*         0x2000465c        0x4 
                0x20004660                _edata = .

.igot.plt       0x20004660        0x0
 .igot.plt      0x20004660        0x0 c:/microsemi/softconsole_v5.1/arm-none-eabi-gcc/bin/../lib/gcc/arm-none-eabi/6.3.1/thumb/v7-m/crtbegin.o

.bss            0x20004660      0x290
                0x20004660                __bss_start__ = .
                0x20004660                _sbss = .
 *(.shbss)
 *(.bss .bss.* .gnu.linkonce.b.*)
 .bss           0x20004660       0x1c c:/microsemi/softconsole_v5.1/arm-none-eabi-gcc/bin/../lib/gcc/arm-none-eabi/6.3.1/thumb/v7-m/crtbegin.o
 .bss.g_comblk_cmd_opcode
                0x2000467c        0x1 ./drivers/mss_sys_services/mss_comblk.o
 *fill*         0x2000467d        0x3 
 .bss.g_comblk_p_cmd
                0x20004680        0x4 ./drivers/mss_sys_services/mss_comblk.o
 .bss.g_comblk_cmd_size
                0x20004684        0x2 ./drivers/mss_sys_services/mss_comblk.o
 *fill*         0x20004686        0x2 
 .bss.g_comblk_p_data
                0x20004688        0x4 ./drivers/mss_sys_services/mss_comblk.o
 .bss.g_comblk_data_size
                0x2000468c        0x4 ./drivers/mss_sys_services/mss_comblk.o
 .bss.g_comblk_p_response
                0x20004690        0x4 ./drivers/mss_sys_services/mss_comblk.o
 .bss.g_comblk_response_size
                0x20004694        0x2 ./drivers/mss_sys_services/mss_comblk.o
 .bss.g_comblk_response_idx
                0x20004696        0x2 ./drivers/mss_sys_services/mss_comblk.o
 .bss.g_comblk_completion_handler
                0x20004698        0x4 ./drivers/mss_sys_services/mss_comblk.o
 .bss.g_comblk_page_handler
                0x2000469c        0x4 ./drivers/mss_sys_services/mss_comblk.o
 .bss.g_request_in_progress
                0x200046a0        0x1 ./drivers/mss_sys_services/mss_comblk.o
 .bss.g_comblk_state
                0x200046a1        0x1 ./drivers/mss_sys_services/mss_comblk.o
 *fill*         0x200046a2        0x2 
 .bss.g_async_event_handler
                0x200046a4        0x4 ./drivers/mss_sys_services/mss_comblk.o
 .bss.g_transfer
                0x200046a8       0x18 ./drivers/mss_hpdma/mss_hpdma.o
 .bss.g_hpdma_end_desc
                0x200046c0        0x4 ./drivers/mss_hpdma/mss_hpdma.o
 .bss.g_hpdma_current_desc
                0x200046c4        0x4 ./drivers/mss_hpdma/mss_hpdma.o
 .bss.__malloc_free_list
                0x200046c8        0x4 c:/microsemi/softconsole_v5.1/arm-none-eabi-gcc/bin/../lib/gcc/arm-none-eabi/6.3.1/../../../../arm-none-eabi/lib/thumb/v7-m\libg_nano.a(lib_a-nano-mallocr.o)
                0x200046c8                __malloc_free_list
 .bss.__malloc_sbrk_start
                0x200046cc        0x4 c:/microsemi/softconsole_v5.1/arm-none-eabi-gcc/bin/../lib/gcc/arm-none-eabi/6.3.1/../../../../arm-none-eabi/lib/thumb/v7-m\libg_nano.a(lib_a-nano-mallocr.o)
                0x200046cc                __malloc_sbrk_start
 .bss.heap_end.6161
                0x200046d0        0x4 c:/microsemi/softconsole_v5.1/arm-none-eabi-gcc/bin/../lib/gcc/arm-none-eabi/6.3.1/../../../../arm-none-eabi/lib/thumb/v7-m\librdimon_nano.a(rdimon-syscalls.o)
 .bss.monitor_stderr
                0x200046d4        0x4 c:/microsemi/softconsole_v5.1/arm-none-eabi-gcc/bin/../lib/gcc/arm-none-eabi/6.3.1/../../../../arm-none-eabi/lib/thumb/v7-m\librdimon_nano.a(rdimon-syscalls.o)
 .bss.monitor_stdin
                0x200046d8        0x4 c:/microsemi/softconsole_v5.1/arm-none-eabi-gcc/bin/../lib/gcc/arm-none-eabi/6.3.1/../../../../arm-none-eabi/lib/thumb/v7-m\librdimon_nano.a(rdimon-syscalls.o)
 .bss.monitor_stdout
                0x200046dc        0x4 c:/microsemi/softconsole_v5.1/arm-none-eabi-gcc/bin/../lib/gcc/arm-none-eabi/6.3.1/../../../../arm-none-eabi/lib/thumb/v7-m\librdimon_nano.a(rdimon-syscalls.o)
 .bss.openfiles
                0x200046e0       0xa0 c:/microsemi/softconsole_v5.1/arm-none-eabi-gcc/bin/../lib/gcc/arm-none-eabi/6.3.1/../../../../arm-none-eabi/lib/thumb/v7-m\librdimon_nano.a(rdimon-syscalls.o)
 *(COMMON)
 COMMON         0x20004780       0x48 ./src/MCP3909.o
                0x20004780                g_core_spi0
 COMMON         0x200047c8      0x108 ./drivers/mss_spi/mss_spi.o
                0x200047c8                g_mss_spi1
                0x2000484c                g_mss_spi0
 COMMON         0x200048d0       0x14 ./main.o
                0x200048d0                g_gpio
                0x200048d8                g_uart
                0x200048e0                the_pwm
 COMMON         0x200048e4        0x4 c:/microsemi/softconsole_v5.1/arm-none-eabi-gcc/bin/../lib/gcc/arm-none-eabi/6.3.1/../../../../arm-none-eabi/lib/thumb/v7-m\libg_nano.a(lib_a-reent.o)
                0x200048e4                errno
                0x200048f0                . = ALIGN (0x10)
 *fill*         0x200048e8        0x8 
                0x200048f0                __bss_end__ = .
                0x200048f0                _end = .
                0x200048f0                __end = _end
                0x200048f0                _ebss = .
                0x200048f0                PROVIDE (end, .)

.heap           0x200048f0     0xa710
                0x200048f0                __heap_start__ = .
                0x200058f0                . = (. + MIN_SIZE_HEAP)
 *fill*         0x200048f0     0x1000 
                0x2000f000                . = (. + (((ABSOLUTE (RAM_START_ADDRESS) + RAM_SIZE) - MAIN_STACK_SIZE) - .))
 *fill*         0x200058f0     0x9710 
                0x2000f000                _eheap = .

.stack          0x2000f000     0x1000
                0x2000f000                __stack_start__ = .
                0x20010000                . = (. + MAIN_STACK_SIZE)
 *fill*         0x2000f000     0x1000 
                0x20010000                _estack = .

.stab
 *(.stab)

.stabstr
 *(.stabstr)

.debug
 *(.debug)

.line
 *(.line)

.debug_srcinfo
 *(.debug_srcinfo)

.debug_sfnames
 *(.debug_sfnames)

.debug_aranges  0x00000000      0xa50
 *(.debug_aranges)
 .debug_aranges
                0x00000000       0x50 ./src/MCP3909.o
 .debug_aranges
                0x00000050       0x20 ./src/demo.o
 .debug_aranges
                0x00000070       0x20 ./hal/CortexM3/GNU/hal.o
 .debug_aranges
                0x00000090       0x20 ./hal/CortexM3/GNU/hw_reg_access.o
 .debug_aranges
                0x000000b0       0x48 ./hal/CortexM3/cortex_nvic.o
 .debug_aranges
                0x000000f8       0x18 ./drivers_config/sys_config/sys_config.o
 .debug_aranges
                0x00000110       0x90 ./drivers/mss_sys_services/mss_comblk.o
 .debug_aranges
                0x000001a0      0x1c8 ./drivers/mss_sys_services/mss_sys_services.o
 .debug_aranges
                0x00000368       0xe0 ./drivers/mss_spi/mss_spi.o
 .debug_aranges
                0x00000448       0xc0 ./drivers/mss_rtc/mss_rtc.o
 .debug_aranges
                0x00000508       0x80 ./drivers/mss_nvm/mss_nvm.o
 .debug_aranges
                0x00000588       0x80 ./drivers/mss_hpdma/mss_hpdma.o
 .debug_aranges
                0x00000608       0x48 ./drivers/CoreUARTapb/core_uart_apb.o
 .debug_aranges
                0x00000650       0xa8 ./drivers/CoreSPI/core_spi.o
 .debug_aranges
                0x000006f8       0xb8 ./drivers/CorePWM/core_pwm.o
 .debug_aranges
                0x000007b0      0x110 ./drivers/CoreI2C/core_i2c.o
 .debug_aranges
                0x000008c0       0x28 ./drivers/CoreI2C/i2c_interrupt.o
 .debug_aranges
                0x000008e8       0x68 ./drivers/CoreGPIO/core_gpio.o
 .debug_aranges
                0x00000950       0x20 ./CMSIS/startup_gcc/startup_m2sxxx.o
 .debug_aranges
                0x00000970       0x50 ./CMSIS/system_m2sxxx.o
 .debug_aranges
                0x000009c0       0x90 ./main.o

.debug_pubnames
 *(.debug_pubnames)

.debug_info     0x00000000    0x10018
 *(.debug_info .gnu.linkonce.wi.*)
 .debug_info    0x00000000      0x6de ./src/MCP3909.o
 .debug_info    0x000006de      0x306 ./src/demo.o
 .debug_info    0x000009e4       0xc5 ./hal/CortexM3/GNU/hal.o
 .debug_info    0x00000aa9       0xcf ./hal/CortexM3/GNU/hw_reg_access.o
 .debug_info    0x00000b78      0x18f ./hal/CortexM3/cortex_nvic.o
 .debug_info    0x00000d07       0x96 ./drivers_config/sys_config/sys_config.o
 .debug_info    0x00000d9d      0xadb ./drivers/mss_sys_services/mss_comblk.o
 .debug_info    0x00001878     0x262d ./drivers/mss_sys_services/mss_sys_services.o
 .debug_info    0x00003ea5     0x1da8 ./drivers/mss_spi/mss_spi.o
 .debug_info    0x00005c4d     0x195f ./drivers/mss_rtc/mss_rtc.o
 .debug_info    0x000075ac     0x11c4 ./drivers/mss_nvm/mss_nvm.o
 .debug_info    0x00008770     0x1145 ./drivers/mss_hpdma/mss_hpdma.o
 .debug_info    0x000098b5      0x374 ./drivers/CoreUARTapb/core_uart_apb.o
 .debug_info    0x00009c29      0xfc9 ./drivers/CoreSPI/core_spi.o
 .debug_info    0x0000abf2      0xafc ./drivers/CorePWM/core_pwm.o
 .debug_info    0x0000b6ee     0x14ab ./drivers/CoreI2C/core_i2c.o
 .debug_info    0x0000cb99      0x353 ./drivers/CoreI2C/i2c_interrupt.o
 .debug_info    0x0000ceec      0x579 ./drivers/CoreGPIO/core_gpio.o
 .debug_info    0x0000d465       0xd1 ./CMSIS/startup_gcc/startup_m2sxxx.o
 .debug_info    0x0000d536      0xab9 ./CMSIS/system_m2sxxx.o
 .debug_info    0x0000dfef     0x2029 ./main.o

.debug_abbrev   0x00000000     0x21b0
 *(.debug_abbrev)
 .debug_abbrev  0x00000000      0x13a ./src/MCP3909.o
 .debug_abbrev  0x0000013a       0xe6 ./src/demo.o
 .debug_abbrev  0x00000220       0x14 ./hal/CortexM3/GNU/hal.o
 .debug_abbrev  0x00000234       0x14 ./hal/CortexM3/GNU/hw_reg_access.o
 .debug_abbrev  0x00000248       0x8b ./hal/CortexM3/cortex_nvic.o
 .debug_abbrev  0x000002d3       0x4e ./drivers_config/sys_config/sys_config.o
 .debug_abbrev  0x00000321      0x1fc ./drivers/mss_sys_services/mss_comblk.o
 .debug_abbrev  0x0000051d      0x31d ./drivers/mss_sys_services/mss_sys_services.o
 .debug_abbrev  0x0000083a      0x311 ./drivers/mss_spi/mss_spi.o
 .debug_abbrev  0x00000b4b      0x341 ./drivers/mss_rtc/mss_rtc.o
 .debug_abbrev  0x00000e8c      0x1cb ./drivers/mss_nvm/mss_nvm.o
 .debug_abbrev  0x00001057      0x269 ./drivers/mss_hpdma/mss_hpdma.o
 .debug_abbrev  0x000012c0      0x127 ./drivers/CoreUARTapb/core_uart_apb.o
 .debug_abbrev  0x000013e7      0x267 ./drivers/CoreSPI/core_spi.o
 .debug_abbrev  0x0000164e      0x186 ./drivers/CorePWM/core_pwm.o
 .debug_abbrev  0x000017d4      0x2ac ./drivers/CoreI2C/core_i2c.o
 .debug_abbrev  0x00001a80       0xff ./drivers/CoreI2C/i2c_interrupt.o
 .debug_abbrev  0x00001b7f      0x142 ./drivers/CoreGPIO/core_gpio.o
 .debug_abbrev  0x00001cc1       0x14 ./CMSIS/startup_gcc/startup_m2sxxx.o
 .debug_abbrev  0x00001cd5      0x190 ./CMSIS/system_m2sxxx.o
 .debug_abbrev  0x00001e65      0x34b ./main.o

.debug_line     0x00000000     0x64f6
 *(.debug_line)
 .debug_line    0x00000000      0x2bf ./src/MCP3909.o
 .debug_line    0x000002bf      0x24e ./src/demo.o
 .debug_line    0x0000050d       0x4d ./hal/CortexM3/GNU/hal.o
 .debug_line    0x0000055a       0x8b ./hal/CortexM3/GNU/hw_reg_access.o
 .debug_line    0x000005e5      0x2c5 ./hal/CortexM3/cortex_nvic.o
 .debug_line    0x000008aa      0x2ce ./drivers_config/sys_config/sys_config.o
 .debug_line    0x00000b78      0x587 ./drivers/mss_sys_services/mss_comblk.o
 .debug_line    0x000010ff      0xdee ./drivers/mss_sys_services/mss_sys_services.o
 .debug_line    0x00001eed      0x7fc ./drivers/mss_spi/mss_spi.o
 .debug_line    0x000026e9      0x6ab ./drivers/mss_rtc/mss_rtc.o
 .debug_line    0x00002d94      0x6c5 ./drivers/mss_nvm/mss_nvm.o
 .debug_line    0x00003459      0x490 ./drivers/mss_hpdma/mss_hpdma.o
 .debug_line    0x000038e9      0x454 ./drivers/CoreUARTapb/core_uart_apb.o
 .debug_line    0x00003d3d      0x6f5 ./drivers/CoreSPI/core_spi.o
 .debug_line    0x00004432      0x6ed ./drivers/CorePWM/core_pwm.o
 .debug_line    0x00004b1f      0x701 ./drivers/CoreI2C/core_i2c.o
 .debug_line    0x00005220      0x2bf ./drivers/CoreI2C/i2c_interrupt.o
 .debug_line    0x000054df      0x491 ./drivers/CoreGPIO/core_gpio.o
 .debug_line    0x00005970      0x18e ./CMSIS/startup_gcc/startup_m2sxxx.o
 .debug_line    0x00005afe      0x37d ./CMSIS/system_m2sxxx.o
 .debug_line    0x00005e7b      0x67b ./main.o

.debug_frame    0x00000000     0x3434
 *(.debug_frame)
 .debug_frame   0x00000000      0x110 ./src/MCP3909.o
 .debug_frame   0x00000110       0x34 ./src/demo.o
 .debug_frame   0x00000144       0xf8 ./hal/CortexM3/cortex_nvic.o
 .debug_frame   0x0000023c      0x240 ./drivers/mss_sys_services/mss_comblk.o
 .debug_frame   0x0000047c      0x7dc ./drivers/mss_sys_services/mss_sys_services.o
 .debug_frame   0x00000c58      0x3c0 ./drivers/mss_spi/mss_spi.o
 .debug_frame   0x00001018      0x32c ./drivers/mss_rtc/mss_rtc.o
 .debug_frame   0x00001344      0x208 ./drivers/mss_nvm/mss_nvm.o
 .debug_frame   0x0000154c      0x210 ./drivers/mss_hpdma/mss_hpdma.o
 .debug_frame   0x0000175c       0xf0 ./drivers/CoreUARTapb/core_uart_apb.o
 .debug_frame   0x0000184c      0x2a0 ./drivers/CoreSPI/core_spi.o
 .debug_frame   0x00001aec      0x2e0 ./drivers/CorePWM/core_pwm.o
 .debug_frame   0x00001dcc      0x480 ./drivers/CoreI2C/core_i2c.o
 .debug_frame   0x0000224c       0x60 ./drivers/CoreI2C/i2c_interrupt.o
 .debug_frame   0x000022ac      0x178 ./drivers/CoreGPIO/core_gpio.o
 .debug_frame   0x00002424      0x10c ./CMSIS/system_m2sxxx.o
 .debug_frame   0x00002530      0x214 ./main.o
 .debug_frame   0x00002744       0xac c:/microsemi/softconsole_v5.1/arm-none-eabi-gcc/bin/../lib/gcc/arm-none-eabi/6.3.1/thumb/v7-m\libgcc.a(_arm_addsubdf3.o)
 .debug_frame   0x000027f0       0x50 c:/microsemi/softconsole_v5.1/arm-none-eabi-gcc/bin/../lib/gcc/arm-none-eabi/6.3.1/thumb/v7-m\libgcc.a(_arm_muldivdf3.o)
 .debug_frame   0x00002840       0x28 c:/microsemi/softconsole_v5.1/arm-none-eabi-gcc/bin/../lib/gcc/arm-none-eabi/6.3.1/../../../../arm-none-eabi/lib/thumb/v7-m\libg_nano.a(lib_a-exit.o)
 .debug_frame   0x00002868       0x2c c:/microsemi/softconsole_v5.1/arm-none-eabi-gcc/bin/../lib/gcc/arm-none-eabi/6.3.1/../../../../arm-none-eabi/lib/thumb/v7-m\libg_nano.a(lib_a-init.o)
 .debug_frame   0x00002894       0x28 c:/microsemi/softconsole_v5.1/arm-none-eabi-gcc/bin/../lib/gcc/arm-none-eabi/6.3.1/../../../../arm-none-eabi/lib/thumb/v7-m\libg_nano.a(lib_a-memcpy-stub.o)
 .debug_frame   0x000028bc       0x20 c:/microsemi/softconsole_v5.1/arm-none-eabi-gcc/bin/../lib/gcc/arm-none-eabi/6.3.1/../../../../arm-none-eabi/lib/thumb/v7-m\libg_nano.a(lib_a-memset.o)
 .debug_frame   0x000028dc       0x74 c:/microsemi/softconsole_v5.1/arm-none-eabi-gcc/bin/../lib/gcc/arm-none-eabi/6.3.1/../../../../arm-none-eabi/lib/thumb/v7-m\libg_nano.a(lib_a-printf.o)
 .debug_frame   0x00002950      0x11c c:/microsemi/softconsole_v5.1/arm-none-eabi-gcc/bin/../lib/gcc/arm-none-eabi/6.3.1/../../../../arm-none-eabi/lib/thumb/v7-m\libg_nano.a(lib_a-findfp.o)
 .debug_frame   0x00002a6c       0x54 c:/microsemi/softconsole_v5.1/arm-none-eabi-gcc/bin/../lib/gcc/arm-none-eabi/6.3.1/../../../../arm-none-eabi/lib/thumb/v7-m\libg_nano.a(lib_a-fwalk.o)
 .debug_frame   0x00002ac0       0x2c c:/microsemi/softconsole_v5.1/arm-none-eabi-gcc/bin/../lib/gcc/arm-none-eabi/6.3.1/../../../../arm-none-eabi/lib/thumb/v7-m\libg_nano.a(lib_a-nano-mallocr.o)
 .debug_frame   0x00002aec       0xac c:/microsemi/softconsole_v5.1/arm-none-eabi-gcc/bin/../lib/gcc/arm-none-eabi/6.3.1/../../../../arm-none-eabi/lib/thumb/v7-m\libg_nano.a(lib_a-nano-vfprintf.o)
 .debug_frame   0x00002b98       0x60 c:/microsemi/softconsole_v5.1/arm-none-eabi-gcc/bin/../lib/gcc/arm-none-eabi/6.3.1/../../../../arm-none-eabi/lib/thumb/v7-m\libg_nano.a(lib_a-nano-vfprintf_i.o)
 .debug_frame   0x00002bf8       0x2c c:/microsemi/softconsole_v5.1/arm-none-eabi-gcc/bin/../lib/gcc/arm-none-eabi/6.3.1/../../../../arm-none-eabi/lib/thumb/v7-m\libg_nano.a(lib_a-sbrkr.o)
 .debug_frame   0x00002c24       0x88 c:/microsemi/softconsole_v5.1/arm-none-eabi-gcc/bin/../lib/gcc/arm-none-eabi/6.3.1/../../../../arm-none-eabi/lib/thumb/v7-m\libg_nano.a(lib_a-stdio.o)
 .debug_frame   0x00002cac       0x40 c:/microsemi/softconsole_v5.1/arm-none-eabi-gcc/bin/../lib/gcc/arm-none-eabi/6.3.1/../../../../arm-none-eabi/lib/thumb/v7-m\libg_nano.a(lib_a-wbuf.o)
 .debug_frame   0x00002cec       0x2c c:/microsemi/softconsole_v5.1/arm-none-eabi-gcc/bin/../lib/gcc/arm-none-eabi/6.3.1/../../../../arm-none-eabi/lib/thumb/v7-m\libg_nano.a(lib_a-writer.o)
 .debug_frame   0x00002d18       0x2c c:/microsemi/softconsole_v5.1/arm-none-eabi-gcc/bin/../lib/gcc/arm-none-eabi/6.3.1/../../../../arm-none-eabi/lib/thumb/v7-m\libg_nano.a(lib_a-wsetup.o)
 .debug_frame   0x00002d44       0x2c c:/microsemi/softconsole_v5.1/arm-none-eabi-gcc/bin/../lib/gcc/arm-none-eabi/6.3.1/../../../../arm-none-eabi/lib/thumb/v7-m\libg_nano.a(lib_a-closer.o)
 .debug_frame   0x00002d70       0x68 c:/microsemi/softconsole_v5.1/arm-none-eabi-gcc/bin/../lib/gcc/arm-none-eabi/6.3.1/../../../../arm-none-eabi/lib/thumb/v7-m\libg_nano.a(lib_a-fflush.o)
 .debug_frame   0x00002dd8       0x3c c:/microsemi/softconsole_v5.1/arm-none-eabi-gcc/bin/../lib/gcc/arm-none-eabi/6.3.1/../../../../arm-none-eabi/lib/thumb/v7-m\libg_nano.a(lib_a-fvwrite.o)
 .debug_frame   0x00002e14       0x2c c:/microsemi/softconsole_v5.1/arm-none-eabi-gcc/bin/../lib/gcc/arm-none-eabi/6.3.1/../../../../arm-none-eabi/lib/thumb/v7-m\libg_nano.a(lib_a-lseekr.o)
 .debug_frame   0x00002e40       0x58 c:/microsemi/softconsole_v5.1/arm-none-eabi-gcc/bin/../lib/gcc/arm-none-eabi/6.3.1/../../../../arm-none-eabi/lib/thumb/v7-m\libg_nano.a(lib_a-makebuf.o)
 .debug_frame   0x00002e98       0x28 c:/microsemi/softconsole_v5.1/arm-none-eabi-gcc/bin/../lib/gcc/arm-none-eabi/6.3.1/../../../../arm-none-eabi/lib/thumb/v7-m\libg_nano.a(lib_a-memchr-stub.o)
 .debug_frame   0x00002ec0       0x28 c:/microsemi/softconsole_v5.1/arm-none-eabi-gcc/bin/../lib/gcc/arm-none-eabi/6.3.1/../../../../arm-none-eabi/lib/thumb/v7-m\libg_nano.a(lib_a-memmove.o)
 .debug_frame   0x00002ee8       0x30 c:/microsemi/softconsole_v5.1/arm-none-eabi-gcc/bin/../lib/gcc/arm-none-eabi/6.3.1/../../../../arm-none-eabi/lib/thumb/v7-m\libg_nano.a(lib_a-mlock.o)
 .debug_frame   0x00002f18       0x38 c:/microsemi/softconsole_v5.1/arm-none-eabi-gcc/bin/../lib/gcc/arm-none-eabi/6.3.1/../../../../arm-none-eabi/lib/thumb/v7-m\libg_nano.a(lib_a-nano-freer.o)
 .debug_frame   0x00002f50       0x3c c:/microsemi/softconsole_v5.1/arm-none-eabi-gcc/bin/../lib/gcc/arm-none-eabi/6.3.1/../../../../arm-none-eabi/lib/thumb/v7-m\libg_nano.a(lib_a-nano-reallocr.o)
 .debug_frame   0x00002f8c       0x2c c:/microsemi/softconsole_v5.1/arm-none-eabi-gcc/bin/../lib/gcc/arm-none-eabi/6.3.1/../../../../arm-none-eabi/lib/thumb/v7-m\libg_nano.a(lib_a-readr.o)
 .debug_frame   0x00002fb8       0x5c c:/microsemi/softconsole_v5.1/arm-none-eabi-gcc/bin/../lib/gcc/arm-none-eabi/6.3.1/../../../../arm-none-eabi/lib/thumb/v7-m\libg_nano.a(lib_a-reent.o)
 .debug_frame   0x00003014       0x2c c:/microsemi/softconsole_v5.1/arm-none-eabi-gcc/bin/../lib/gcc/arm-none-eabi/6.3.1/../../../../arm-none-eabi/lib/thumb/v7-m\libg_nano.a(lib_a-fstatr.o)
 .debug_frame   0x00003040       0x2c c:/microsemi/softconsole_v5.1/arm-none-eabi-gcc/bin/../lib/gcc/arm-none-eabi/6.3.1/../../../../arm-none-eabi/lib/thumb/v7-m\libg_nano.a(lib_a-isattyr.o)
 .debug_frame   0x0000306c       0x20 c:/microsemi/softconsole_v5.1/arm-none-eabi-gcc/bin/../lib/gcc/arm-none-eabi/6.3.1/../../../../arm-none-eabi/lib/thumb/v7-m\libg_nano.a(lib_a-nano-msizer.o)
 .debug_frame   0x0000308c      0x33c c:/microsemi/softconsole_v5.1/arm-none-eabi-gcc/bin/../lib/gcc/arm-none-eabi/6.3.1/../../../../arm-none-eabi/lib/thumb/v7-m\librdimon_nano.a(rdimon-syscalls.o)
 .debug_frame   0x000033c8       0x20 c:/microsemi/softconsole_v5.1/arm-none-eabi-gcc/bin/../lib/gcc/arm-none-eabi/6.3.1/../../../../arm-none-eabi/lib/thumb/v7-m\librdimon_nano.a(rdimon-_exit.o)
 .debug_frame   0x000033e8       0x2c c:/microsemi/softconsole_v5.1/arm-none-eabi-gcc/bin/../lib/gcc/arm-none-eabi/6.3.1/../../../../arm-none-eabi/lib/thumb/v7-m\librdimon_nano.a(rdimon-_kill.o)
 .debug_frame   0x00003414       0x20 c:/microsemi/softconsole_v5.1/arm-none-eabi-gcc/bin/../lib/gcc/arm-none-eabi/6.3.1/../../../../arm-none-eabi/lib/thumb/v7-m\libc_nano.a(lib_a-errno.o)

.debug_str      0x00000000    0x18021
 *(.debug_str)
 .debug_str     0x00000000     0x3608 ./src/MCP3909.o
                               0x38f5 (size before relaxing)
 .debug_str     0x00003608       0xbb ./src/demo.o
                               0x37df (size before relaxing)
 .debug_str     0x000036c3      0x5db ./hal/CortexM3/cortex_nvic.o
                               0x3a44 (size before relaxing)
 .debug_str     0x00003c9e     0x58a9 ./drivers_config/sys_config/sys_config.o
                               0x8cd9 (size before relaxing)
 .debug_str     0x00009547      0xa1d ./drivers/mss_sys_services/mss_comblk.o
                               0x9aa2 (size before relaxing)
 .debug_str     0x00009f64     0x5577 ./drivers/mss_sys_services/mss_sys_services.o
                               0xe79a (size before relaxing)
 .debug_str     0x0000f4db      0xa1f ./drivers/mss_spi/mss_spi.o
                               0xd305 (size before relaxing)
 .debug_str     0x0000fefa      0x828 ./drivers/mss_rtc/mss_rtc.o
                               0xcf44 (size before relaxing)
 .debug_str     0x00010722      0xd4a ./drivers/mss_nvm/mss_nvm.o
                               0xa469 (size before relaxing)
 .debug_str     0x0001146c      0x754 ./drivers/mss_hpdma/mss_hpdma.o
                               0xa3bc (size before relaxing)
 .debug_str     0x00011bc0      0xf25 ./drivers/CoreUARTapb/core_uart_apb.o
                               0x4913 (size before relaxing)
 .debug_str     0x00012ae5     0x115d ./drivers/CoreSPI/core_spi.o
                               0x81f2 (size before relaxing)
 .debug_str     0x00013c42      0xe48 ./drivers/CorePWM/core_pwm.o
                               0x4f84 (size before relaxing)
 .debug_str     0x00014a8a      0xfe2 ./drivers/CoreI2C/core_i2c.o
                               0x7d54 (size before relaxing)
 .debug_str     0x00015a6c       0x42 ./drivers/CoreI2C/i2c_interrupt.o
                               0x4457 (size before relaxing)
 .debug_str     0x00015aae      0x996 ./drivers/CoreGPIO/core_gpio.o
                               0x4ac8 (size before relaxing)
 .debug_str     0x00016444      0x4ee ./CMSIS/system_m2sxxx.o
                               0x9988 (size before relaxing)
 .debug_str     0x00016932     0x16ef ./main.o
                               0xf0b3 (size before relaxing)

.debug_loc
 *(.debug_loc)

.debug_macinfo
 *(.debug_macinfo)

.debug_weaknames
 *(.debug_weaknames)

.debug_funcnames
 *(.debug_funcnames)

.debug_typenames
 *(.debug_typenames)

.debug_varnames
 *(.debug_varnames)

.note.gnu.arm.ident
 *(.note.gnu.arm.ident)

.ARM.attributes
                0x00000000       0x29
 *(.ARM.attributes)
 .ARM.attributes
                0x00000000       0x1d c:/microsemi/softconsole_v5.1/arm-none-eabi-gcc/bin/../lib/gcc/arm-none-eabi/6.3.1/thumb/v7-m/crti.o
 .ARM.attributes
                0x0000001d       0x2d c:/microsemi/softconsole_v5.1/arm-none-eabi-gcc/bin/../lib/gcc/arm-none-eabi/6.3.1/thumb/v7-m/crtbegin.o
 .ARM.attributes
                0x0000004a       0x1b c:/microsemi/softconsole_v5.1/arm-none-eabi-gcc/bin/../lib/gcc/arm-none-eabi/6.3.1/../../../../arm-none-eabi/lib/thumb/v7-m/rdimon-crt0.o
 .ARM.attributes
                0x00000065       0x33 ./src/MCP3909.o
 .ARM.attributes
                0x00000098       0x33 ./src/demo.o
 .ARM.attributes
                0x000000cb       0x21 ./hal/CortexM3/GNU/hal.o
 .ARM.attributes
                0x000000ec       0x21 ./hal/CortexM3/GNU/hw_reg_access.o
 .ARM.attributes
                0x0000010d       0x33 ./hal/CortexM3/cortex_nvic.o
 .ARM.attributes
                0x00000140       0x33 ./drivers_config/sys_config/sys_config.o
 .ARM.attributes
                0x00000173       0x33 ./drivers/mss_sys_services/mss_comblk.o
 .ARM.attributes
                0x000001a6       0x33 ./drivers/mss_sys_services/mss_sys_services.o
 .ARM.attributes
                0x000001d9       0x33 ./drivers/mss_spi/mss_spi.o
 .ARM.attributes
                0x0000020c       0x33 ./drivers/mss_rtc/mss_rtc.o
 .ARM.attributes
                0x0000023f       0x33 ./drivers/mss_nvm/mss_nvm.o
 .ARM.attributes
                0x00000272       0x33 ./drivers/mss_hpdma/mss_hpdma.o
 .ARM.attributes
                0x000002a5       0x33 ./drivers/CoreUARTapb/core_uart_apb.o
 .ARM.attributes
                0x000002d8       0x33 ./drivers/CoreSPI/core_spi.o
 .ARM.attributes
                0x0000030b       0x33 ./drivers/CorePWM/core_pwm.o
 .ARM.attributes
                0x0000033e       0x33 ./drivers/CoreI2C/core_i2c.o
 .ARM.attributes
                0x00000371       0x33 ./drivers/CoreI2C/i2c_interrupt.o
 .ARM.attributes
                0x000003a4       0x33 ./drivers/CoreGPIO/core_gpio.o
 .ARM.attributes
                0x000003d7       0x21 ./CMSIS/startup_gcc/startup_m2sxxx.o
 .ARM.attributes
                0x000003f8       0x33 ./CMSIS/system_m2sxxx.o
 .ARM.attributes
                0x0000042b       0x33 ./main.o
 .ARM.attributes
                0x0000045e       0x1d c:/microsemi/softconsole_v5.1/arm-none-eabi-gcc/bin/../lib/gcc/arm-none-eabi/6.3.1/thumb/v7-m\libgcc.a(_arm_addsubdf3.o)
 .ARM.attributes
                0x0000047b       0x1d c:/microsemi/softconsole_v5.1/arm-none-eabi-gcc/bin/../lib/gcc/arm-none-eabi/6.3.1/thumb/v7-m\libgcc.a(_arm_muldivdf3.o)
 .ARM.attributes
                0x00000498       0x2d c:/microsemi/softconsole_v5.1/arm-none-eabi-gcc/bin/../lib/gcc/arm-none-eabi/6.3.1/../../../../arm-none-eabi/lib/thumb/v7-m\libg_nano.a(lib_a-exit.o)
 .ARM.attributes
                0x000004c5       0x2d c:/microsemi/softconsole_v5.1/arm-none-eabi-gcc/bin/../lib/gcc/arm-none-eabi/6.3.1/../../../../arm-none-eabi/lib/thumb/v7-m\libg_nano.a(lib_a-impure.o)
 .ARM.attributes
                0x000004f2       0x2d c:/microsemi/softconsole_v5.1/arm-none-eabi-gcc/bin/../lib/gcc/arm-none-eabi/6.3.1/../../../../arm-none-eabi/lib/thumb/v7-m\libg_nano.a(lib_a-init.o)
 .ARM.attributes
                0x0000051f       0x2d c:/microsemi/softconsole_v5.1/arm-none-eabi-gcc/bin/../lib/gcc/arm-none-eabi/6.3.1/../../../../arm-none-eabi/lib/thumb/v7-m\libg_nano.a(lib_a-memcpy-stub.o)
 .ARM.attributes
                0x0000054c       0x2d c:/microsemi/softconsole_v5.1/arm-none-eabi-gcc/bin/../lib/gcc/arm-none-eabi/6.3.1/../../../../arm-none-eabi/lib/thumb/v7-m\libg_nano.a(lib_a-memset.o)
 .ARM.attributes
                0x00000579       0x2d c:/microsemi/softconsole_v5.1/arm-none-eabi-gcc/bin/../lib/gcc/arm-none-eabi/6.3.1/../../../../arm-none-eabi/lib/thumb/v7-m\libg_nano.a(lib_a-printf.o)
 .ARM.attributes
                0x000005a6       0x2d c:/microsemi/softconsole_v5.1/arm-none-eabi-gcc/bin/../lib/gcc/arm-none-eabi/6.3.1/../../../../arm-none-eabi/lib/thumb/v7-m\libg_nano.a(lib_a-findfp.o)
 .ARM.attributes
                0x000005d3       0x2d c:/microsemi/softconsole_v5.1/arm-none-eabi-gcc/bin/../lib/gcc/arm-none-eabi/6.3.1/../../../../arm-none-eabi/lib/thumb/v7-m\libg_nano.a(lib_a-fwalk.o)
 .ARM.attributes
                0x00000600       0x2d c:/microsemi/softconsole_v5.1/arm-none-eabi-gcc/bin/../lib/gcc/arm-none-eabi/6.3.1/../../../../arm-none-eabi/lib/thumb/v7-m\libg_nano.a(lib_a-nano-mallocr.o)
 .ARM.attributes
                0x0000062d       0x2d c:/microsemi/softconsole_v5.1/arm-none-eabi-gcc/bin/../lib/gcc/arm-none-eabi/6.3.1/../../../../arm-none-eabi/lib/thumb/v7-m\libg_nano.a(lib_a-nano-vfprintf.o)
 .ARM.attributes
                0x0000065a       0x2d c:/microsemi/softconsole_v5.1/arm-none-eabi-gcc/bin/../lib/gcc/arm-none-eabi/6.3.1/../../../../arm-none-eabi/lib/thumb/v7-m\libg_nano.a(lib_a-nano-vfprintf_i.o)
 .ARM.attributes
                0x00000687       0x2d c:/microsemi/softconsole_v5.1/arm-none-eabi-gcc/bin/../lib/gcc/arm-none-eabi/6.3.1/../../../../arm-none-eabi/lib/thumb/v7-m\libg_nano.a(lib_a-sbrkr.o)
 .ARM.attributes
                0x000006b4       0x2d c:/microsemi/softconsole_v5.1/arm-none-eabi-gcc/bin/../lib/gcc/arm-none-eabi/6.3.1/../../../../arm-none-eabi/lib/thumb/v7-m\libg_nano.a(lib_a-stdio.o)
 .ARM.attributes
                0x000006e1       0x2d c:/microsemi/softconsole_v5.1/arm-none-eabi-gcc/bin/../lib/gcc/arm-none-eabi/6.3.1/../../../../arm-none-eabi/lib/thumb/v7-m\libg_nano.a(lib_a-wbuf.o)
 .ARM.attributes
                0x0000070e       0x2d c:/microsemi/softconsole_v5.1/arm-none-eabi-gcc/bin/../lib/gcc/arm-none-eabi/6.3.1/../../../../arm-none-eabi/lib/thumb/v7-m\libg_nano.a(lib_a-writer.o)
 .ARM.attributes
                0x0000073b       0x2d c:/microsemi/softconsole_v5.1/arm-none-eabi-gcc/bin/../lib/gcc/arm-none-eabi/6.3.1/../../../../arm-none-eabi/lib/thumb/v7-m\libg_nano.a(lib_a-wsetup.o)
 .ARM.attributes
                0x00000768       0x2d c:/microsemi/softconsole_v5.1/arm-none-eabi-gcc/bin/../lib/gcc/arm-none-eabi/6.3.1/../../../../arm-none-eabi/lib/thumb/v7-m\libg_nano.a(lib_a-closer.o)
 .ARM.attributes
                0x00000795       0x2d c:/microsemi/softconsole_v5.1/arm-none-eabi-gcc/bin/../lib/gcc/arm-none-eabi/6.3.1/../../../../arm-none-eabi/lib/thumb/v7-m\libg_nano.a(lib_a-fflush.o)
 .ARM.attributes
                0x000007c2       0x2d c:/microsemi/softconsole_v5.1/arm-none-eabi-gcc/bin/../lib/gcc/arm-none-eabi/6.3.1/../../../../arm-none-eabi/lib/thumb/v7-m\libg_nano.a(lib_a-fvwrite.o)
 .ARM.attributes
                0x000007ef       0x2d c:/microsemi/softconsole_v5.1/arm-none-eabi-gcc/bin/../lib/gcc/arm-none-eabi/6.3.1/../../../../arm-none-eabi/lib/thumb/v7-m\libg_nano.a(lib_a-lseekr.o)
 .ARM.attributes
                0x0000081c       0x2d c:/microsemi/softconsole_v5.1/arm-none-eabi-gcc/bin/../lib/gcc/arm-none-eabi/6.3.1/../../../../arm-none-eabi/lib/thumb/v7-m\libg_nano.a(lib_a-makebuf.o)
 .ARM.attributes
                0x00000849       0x2d c:/microsemi/softconsole_v5.1/arm-none-eabi-gcc/bin/../lib/gcc/arm-none-eabi/6.3.1/../../../../arm-none-eabi/lib/thumb/v7-m\libg_nano.a(lib_a-memchr-stub.o)
 .ARM.attributes
                0x00000876       0x2d c:/microsemi/softconsole_v5.1/arm-none-eabi-gcc/bin/../lib/gcc/arm-none-eabi/6.3.1/../../../../arm-none-eabi/lib/thumb/v7-m\libg_nano.a(lib_a-memmove.o)
 .ARM.attributes
                0x000008a3       0x2d c:/microsemi/softconsole_v5.1/arm-none-eabi-gcc/bin/../lib/gcc/arm-none-eabi/6.3.1/../../../../arm-none-eabi/lib/thumb/v7-m\libg_nano.a(lib_a-mlock.o)
 .ARM.attributes
                0x000008d0       0x2d c:/microsemi/softconsole_v5.1/arm-none-eabi-gcc/bin/../lib/gcc/arm-none-eabi/6.3.1/../../../../arm-none-eabi/lib/thumb/v7-m\libg_nano.a(lib_a-nano-freer.o)
 .ARM.attributes
                0x000008fd       0x2d c:/microsemi/softconsole_v5.1/arm-none-eabi-gcc/bin/../lib/gcc/arm-none-eabi/6.3.1/../../../../arm-none-eabi/lib/thumb/v7-m\libg_nano.a(lib_a-nano-reallocr.o)
 .ARM.attributes
                0x0000092a       0x2d c:/microsemi/softconsole_v5.1/arm-none-eabi-gcc/bin/../lib/gcc/arm-none-eabi/6.3.1/../../../../arm-none-eabi/lib/thumb/v7-m\libg_nano.a(lib_a-readr.o)
 .ARM.attributes
                0x00000957       0x2d c:/microsemi/softconsole_v5.1/arm-none-eabi-gcc/bin/../lib/gcc/arm-none-eabi/6.3.1/../../../../arm-none-eabi/lib/thumb/v7-m\libg_nano.a(lib_a-reent.o)
 .ARM.attributes
                0x00000984       0x2d c:/microsemi/softconsole_v5.1/arm-none-eabi-gcc/bin/../lib/gcc/arm-none-eabi/6.3.1/../../../../arm-none-eabi/lib/thumb/v7-m\libg_nano.a(lib_a-fstatr.o)
 .ARM.attributes
                0x000009b1       0x2d c:/microsemi/softconsole_v5.1/arm-none-eabi-gcc/bin/../lib/gcc/arm-none-eabi/6.3.1/../../../../arm-none-eabi/lib/thumb/v7-m\libg_nano.a(lib_a-isattyr.o)
 .ARM.attributes
                0x000009de       0x2d c:/microsemi/softconsole_v5.1/arm-none-eabi-gcc/bin/../lib/gcc/arm-none-eabi/6.3.1/../../../../arm-none-eabi/lib/thumb/v7-m\libg_nano.a(lib_a-nano-msizer.o)
 .ARM.attributes
                0x00000a0b       0x2d c:/microsemi/softconsole_v5.1/arm-none-eabi-gcc/bin/../lib/gcc/arm-none-eabi/6.3.1/../../../../arm-none-eabi/lib/thumb/v7-m\librdimon_nano.a(rdimon-syscalls.o)
 .ARM.attributes
                0x00000a38       0x2d c:/microsemi/softconsole_v5.1/arm-none-eabi-gcc/bin/../lib/gcc/arm-none-eabi/6.3.1/../../../../arm-none-eabi/lib/thumb/v7-m\librdimon_nano.a(rdimon-_exit.o)
 .ARM.attributes
                0x00000a65       0x2d c:/microsemi/softconsole_v5.1/arm-none-eabi-gcc/bin/../lib/gcc/arm-none-eabi/6.3.1/../../../../arm-none-eabi/lib/thumb/v7-m\librdimon_nano.a(rdimon-_kill.o)
 .ARM.attributes
                0x00000a92       0x2d c:/microsemi/softconsole_v5.1/arm-none-eabi-gcc/bin/../lib/gcc/arm-none-eabi/6.3.1/../../../../arm-none-eabi/lib/thumb/v7-m\libc_nano.a(lib_a-errno.o)
 .ARM.attributes
                0x00000abf       0x17 c:/microsemi/softconsole_v5.1/arm-none-eabi-gcc/bin/../lib/gcc/arm-none-eabi/6.3.1/../../../../arm-none-eabi/lib/thumb/v7-m\libc_nano.a(lib_a-strlen.o)
 .ARM.attributes
                0x00000ad6       0x2d c:/microsemi/softconsole_v5.1/arm-none-eabi-gcc/bin/../lib/gcc/arm-none-eabi/6.3.1/thumb/v7-m/crtend.o
 .ARM.attributes
                0x00000b03       0x1d c:/microsemi/softconsole_v5.1/arm-none-eabi-gcc/bin/../lib/gcc/arm-none-eabi/6.3.1/thumb/v7-m/crtn.o

/DISCARD/
 *(.note.GNU-stack)
 *(.isr_vector)
OUTPUT(FCBBaseDesign.elf elf32-littlearm)

.debug_ranges   0x00000000      0x948
 .debug_ranges  0x00000000       0x40 ./src/MCP3909.o
 .debug_ranges  0x00000040       0x10 ./src/demo.o
 .debug_ranges  0x00000050       0x38 ./hal/CortexM3/cortex_nvic.o
 .debug_ranges  0x00000088       0xd0 ./drivers/mss_sys_services/mss_comblk.o
 .debug_ranges  0x00000158      0x1b8 ./drivers/mss_sys_services/mss_sys_services.o
 .debug_ranges  0x00000310       0xd0 ./drivers/mss_spi/mss_spi.o
 .debug_ranges  0x000003e0       0xc8 ./drivers/mss_rtc/mss_rtc.o
 .debug_ranges  0x000004a8       0x70 ./drivers/mss_nvm/mss_nvm.o
 .debug_ranges  0x00000518       0x70 ./drivers/mss_hpdma/mss_hpdma.o
 .debug_ranges  0x00000588       0x38 ./drivers/CoreUARTapb/core_uart_apb.o
 .debug_ranges  0x000005c0       0x98 ./drivers/CoreSPI/core_spi.o
 .debug_ranges  0x00000658       0xa8 ./drivers/CorePWM/core_pwm.o
 .debug_ranges  0x00000700      0x100 ./drivers/CoreI2C/core_i2c.o
 .debug_ranges  0x00000800       0x18 ./drivers/CoreI2C/i2c_interrupt.o
 .debug_ranges  0x00000818       0x58 ./drivers/CoreGPIO/core_gpio.o
 .debug_ranges  0x00000870       0x58 ./CMSIS/system_m2sxxx.o
 .debug_ranges  0x000008c8       0x80 ./main.o

.debug_macro    0x00000000     0x58fb
 .debug_macro   0x00000000       0x88 ./src/MCP3909.o
 .debug_macro   0x00000088      0x898 ./src/MCP3909.o
 .debug_macro   0x00000920       0x22 ./src/MCP3909.o
 .debug_macro   0x00000942       0x87 ./src/MCP3909.o
 .debug_macro   0x000009c9       0x51 ./src/MCP3909.o
 .debug_macro   0x00000a1a       0xef ./src/MCP3909.o
 .debug_macro   0x00000b09       0x6a ./src/MCP3909.o
 .debug_macro   0x00000b73      0x1df ./src/MCP3909.o
 .debug_macro   0x00000d52       0x12 ./src/MCP3909.o
 .debug_macro   0x00000d64       0x91 ./src/demo.o
 .debug_macro   0x00000df5       0x3c ./src/demo.o
 .debug_macro   0x00000e31       0xb7 ./hal/CortexM3/cortex_nvic.o
 .debug_macro   0x00000ee8       0x58 ./hal/CortexM3/cortex_nvic.o
 .debug_macro   0x00000f40       0x35 ./hal/CortexM3/cortex_nvic.o
 .debug_macro   0x00000f75       0x9c ./hal/CortexM3/cortex_nvic.o
 .debug_macro   0x00001011       0x1c ./hal/CortexM3/cortex_nvic.o
 .debug_macro   0x0000102d       0xc7 ./drivers_config/sys_config/sys_config.o
 .debug_macro   0x000010f4       0x26 ./drivers_config/sys_config/sys_config.o
 .debug_macro   0x0000111a       0x34 ./drivers_config/sys_config/sys_config.o
 .debug_macro   0x0000114e       0x34 ./drivers_config/sys_config/sys_config.o
 .debug_macro   0x00001182      0xca6 ./drivers_config/sys_config/sys_config.o
 .debug_macro   0x00001e28      0x265 ./drivers_config/sys_config/sys_config.o
 .debug_macro   0x0000208d       0x3a ./drivers_config/sys_config/sys_config.o
 .debug_macro   0x000020c7       0x34 ./drivers_config/sys_config/sys_config.o
 .debug_macro   0x000020fb      0x169 ./drivers/mss_sys_services/mss_comblk.o
 .debug_macro   0x00002264      0x3eb ./drivers/mss_sys_services/mss_sys_services.o
 .debug_macro   0x0000264f      0x2f8 ./drivers/mss_sys_services/mss_sys_services.o
 .debug_macro   0x00002947      0x174 ./drivers/mss_sys_services/mss_sys_services.o
 .debug_macro   0x00002abb       0x58 ./drivers/mss_sys_services/mss_sys_services.o
 .debug_macro   0x00002b13       0x1f ./drivers/mss_sys_services/mss_sys_services.o
 .debug_macro   0x00002b32       0x43 ./drivers/mss_sys_services/mss_sys_services.o
 .debug_macro   0x00002b75       0x20 ./drivers/mss_sys_services/mss_sys_services.o
 .debug_macro   0x00002b95      0x187 ./drivers/mss_sys_services/mss_sys_services.o
 .debug_macro   0x00002d1c      0x30d ./drivers/mss_sys_services/mss_sys_services.o
 .debug_macro   0x00003029       0x10 ./drivers/mss_sys_services/mss_sys_services.o
 .debug_macro   0x00003039       0x35 ./drivers/mss_sys_services/mss_sys_services.o
 .debug_macro   0x0000306e      0x261 ./drivers/mss_spi/mss_spi.o
 .debug_macro   0x000032cf      0x229 ./drivers/mss_rtc/mss_rtc.o
 .debug_macro   0x000034f8       0x4a ./drivers/mss_rtc/mss_rtc.o
 .debug_macro   0x00003542      0x2b0 ./drivers/mss_nvm/mss_nvm.o
 .debug_macro   0x000037f2       0x16 ./drivers/mss_nvm/mss_nvm.o
 .debug_macro   0x00003808      0x152 ./drivers/mss_hpdma/mss_hpdma.o
 .debug_macro   0x0000395a       0x52 ./drivers/mss_hpdma/mss_hpdma.o
 .debug_macro   0x000039ac       0x8d ./drivers/mss_hpdma/mss_hpdma.o
 .debug_macro   0x00003a39       0x57 ./drivers/mss_hpdma/mss_hpdma.o
 .debug_macro   0x00003a90       0x10 ./drivers/mss_hpdma/mss_hpdma.o
 .debug_macro   0x00003aa0      0x128 ./drivers/CoreUARTapb/core_uart_apb.o
 .debug_macro   0x00003bc8       0x64 ./drivers/CoreUARTapb/core_uart_apb.o
 .debug_macro   0x00003c2c      0x106 ./drivers/CoreUARTapb/core_uart_apb.o
 .debug_macro   0x00003d32       0x46 ./drivers/CoreUARTapb/core_uart_apb.o
 .debug_macro   0x00003d78      0x1bd ./drivers/CoreSPI/core_spi.o
 .debug_macro   0x00003f35      0x3ec ./drivers/CoreSPI/core_spi.o
 .debug_macro   0x00004321      0x10c ./drivers/CorePWM/core_pwm.o
 .debug_macro   0x0000442d       0x12 ./drivers/CorePWM/core_pwm.o
 .debug_macro   0x0000443f      0x191 ./drivers/CorePWM/core_pwm.o
 .debug_macro   0x000045d0      0x276 ./drivers/CoreI2C/core_i2c.o
 .debug_macro   0x00004846      0x1c1 ./drivers/CoreI2C/core_i2c.o
 .debug_macro   0x00004a07       0xe9 ./drivers/CoreI2C/i2c_interrupt.o
 .debug_macro   0x00004af0      0x11c ./drivers/CoreGPIO/core_gpio.o
 .debug_macro   0x00004c0c      0x11c ./drivers/CoreGPIO/core_gpio.o
 .debug_macro   0x00004d28       0x64 ./drivers/CoreGPIO/core_gpio.o
 .debug_macro   0x00004d8c      0x173 ./CMSIS/system_m2sxxx.o
 .debug_macro   0x00004eff      0x2f1 ./main.o
 .debug_macro   0x000051f0       0x10 ./main.o
 .debug_macro   0x00005200       0x3a ./main.o
 .debug_macro   0x0000523a      0x122 ./main.o
 .debug_macro   0x0000535c       0x16 ./main.o
 .debug_macro   0x00005372       0x97 ./main.o
 .debug_macro   0x00005409       0xfd ./main.o
 .debug_macro   0x00005506       0x10 ./main.o
 .debug_macro   0x00005516       0x10 ./main.o
 .debug_macro   0x00005526       0x1c ./main.o
 .debug_macro   0x00005542       0x52 ./main.o
 .debug_macro   0x00005594       0x40 ./main.o
 .debug_macro   0x000055d4       0x10 ./main.o
 .debug_macro   0x000055e4       0x40 ./main.o
 .debug_macro   0x00005624       0xd7 ./main.o
 .debug_macro   0x000056fb       0x16 ./main.o
 .debug_macro   0x00005711      0x18b ./main.o
 .debug_macro   0x0000589c       0x19 ./main.o
 .debug_macro   0x000058b5       0x46 ./main.o

.comment        0x00000000       0x7f
 .comment       0x00000000       0x7f ./src/MCP3909.o
                                 0x80 (size before relaxing)
 .comment       0x0000007f       0x80 ./src/demo.o
 .comment       0x0000007f       0x80 ./hal/CortexM3/cortex_nvic.o
 .comment       0x0000007f       0x80 ./drivers_config/sys_config/sys_config.o
 .comment       0x0000007f       0x80 ./drivers/mss_sys_services/mss_comblk.o
 .comment       0x0000007f       0x80 ./drivers/mss_sys_services/mss_sys_services.o
 .comment       0x0000007f       0x80 ./drivers/mss_spi/mss_spi.o
 .comment       0x0000007f       0x80 ./drivers/mss_rtc/mss_rtc.o
 .comment       0x0000007f       0x80 ./drivers/mss_nvm/mss_nvm.o
 .comment       0x0000007f       0x80 ./drivers/mss_hpdma/mss_hpdma.o
 .comment       0x0000007f       0x80 ./drivers/CoreUARTapb/core_uart_apb.o
 .comment       0x0000007f       0x80 ./drivers/CoreSPI/core_spi.o
 .comment       0x0000007f       0x80 ./drivers/CorePWM/core_pwm.o
 .comment       0x0000007f       0x80 ./drivers/CoreI2C/core_i2c.o
 .comment       0x0000007f       0x80 ./drivers/CoreI2C/i2c_interrupt.o
 .comment       0x0000007f       0x80 ./drivers/CoreGPIO/core_gpio.o
 .comment       0x0000007f       0x80 ./CMSIS/system_m2sxxx.o
 .comment       0x0000007f       0x80 ./main.o
