Archive member included because of file (symbol)

c:/microsemi/softconsole_v4.0/arm-none-eabi-gcc/bin/../lib/gcc/arm-none-eabi/4.9.3/../../../../arm-none-eabi/lib/armv7-m\libg_nano.a(lib_a-exit.o)
                              c:/microsemi/softconsole_v4.0/arm-none-eabi-gcc/bin/../lib/gcc/arm-none-eabi/4.9.3/../../../../arm-none-eabi/lib/armv7-m/rdimon-crt0.o (exit)
c:/microsemi/softconsole_v4.0/arm-none-eabi-gcc/bin/../lib/gcc/arm-none-eabi/4.9.3/../../../../arm-none-eabi/lib/armv7-m\libg_nano.a(lib_a-impure.o)
                              c:/microsemi/softconsole_v4.0/arm-none-eabi-gcc/bin/../lib/gcc/arm-none-eabi/4.9.3/../../../../arm-none-eabi/lib/armv7-m\libg_nano.a(lib_a-exit.o) (_global_impure_ptr)
c:/microsemi/softconsole_v4.0/arm-none-eabi-gcc/bin/../lib/gcc/arm-none-eabi/4.9.3/../../../../arm-none-eabi/lib/armv7-m\libg_nano.a(lib_a-init.o)
                              c:/microsemi/softconsole_v4.0/arm-none-eabi-gcc/bin/../lib/gcc/arm-none-eabi/4.9.3/../../../../arm-none-eabi/lib/armv7-m/rdimon-crt0.o (__libc_init_array)
c:/microsemi/softconsole_v4.0/arm-none-eabi-gcc/bin/../lib/gcc/arm-none-eabi/4.9.3/../../../../arm-none-eabi/lib/armv7-m\libg_nano.a(lib_a-memcpy.o)
                              ./drivers/mss_sys_services/mss_sys_services.o (memcpy)
c:/microsemi/softconsole_v4.0/arm-none-eabi-gcc/bin/../lib/gcc/arm-none-eabi/4.9.3/../../../../arm-none-eabi/lib/armv7-m\libg_nano.a(lib_a-memset.o)
                              c:/microsemi/softconsole_v4.0/arm-none-eabi-gcc/bin/../lib/gcc/arm-none-eabi/4.9.3/../../../../arm-none-eabi/lib/armv7-m/rdimon-crt0.o (memset)
c:/microsemi/softconsole_v4.0/arm-none-eabi-gcc/bin/../lib/gcc/arm-none-eabi/4.9.3/../../../../arm-none-eabi/lib/armv7-m\libg_nano.a(lib_a-printf.o)
                              ./main.o (iprintf)
c:/microsemi/softconsole_v4.0/arm-none-eabi-gcc/bin/../lib/gcc/arm-none-eabi/4.9.3/../../../../arm-none-eabi/lib/armv7-m\libg_nano.a(lib_a-findfp.o)
                              c:/microsemi/softconsole_v4.0/arm-none-eabi-gcc/bin/../lib/gcc/arm-none-eabi/4.9.3/../../../../arm-none-eabi/lib/armv7-m\libg_nano.a(lib_a-printf.o) (__sinit)
c:/microsemi/softconsole_v4.0/arm-none-eabi-gcc/bin/../lib/gcc/arm-none-eabi/4.9.3/../../../../arm-none-eabi/lib/armv7-m\libg_nano.a(lib_a-fwalk.o)
                              c:/microsemi/softconsole_v4.0/arm-none-eabi-gcc/bin/../lib/gcc/arm-none-eabi/4.9.3/../../../../arm-none-eabi/lib/armv7-m\libg_nano.a(lib_a-findfp.o) (_fwalk)
c:/microsemi/softconsole_v4.0/arm-none-eabi-gcc/bin/../lib/gcc/arm-none-eabi/4.9.3/../../../../arm-none-eabi/lib/armv7-m\libg_nano.a(lib_a-nano-mallocr.o)
                              c:/microsemi/softconsole_v4.0/arm-none-eabi-gcc/bin/../lib/gcc/arm-none-eabi/4.9.3/../../../../arm-none-eabi/lib/armv7-m\libg_nano.a(lib_a-findfp.o) (_malloc_r)
c:/microsemi/softconsole_v4.0/arm-none-eabi-gcc/bin/../lib/gcc/arm-none-eabi/4.9.3/../../../../arm-none-eabi/lib/armv7-m\libg_nano.a(lib_a-nano-vfprintf.o)
                              c:/microsemi/softconsole_v4.0/arm-none-eabi-gcc/bin/../lib/gcc/arm-none-eabi/4.9.3/../../../../arm-none-eabi/lib/armv7-m\libg_nano.a(lib_a-printf.o) (_vfprintf_r)
c:/microsemi/softconsole_v4.0/arm-none-eabi-gcc/bin/../lib/gcc/arm-none-eabi/4.9.3/../../../../arm-none-eabi/lib/armv7-m\libg_nano.a(lib_a-nano-vfprintf_i.o)
                              c:/microsemi/softconsole_v4.0/arm-none-eabi-gcc/bin/../lib/gcc/arm-none-eabi/4.9.3/../../../../arm-none-eabi/lib/armv7-m\libg_nano.a(lib_a-nano-vfprintf.o) (_printf_i)
c:/microsemi/softconsole_v4.0/arm-none-eabi-gcc/bin/../lib/gcc/arm-none-eabi/4.9.3/../../../../arm-none-eabi/lib/armv7-m\libg_nano.a(lib_a-sbrkr.o)
                              c:/microsemi/softconsole_v4.0/arm-none-eabi-gcc/bin/../lib/gcc/arm-none-eabi/4.9.3/../../../../arm-none-eabi/lib/armv7-m\libg_nano.a(lib_a-nano-mallocr.o) (_sbrk_r)
c:/microsemi/softconsole_v4.0/arm-none-eabi-gcc/bin/../lib/gcc/arm-none-eabi/4.9.3/../../../../arm-none-eabi/lib/armv7-m\libg_nano.a(lib_a-stdio.o)
                              c:/microsemi/softconsole_v4.0/arm-none-eabi-gcc/bin/../lib/gcc/arm-none-eabi/4.9.3/../../../../arm-none-eabi/lib/armv7-m\libg_nano.a(lib_a-findfp.o) (__sread)
c:/microsemi/softconsole_v4.0/arm-none-eabi-gcc/bin/../lib/gcc/arm-none-eabi/4.9.3/../../../../arm-none-eabi/lib/armv7-m\libg_nano.a(lib_a-wbuf.o)
                              c:/microsemi/softconsole_v4.0/arm-none-eabi-gcc/bin/../lib/gcc/arm-none-eabi/4.9.3/../../../../arm-none-eabi/lib/armv7-m\libg_nano.a(lib_a-nano-vfprintf.o) (__swbuf_r)
c:/microsemi/softconsole_v4.0/arm-none-eabi-gcc/bin/../lib/gcc/arm-none-eabi/4.9.3/../../../../arm-none-eabi/lib/armv7-m\libg_nano.a(lib_a-writer.o)
                              c:/microsemi/softconsole_v4.0/arm-none-eabi-gcc/bin/../lib/gcc/arm-none-eabi/4.9.3/../../../../arm-none-eabi/lib/armv7-m\libg_nano.a(lib_a-stdio.o) (_write_r)
[...]
Memory Configuration

Name             Origin             Length             Attributes
ram              0x20000000         0x00010000         xrw
*default*        0x00000000         0xffffffff

Linker script and memory map

LOAD c:/microsemi/softconsole_v4.0/arm-none-eabi-gcc/bin/../lib/gcc/arm-none-eabi/4.9.3/armv7-m/crti.o
LOAD c:/microsemi/softconsole_v4.0/arm-none-eabi-gcc/bin/../lib/gcc/arm-none-eabi/4.9.3/armv7-m/crtbegin.o
LOAD c:/microsemi/softconsole_v4.0/arm-none-eabi-gcc/bin/../lib/gcc/arm-none-eabi/4.9.3/../../../../arm-none-eabi/lib/armv7-m/rdimon-crt0.o
LOAD ./hal/CortexM3/GNU/hal.o
LOAD ./hal/CortexM3/GNU/hw_reg_access.o
LOAD ./hal/CortexM3/cortex_nvic.o
LOAD ./drivers_config/sys_config/sys_config.o
LOAD ./drivers/mss_sys_services/mss_comblk.o
LOAD ./drivers/mss_sys_services/mss_sys_services.o
LOAD ./drivers/mss_spi/mss_spi.o
LOAD ./drivers/mss_rtc/mss_rtc.o
LOAD ./drivers/mss_nvm/mss_nvm.o
LOAD ./drivers/mss_hpdma/mss_hpdma.o
LOAD ./drivers/CoreUARTapb/core_uart_apb.o
LOAD ./drivers/CorePWM/core_pwm.o
LOAD ./drivers/CoreGPIO/core_gpio.o
LOAD ./CMSIS/startup_gcc/startup_m2sxxx.o
LOAD ./CMSIS/system_m2sxxx.o
LOAD ./main.o
START GROUP
LOAD c:/microsemi/softconsole_v4.0/arm-none-eabi-gcc/bin/../lib/gcc/arm-none-eabi/4.9.3/armv7-m\libgcc.a
LOAD c:/microsemi/softconsole_v4.0/arm-none-eabi-gcc/bin/../lib/gcc/arm-none-eabi/4.9.3/../../../../arm-none-eabi/lib/armv7-m\libg_nano.a
LOAD c:/microsemi/softconsole_v4.0/arm-none-eabi-gcc/bin/../lib/gcc/arm-none-eabi/4.9.3/../../../../arm-none-eabi/lib/armv7-m\libc_nano.a
END GROUP
START GROUP
LOAD c:/microsemi/softconsole_v4.0/arm-none-eabi-gcc/bin/../lib/gcc/arm-none-eabi/4.9.3/armv7-m\libgcc.a
LOAD c:/microsemi/softconsole_v4.0/arm-none-eabi-gcc/bin/../lib/gcc/arm-none-eabi/4.9.3/../../../../arm-none-eabi/lib/armv7-m\libc_nano.a
LOAD c:/microsemi/softconsole_v4.0/arm-none-eabi-gcc/bin/../lib/gcc/arm-none-eabi/4.9.3/../../../../arm-none-eabi/lib/armv7-m\librdimon_nano.a
END GROUP
START GROUP
LOAD c:/microsemi/softconsole_v4.0/arm-none-eabi-gcc/bin/../lib/gcc/arm-none-eabi/4.9.3/armv7-m\libgcc.a
LOAD c:/microsemi/softconsole_v4.0/arm-none-eabi-gcc/bin/../lib/gcc/arm-none-eabi/4.9.3/../../../../arm-none-eabi/lib/armv7-m\libc_nano.a
LOAD c:/microsemi/softconsole_v4.0/arm-none-eabi-gcc/bin/../lib/gcc/arm-none-eabi/4.9.3/../../../../arm-none-eabi/lib/armv7-m\librdimon_nano.a
END GROUP
LOAD c:/microsemi/softconsole_v4.0/arm-none-eabi-gcc/bin/../lib/gcc/arm-none-eabi/4.9.3/armv7-m/crtend.o
LOAD c:/microsemi/softconsole_v4.0/arm-none-eabi-gcc/bin/../lib/gcc/arm-none-eabi/4.9.3/armv7-m/crtn.o
START GROUP
LOAD c:/microsemi/softconsole_v4.0/arm-none-eabi-gcc/bin/../lib/gcc/arm-none-eabi/4.9.3/../../../../arm-none-eabi/lib/armv7-m\libc.a
LOAD c:/microsemi/softconsole_v4.0/arm-none-eabi-gcc/bin/../lib/gcc/arm-none-eabi/4.9.3/armv7-m\libgcc.a
LOAD c:/microsemi/softconsole_v4.0/arm-none-eabi-gcc/bin/../lib/gcc/arm-none-eabi/4.9.3/../../../../arm-none-eabi/lib/armv7-m\libm.a
END GROUP
                0x00000000                __DYNAMIC = 0x0
                0x20000000                RAM_START_ADDRESS = 0x20000000
                0x00010000                RAM_SIZE = 0x10000
                0x00001000                MAIN_STACK_SIZE = 0x1000
                0x00001000                MIN_SIZE_HEAP = 0x1000
                0x20010000                PROVIDE (__main_stack_start, (RAM_START_ADDRESS + RAM_SIZE))
                0x20010000                PROVIDE (_estack, __main_stack_start)
                0x00000000                PROVIDE (__mirrored_nvm, 0x0)
                0x00000000                PROVIDE (__smartfusion2_memory_remap, 0x0)

.vector_table   0x20000000      0x190
                0x20000000                __vector_table_load = LOADADDR (.vector_table)
                0x20000000                __vector_table_start = .
                0x20000000                __vector_table_vma_base_address = .
 *(.isr_vector)
 .isr_vector    0x20000000      0x190 ./CMSIS/startup_gcc/startup_m2sxxx.o
                0x20000000                g_pfnVectors
                0x20000190                . = ALIGN (0x10)
                0x20000190                _evector_table = .

.boot_code      0x20000190      0x330
 *(.boot_code)
 .boot_code     0x20000190      0x324 ./CMSIS/startup_gcc/startup_m2sxxx.o
                0x20000190                Reset_Handler
                0x2000037e                NMI_Handler
                0x20000380                HardFault_Handler
                0x20000382                MemManage_Handler
                0x20000384                BusFault_Handler
                0x20000386                UsageFault_Handler
                0x20000388                SVC_Handler
                0x2000038a                DebugMon_Handler
                0x2000038c                PendSV_Handler
                0x2000038e                SysTick_Handler
                0x20000390                WdogWakeup_IRQHandler
                0x20000392                RTC_Wakeup_IRQHandler
                0x20000398                I2C0_IRQHandler
                0x2000039a                I2C0_SMBAlert_IRQHandler
                0x2000039c                I2C0_SMBus_IRQHandler
                0x2000039e                I2C1_IRQHandler
                0x200003a0                I2C1_SMBAlert_IRQHandler
                0x200003a2                I2C1_SMBus_IRQHandler
                0x200003a4                UART0_IRQHandler
                0x200003a6                UART1_IRQHandler
                0x200003a8                EthernetMAC_IRQHandler
                0x200003aa                DMA_IRQHandler
                0x200003ac                Timer1_IRQHandler
                0x200003ae                Timer2_IRQHandler
                0x200003b0                CAN_IRQHandler
                0x200003b2                ENVM0_IRQHandler
                0x200003b4                ENVM1_IRQHandler
                0x200003b8                USB_IRQHandler
                0x200003ba                USB_DMA_IRQHandler
                0x200003bc                PLL_Lock_IRQHandler
                0x200003be                PLL_LockLost_IRQHandler
                0x200003c0                CommSwitchError_IRQHandler
                0x200003c2                CacheError_IRQHandler
                0x200003c4                DDR_IRQHandler
                0x200003ca                ECC_Error_IRQHandler
                0x200003cc                MDDR_IOCalib_IRQHandler
                0x200003ce                FAB_PLL_Lock_IRQHandler
                0x200003d0                FAB_PLL_LockLost_IRQHandler
                0x200003d2                FIC64_IRQHandler
                0x200003d4                FabricIrq0_IRQHandler
                0x200003d6                FabricIrq1_IRQHandler
                0x200003d8                FabricIrq2_IRQHandler
                0x200003da                FabricIrq3_IRQHandler
                0x200003dc                FabricIrq4_IRQHandler
                0x200003de                FabricIrq5_IRQHandler
                0x200003e0                FabricIrq6_IRQHandler
                0x200003e2                FabricIrq7_IRQHandler
                0x200003e4                FabricIrq8_IRQHandler
                0x200003e6                FabricIrq9_IRQHandler
                0x200003e8                FabricIrq10_IRQHandler
                0x200003ea                FabricIrq11_IRQHandler
                0x200003ec                FabricIrq12_IRQHandler
                0x200003ee                FabricIrq13_IRQHandler
                0x200003f0                FabricIrq14_IRQHandler
                0x200003f2                FabricIrq15_IRQHandler
                0x200003f4                GPIO0_IRQHandler
                0x200003f6                GPIO1_IRQHandler
                0x200003f8                GPIO2_IRQHandler
                0x200003fa                GPIO3_IRQHandler
                0x200003fc                GPIO4_IRQHandler
                0x200003fe                GPIO5_IRQHandler
                0x20000400                GPIO6_IRQHandler
                0x20000402                GPIO7_IRQHandler
                0x20000404                GPIO8_IRQHandler
                0x20000406                GPIO9_IRQHandler
                0x20000408                GPIO10_IRQHandler
                0x2000040a                GPIO11_IRQHandler
                0x2000040c                GPIO12_IRQHandler
                0x2000040e                GPIO13_IRQHandler
                0x20000410                GPIO14_IRQHandler
                0x20000412                GPIO15_IRQHandler
                0x20000414                GPIO16_IRQHandler
                0x20000416                GPIO17_IRQHandler
                0x20000418                GPIO18_IRQHandler
                0x2000041a                GPIO19_IRQHandler
                0x2000041c                GPIO20_IRQHandler
                0x2000041e                GPIO21_IRQHandler
                0x20000420                GPIO22_IRQHandler
                0x20000422                GPIO23_IRQHandler
                0x20000424                GPIO24_IRQHandler
                0x20000426                GPIO25_IRQHandler
                0x20000428                GPIO26_IRQHandler
                0x2000042a                GPIO27_IRQHandler
                0x2000042c                GPIO28_IRQHandler
                0x2000042e                GPIO29_IRQHandler
                0x20000430                GPIO30_IRQHandler
                0x20000432                GPIO31_IRQHandler
                0x20000434                mscc_post_hw_cfg_init
                0x200004c0                . = ALIGN (0x10)
 *fill*         0x200004b4        0xc 

.text           0x200004c0     0x27c0
 CREATE_OBJECT_SYMBOLS
                0x200004c0                __text_load = LOADADDR (.text)
                0x200004c0                __text_start = .
 *(.text .text.* .gnu.linkonce.t.*)
 .text          0x200004c0       0x5c c:/microsemi/softconsole_v4.0/arm-none-eabi-gcc/bin/../lib/gcc/arm-none-eabi/4.9.3/armv7-m/crtbegin.o
 .text          0x2000051c       0x90 ./hal/CortexM3/GNU/hw_reg_access.o
                0x2000051c                HW_set_32bit_reg
                0x20000520                HW_get_32bit_reg
                0x20000524                HW_set_32bit_reg_field
                0x20000540                HW_get_32bit_reg_field
                0x2000054c                HW_set_16bit_reg
                0x20000550                HW_get_16bit_reg
                0x20000554                HW_set_16bit_reg_field
                0x20000570                HW_get_16bit_reg_field
                0x2000057c                HW_set_8bit_reg
                0x20000580                HW_get_8bit_reg
                0x20000584                HW_set_8bit_reg_field
                0x200005a0                HW_get_8bit_reg_field
 .text.ComBlk_IRQHandler
                0x200005ac       0x48 ./drivers/mss_sys_services/mss_comblk.o
                0x200005ac                ComBlk_IRQHandler
 .text.handle_tx_okay_irq
                0x200005f4      0x1b0 ./drivers/mss_sys_services/mss_comblk.o
 .text.handle_rx_okay_irq
                0x200007a4      0x204 ./drivers/mss_sys_services/mss_comblk.o
 .text.complete_request
                0x200009a8       0x40 ./drivers/mss_sys_services/mss_comblk.o
 .text.abort_current_cmd
                0x200009e8       0x4c ./drivers/mss_sys_services/mss_comblk.o
 .text.fill_tx_fifo
                0x20000a34       0x64 ./drivers/mss_sys_services/mss_comblk.o
 .text.process_sys_ctrl_command
                0x20000a98       0x28 ./drivers/mss_sys_services/mss_comblk.o
 .text.NVIC_ClearPendingIRQ
                0x20000ac0       0x34 ./drivers/mss_spi/mss_spi.o
 .text.recover_from_rx_overflow
                0x20000af4      0x124 ./drivers/mss_spi/mss_spi.o
 .text.fill_slave_tx_fifo
                0x20000c18       0xd8 ./drivers/mss_spi/mss_spi.o
 .text.read_slave_rx_fifo
                0x20000cf0       0xa8 ./drivers/mss_spi/mss_spi.o
 .text.mss_spi_isr
                0x20000d98      0x280 ./drivers/mss_spi/mss_spi.o
 .text.SPI0_IRQHandler
                0x20001018       0x20 ./drivers/mss_spi/mss_spi.o
                0x20001018                SPI0_IRQHandler
 .text.SPI1_IRQHandler
                0x20001038       0x20 ./drivers/mss_spi/mss_spi.o
                0x20001038                SPI1_IRQHandler
 .text.start_transfer
                0x20001058      0x14c ./drivers/mss_hpdma/mss_hpdma.o
 .text.HPDMA_Complete_IRQHandler
                0x200011a4       0xf4 ./drivers/mss_hpdma/mss_hpdma.o
                0x200011a4                HPDMA_Complete_IRQHandler
 .text.HPDMA_Error_IRQHandler
                0x20001298      0x100 ./drivers/mss_hpdma/mss_hpdma.o
                0x20001298                HPDMA_Error_IRQHandler
 .text.PWM_init
                0x20001398      0x138 ./drivers/CorePWM/core_pwm.o
                0x20001398                PWM_init
 .text.PWM_enable
                0x200014d0       0x98 ./drivers/CorePWM/core_pwm.o
                0x200014d0                PWM_enable
 .text.PWM_disable
                0x20001568       0xa0 ./drivers/CorePWM/core_pwm.o
                0x20001568                PWM_disable
 .text.PWM_set_duty_cycle
                0x20001608       0xc0 ./drivers/CorePWM/core_pwm.o
                0x20001608                PWM_set_duty_cycle
 .text.SystemInit
                0x200016c8       0x20 ./CMSIS/system_m2sxxx.o
                0x200016c8                SystemInit
 .text.get_silicon_revision
                0x200016e8       0x48 ./CMSIS/system_m2sxxx.o
 .text.silicon_workarounds
                0x20001730       0x20 ./CMSIS/system_m2sxxx.o
 .text.m2s050_rev_a_workarounds
                0x20001750       0x30 ./CMSIS/system_m2sxxx.o
 .text.main     0x20001780       0x54 ./main.o
                0x20001780                main
 .text.delay    0x200017d4       0x30 ./main.o
                0x200017d4                delay
 .text.servostep2
                0x20001804       0x4c ./main.o
                0x20001804                servostep2
 .text.__libc_init_array
                0x20001850       0x4c c:/microsemi/softconsole_v4.0/arm-none-eabi-gcc/bin/../lib/gcc/arm-none-eabi/4.9.3/../../../../arm-none-eabi/lib/armv7-m\libg_nano.a(lib_a-init.o)
                0x20001850                __libc_init_array
 .text.memset   0x2000189c       0x10 c:/microsemi/softconsole_v4.0/arm-none-eabi-gcc/bin/../lib/gcc/arm-none-eabi/4.9.3/../../../../arm-none-eabi/lib/armv7-m\libg_nano.a(lib_a-memset.o)
                0x2000189c                memset
 .text.printf   0x200018ac       0x30 c:/microsemi/softconsole_v4.0/arm-none-eabi-gcc/bin/../lib/gcc/arm-none-eabi/4.9.3/../../../../arm-none-eabi/lib/armv7-m\libg_nano.a(lib_a-printf.o)
                0x200018ac                iprintf
                0x200018ac                printf
 .text._cleanup_r
                0x200018dc        0xc c:/microsemi/softconsole_v4.0/arm-none-eabi-gcc/bin/../lib/gcc/arm-none-eabi/4.9.3/../../../../arm-none-eabi/lib/armv7-m\libg_nano.a(lib_a-findfp.o)
                0x200018dc                _cleanup_r
 .text.std.isra.0
                0x200018e8       0x48 c:/microsemi/softconsole_v4.0/arm-none-eabi-gcc/bin/../lib/gcc/arm-none-eabi/4.9.3/../../../../arm-none-eabi/lib/armv7-m\libg_nano.a(lib_a-findfp.o)
 .text.__sfmoreglue
                0x20001930       0x2c c:/microsemi/softconsole_v4.0/arm-none-eabi-gcc/bin/../lib/gcc/arm-none-eabi/4.9.3/../../../../arm-none-eabi/lib/armv7-m\libg_nano.a(lib_a-findfp.o)
                0x20001930                __sfmoreglue
 .text.__sinit  0x2000195c       0x60 c:/microsemi/softconsole_v4.0/arm-none-eabi-gcc/bin/../lib/gcc/arm-none-eabi/4.9.3/../../../../arm-none-eabi/lib/armv7-m\libg_nano.a(lib_a-findfp.o)
                0x2000195c                __sinit
 .text.__sfp    0x200019bc       0x74 c:/microsemi/softconsole_v4.0/arm-none-eabi-gcc/bin/../lib/gcc/arm-none-eabi/4.9.3/../../../../arm-none-eabi/lib/armv7-m\libg_nano.a(lib_a-findfp.o)
                0x200019bc                __sfp
 .text._fwalk_reent
                0x20001a30       0x3c c:/microsemi/softconsole_v4.0/arm-none-eabi-gcc/bin/../lib/gcc/arm-none-eabi/4.9.3/../../../../arm-none-eabi/lib/armv7-m\libg_nano.a(lib_a-fwalk.o)
                0x20001a30                _fwalk_reent
 .text._malloc_r
                0x20001a6c       0xac c:/microsemi/softconsole_v4.0/arm-none-eabi-gcc/bin/../lib/gcc/arm-none-eabi/4.9.3/../../../../arm-none-eabi/lib/armv7-m\libg_nano.a(lib_a-nano-mallocr.o)
                0x20001a6c                _malloc_r
 .text.__sfputc_r
                0x20001b18       0x2c c:/microsemi/softconsole_v4.0/arm-none-eabi-gcc/bin/../lib/gcc/arm-none-eabi/4.9.3/../../../../arm-none-eabi/lib/armv7-m\libg_nano.a(lib_a-nano-vfprintf.o)
 .text.__sfputs_r
                0x20001b44       0x24 c:/microsemi/softconsole_v4.0/arm-none-eabi-gcc/bin/../lib/gcc/arm-none-eabi/4.9.3/../../../../arm-none-eabi/lib/armv7-m\libg_nano.a(lib_a-nano-vfprintf.o)
                0x20001b44                __sfputs_r
 .text._vfprintf_r
                0x20001b68      0x210 c:/microsemi/softconsole_v4.0/arm-none-eabi-gcc/bin/../lib/gcc/arm-none-eabi/4.9.3/../../../../arm-none-eabi/lib/armv7-m\libg_nano.a(lib_a-nano-vfprintf.o)
                0x20001b68                _vfprintf_r
                0x20001b68                _vfiprintf_r
 .text._printf_common
                0x20001d78       0xea c:/microsemi/softconsole_v4.0/arm-none-eabi-gcc/bin/../lib/gcc/arm-none-eabi/4.9.3/../../../../arm-none-eabi/lib/armv7-m\libg_nano.a(lib_a-nano-vfprintf_i.o)
                0x20001d78                _printf_common
 *fill*         0x20001e62        0x2 
 .text._printf_i
                0x20001e64      0x240 c:/microsemi/softconsole_v4.0/arm-none-eabi-gcc/bin/../lib/gcc/arm-none-eabi/4.9.3/../../../../arm-none-eabi/lib/armv7-m\libg_nano.a(lib_a-nano-vfprintf_i.o)
                0x20001e64                _printf_i
 .text._sbrk_r  0x200020a4       0x20 c:/microsemi/softconsole_v4.0/arm-none-eabi-gcc/bin/../lib/gcc/arm-none-eabi/4.9.3/../../../../arm-none-eabi/lib/armv7-m\libg_nano.a(lib_a-sbrkr.o)
                0x200020a4                _sbrk_r
 .text.__sread  0x200020c4       0x22 c:/microsemi/softconsole_v4.0/arm-none-eabi-gcc/bin/../lib/gcc/arm-none-eabi/4.9.3/../../../../arm-none-eabi/lib/armv7-m\libg_nano.a(lib_a-stdio.o)
                0x200020c4                __sread
 .text.__swrite
                0x200020e6       0x38 c:/microsemi/softconsole_v4.0/arm-none-eabi-gcc/bin/../lib/gcc/arm-none-eabi/4.9.3/../../../../arm-none-eabi/lib/armv7-m\libg_nano.a(lib_a-stdio.o)
                0x200020e6                __swrite
 .text.__sseek  0x2000211e       0x24 c:/microsemi/softconsole_v4.0/arm-none-eabi-gcc/bin/../lib/gcc/arm-none-eabi/4.9.3/../../../../arm-none-eabi/lib/armv7-m\libg_nano.a(lib_a-stdio.o)
                0x2000211e                __sseek
 .text.__sclose
                0x20002142        0x8 c:/microsemi/softconsole_v4.0/arm-none-eabi-gcc/bin/../lib/gcc/arm-none-eabi/4.9.3/../../../../arm-none-eabi/lib/armv7-m\libg_nano.a(lib_a-stdio.o)
                0x20002142                __sclose
 *fill*         0x2000214a        0x2 
 .text.__swbuf_r
                0x2000214c       0xa8 c:/microsemi/softconsole_v4.0/arm-none-eabi-gcc/bin/../lib/gcc/arm-none-eabi/4.9.3/../../../../arm-none-eabi/lib/armv7-m\libg_nano.a(lib_a-wbuf.o)
                0x2000214c                __swbuf_r
 .text._write_r
                0x200021f4       0x24 c:/microsemi/softconsole_v4.0/arm-none-eabi-gcc/bin/../lib/gcc/arm-none-eabi/4.9.3/../../../../arm-none-eabi/lib/armv7-m\libg_nano.a(lib_a-writer.o)
                0x200021f4                _write_r
 .text.__swsetup_r
                0x20002218       0xd8 c:/microsemi/softconsole_v4.0/arm-none-eabi-gcc/bin/../lib/gcc/arm-none-eabi/4.9.3/../../../../arm-none-eabi/lib/armv7-m\libg_nano.a(lib_a-wsetup.o)
                0x20002218                __swsetup_r
 .text._close_r
                0x200022f0       0x20 c:/microsemi/softconsole_v4.0/arm-none-eabi-gcc/bin/../lib/gcc/arm-none-eabi/4.9.3/../../../../arm-none-eabi/lib/armv7-m\libg_nano.a(lib_a-closer.o)
                0x200022f0                _close_r
 .text.__sflush_r
                0x20002310      0x106 c:/microsemi/softconsole_v4.0/arm-none-eabi-gcc/bin/../lib/gcc/arm-none-eabi/4.9.3/../../../../arm-none-eabi/lib/armv7-m\libg_nano.a(lib_a-fflush.o)
                0x20002310                __sflush_r
 *fill*         0x20002416        0x2 
 .text._fflush_r
                0x20002418       0x54 c:/microsemi/softconsole_v4.0/arm-none-eabi-gcc/bin/../lib/gcc/arm-none-eabi/4.9.3/../../../../arm-none-eabi/lib/armv7-m\libg_nano.a(lib_a-fflush.o)
                0x20002418                _fflush_r
 .text._lseek_r
                0x2000246c       0x24 c:/microsemi/softconsole_v4.0/arm-none-eabi-gcc/bin/../lib/gcc/arm-none-eabi/4.9.3/../../../../arm-none-eabi/lib/armv7-m\libg_nano.a(lib_a-lseekr.o)
                0x2000246c                _lseek_r
 .text.__smakebuf_r
                0x20002490       0x98 c:/microsemi/softconsole_v4.0/arm-none-eabi-gcc/bin/../lib/gcc/arm-none-eabi/4.9.3/../../../../arm-none-eabi/lib/armv7-m\libg_nano.a(lib_a-makebuf.o)
                0x20002490                __smakebuf_r
 .text.memchr   0x20002528       0x1c c:/microsemi/softconsole_v4.0/arm-none-eabi-gcc/bin/../lib/gcc/arm-none-eabi/4.9.3/../../../../arm-none-eabi/lib/armv7-m\libg_nano.a(lib_a-memchr.o)
                0x20002528                memchr
 .text._free_r  0x20002544       0x88 c:/microsemi/softconsole_v4.0/arm-none-eabi-gcc/bin/../lib/gcc/arm-none-eabi/4.9.3/../../../../arm-none-eabi/lib/armv7-m\libg_nano.a(lib_a-nano-freer.o)
                0x20002544                _free_r
 .text._read_r  0x200025cc       0x24 c:/microsemi/softconsole_v4.0/arm-none-eabi-gcc/bin/../lib/gcc/arm-none-eabi/4.9.3/../../../../arm-none-eabi/lib/armv7-m\libg_nano.a(lib_a-readr.o)
                0x200025cc                _read_r
 .text._fstat_r
                0x200025f0       0x24 c:/microsemi/softconsole_v4.0/arm-none-eabi-gcc/bin/../lib/gcc/arm-none-eabi/4.9.3/../../../../arm-none-eabi/lib/armv7-m\libg_nano.a(lib_a-fstatr.o)
                0x200025f0                _fstat_r
 .text._isatty_r
                0x20002614       0x20 c:/microsemi/softconsole_v4.0/arm-none-eabi-gcc/bin/../lib/gcc/arm-none-eabi/4.9.3/../../../../arm-none-eabi/lib/armv7-m\libg_nano.a(lib_a-isattyr.o)
                0x20002614                _isatty_r
 .text.findslot
                0x20002634       0x34 c:/microsemi/softconsole_v4.0/arm-none-eabi-gcc/bin/../lib/gcc/arm-none-eabi/4.9.3/../../../../arm-none-eabi/lib/armv7-m\librdimon_nano.a(rdimon-syscalls.o)
 .text.error    0x20002668       0x1c c:/microsemi/softconsole_v4.0/arm-none-eabi-gcc/bin/../lib/gcc/arm-none-eabi/4.9.3/../../../../arm-none-eabi/lib/armv7-m\librdimon_nano.a(rdimon-syscalls.o)
 .text.checkerror
                0x20002684        0xa c:/microsemi/softconsole_v4.0/arm-none-eabi-gcc/bin/../lib/gcc/arm-none-eabi/4.9.3/../../../../arm-none-eabi/lib/armv7-m\librdimon_nano.a(rdimon-syscalls.o)
 *fill*         0x2000268e        0x2 
 .text.initialise_monitor_handles
                0x20002690       0xa4 c:/microsemi/softconsole_v4.0/arm-none-eabi-gcc/bin/../lib/gcc/arm-none-eabi/4.9.3/../../../../arm-none-eabi/lib/armv7-m\librdimon_nano.a(rdimon-syscalls.o)
                0x20002690                initialise_monitor_handles
 .text._swiread
                0x20002734       0x20 c:/microsemi/softconsole_v4.0/arm-none-eabi-gcc/bin/../lib/gcc/arm-none-eabi/4.9.3/../../../../arm-none-eabi/lib/armv7-m\librdimon_nano.a(rdimon-syscalls.o)
                0x20002734                _swiread
 .text._read    0x20002754       0x34 c:/microsemi/softconsole_v4.0/arm-none-eabi-gcc/bin/../lib/gcc/arm-none-eabi/4.9.3/../../../../arm-none-eabi/lib/armv7-m\librdimon_nano.a(rdimon-syscalls.o)
                0x20002754                _read
 .text._swilseek
                0x20002788       0x7a c:/microsemi/softconsole_v4.0/arm-none-eabi-gcc/bin/../lib/gcc/arm-none-eabi/4.9.3/../../../../arm-none-eabi/lib/armv7-m\librdimon_nano.a(rdimon-syscalls.o)
                0x20002788                _swilseek
 .text._lseek   0x20002802        0x4 c:/microsemi/softconsole_v4.0/arm-none-eabi-gcc/bin/../lib/gcc/arm-none-eabi/4.9.3/../../../../arm-none-eabi/lib/armv7-m\librdimon_nano.a(rdimon-syscalls.o)
                0x20002802                _lseek
 .text._swiwrite
                0x20002806       0x20 c:/microsemi/softconsole_v4.0/arm-none-eabi-gcc/bin/../lib/gcc/arm-none-eabi/4.9.3/../../../../arm-none-eabi/lib/armv7-m\librdimon_nano.a(rdimon-syscalls.o)
                0x20002806                _swiwrite
 .text._write   0x20002826       0x42 c:/microsemi/softconsole_v4.0/arm-none-eabi-gcc/bin/../lib/gcc/arm-none-eabi/4.9.3/../../../../arm-none-eabi/lib/armv7-m\librdimon_nano.a(rdimon-syscalls.o)
                0x20002826                _write
 .text._swiclose
                0x20002868       0x1c c:/microsemi/softconsole_v4.0/arm-none-eabi-gcc/bin/../lib/gcc/arm-none-eabi/4.9.3/../../../../arm-none-eabi/lib/armv7-m\librdimon_nano.a(rdimon-syscalls.o)
                0x20002868                _swiclose
 .text._close   0x20002884       0x48 c:/microsemi/softconsole_v4.0/arm-none-eabi-gcc/bin/../lib/gcc/arm-none-eabi/4.9.3/../../../../arm-none-eabi/lib/armv7-m\librdimon_nano.a(rdimon-syscalls.o)
                0x20002884                _close
 .text._sbrk    0x200028cc       0x48 c:/microsemi/softconsole_v4.0/arm-none-eabi-gcc/bin/../lib/gcc/arm-none-eabi/4.9.3/../../../../arm-none-eabi/lib/armv7-m\librdimon_nano.a(rdimon-syscalls.o)
                0x200028cc                _sbrk
 .text._swistat
                0x20002914       0x42 c:/microsemi/softconsole_v4.0/arm-none-eabi-gcc/bin/../lib/gcc/arm-none-eabi/4.9.3/../../../../arm-none-eabi/lib/armv7-m\librdimon_nano.a(rdimon-syscalls.o)
                0x20002914                _swistat
 .text._fstat   0x20002956       0x1c c:/microsemi/softconsole_v4.0/arm-none-eabi-gcc/bin/../lib/gcc/arm-none-eabi/4.9.3/../../../../arm-none-eabi/lib/armv7-m\librdimon_nano.a(rdimon-syscalls.o)
                0x20002956                _fstat
 .text._isatty  0x20002972       0x38 c:/microsemi/softconsole_v4.0/arm-none-eabi-gcc/bin/../lib/gcc/arm-none-eabi/4.9.3/../../../../arm-none-eabi/lib/armv7-m\librdimon_nano.a(rdimon-syscalls.o)
                0x20002972                _isatty
 *fill*         0x200029aa        0x2 
 .text.__errno  0x200029ac        0xc c:/microsemi/softconsole_v4.0/arm-none-eabi-gcc/bin/../lib/gcc/arm-none-eabi/4.9.3/../../../../arm-none-eabi/lib/armv7-m\libc_nano.a(lib_a-errno.o)
                0x200029ac                __errno
 *(.plt)
 *(.gnu.warning)
 *(.glue_7t)
 .glue_7t       0x00000000        0x0 linker stubs
 *(.glue_7)
 .glue_7        0x00000000        0x0 linker stubs
 *(.vfp11_veneer)
 .vfp11_veneer  0x00000000        0x0 linker stubs
                0x200029b8                . = ALIGN (0x4)
 *crtbegin.o(.ctors)
 *(EXCLUDE_FILE(*crtend.o) .ctors)
 *(SORT(.ctors.*))
 *crtend.o(.ctors)
 *crtbegin.o(.dtors)
 *(EXCLUDE_FILE(*crtend.o) .dtors)
 *(SORT(.dtors.*))
 *crtend.o(.dtors)
 *(.rodata .rodata.* .gnu.linkonce.r.*)
 .rodata.g_pwm_id_mask_lut
                0x200029b8       0x11 ./drivers/CorePWM/core_pwm.o
 *fill*         0x200029c9        0x3 
 .rodata.g_pwm_posedge_offset_lut
                0x200029cc       0x44 ./drivers/CorePWM/core_pwm.o
 .rodata.g_pwm_negedge_offset_lut
                0x20002a10       0x44 ./drivers/CorePWM/core_pwm.o
 .rodata        0x20002a54      0x168 ./main.o
 .rodata.str1.1
                0x20002bbc        0x2 c:/microsemi/softconsole_v4.0/arm-none-eabi-gcc/bin/../lib/gcc/arm-none-eabi/4.9.3/../../../../arm-none-eabi/lib/armv7-m\libg_nano.a(lib_a-impure.o)
 *fill*         0x20002bbe        0x2 
 .rodata._global_impure_ptr
                0x20002bc0        0x4 c:/microsemi/softconsole_v4.0/arm-none-eabi-gcc/bin/../lib/gcc/arm-none-eabi/4.9.3/../../../../arm-none-eabi/lib/armv7-m\libg_nano.a(lib_a-impure.o)
                0x20002bc0                _global_impure_ptr
 .rodata.__sf_fake_stdin
                0x20002bc4       0x20 c:/microsemi/softconsole_v4.0/arm-none-eabi-gcc/bin/../lib/gcc/arm-none-eabi/4.9.3/../../../../arm-none-eabi/lib/armv7-m\libg_nano.a(lib_a-findfp.o)
                0x20002bc4                __sf_fake_stdin
 .rodata.__sf_fake_stdout
                0x20002be4       0x20 c:/microsemi/softconsole_v4.0/arm-none-eabi-gcc/bin/../lib/gcc/arm-none-eabi/4.9.3/../../../../arm-none-eabi/lib/armv7-m\libg_nano.a(lib_a-findfp.o)
                0x20002be4                __sf_fake_stdout
 .rodata.__sf_fake_stderr
                0x20002c04       0x20 c:/microsemi/softconsole_v4.0/arm-none-eabi-gcc/bin/../lib/gcc/arm-none-eabi/4.9.3/../../../../arm-none-eabi/lib/armv7-m\libg_nano.a(lib_a-findfp.o)
                0x20002c04                __sf_fake_stderr
 .rodata.str1.1
                0x20002c24       0x11 c:/microsemi/softconsole_v4.0/arm-none-eabi-gcc/bin/../lib/gcc/arm-none-eabi/4.9.3/../../../../arm-none-eabi/lib/armv7-m\libg_nano.a(lib_a-nano-vfprintf.o)
 .rodata.str1.1
                0x20002c35       0x22 c:/microsemi/softconsole_v4.0/arm-none-eabi-gcc/bin/../lib/gcc/arm-none-eabi/4.9.3/../../../../arm-none-eabi/lib/armv7-m\libg_nano.a(lib_a-nano-vfprintf_i.o)
 .rodata.str1.1
                0x20002c57        0x4 c:/microsemi/softconsole_v4.0/arm-none-eabi-gcc/bin/../lib/gcc/arm-none-eabi/4.9.3/../../../../arm-none-eabi/lib/armv7-m\librdimon_nano.a(rdimon-syscalls.o)
 *(.ARM.extab* .gnu.linkonce.armextab.*)
 *(.gcc_except_table)
 *(.eh_frame_hdr)
 *(.eh_frame)
 *fill*         0x20002c5b        0x1 
 .eh_frame      0x20002c5c        0x0 c:/microsemi/softconsole_v4.0/arm-none-eabi-gcc/bin/../lib/gcc/arm-none-eabi/4.9.3/armv7-m/crtbegin.o
 *(.vector_table)
 *(.init)
 .init          0x20002c5c        0x4 c:/microsemi/softconsole_v4.0/arm-none-eabi-gcc/bin/../lib/gcc/arm-none-eabi/4.9.3/armv7-m/crti.o
                0x20002c5c                _init
 .init          0x20002c60        0x8 c:/microsemi/softconsole_v4.0/arm-none-eabi-gcc/bin/../lib/gcc/arm-none-eabi/4.9.3/armv7-m/crtn.o
 *(.fini)
 .fini          0x20002c68        0x4 c:/microsemi/softconsole_v4.0/arm-none-eabi-gcc/bin/../lib/gcc/arm-none-eabi/4.9.3/armv7-m/crti.o
                0x20002c68                _fini
 .fini          0x20002c6c        0x8 c:/microsemi/softconsole_v4.0/arm-none-eabi-gcc/bin/../lib/gcc/arm-none-eabi/4.9.3/armv7-m/crtn.o
                0x20002c74                PROVIDE (__preinit_array_start, .)
 *(.preinit_array)
                0x20002c74                PROVIDE (__preinit_array_end, .)
                0x20002c74                PROVIDE (__init_array_start, .)
 *(SORT(.init_array.*))
 *(.init_array)
 .init_array    0x20002c74        0x4 c:/microsemi/softconsole_v4.0/arm-none-eabi-gcc/bin/../lib/gcc/arm-none-eabi/4.9.3/armv7-m/crtbegin.o
                0x20002c78                PROVIDE (__init_array_end, .)
                0x20002c78                PROVIDE (__fini_array_start, .)
 *(.fini_array)
 .fini_array    0x20002c78        0x4 c:/microsemi/softconsole_v4.0/arm-none-eabi-gcc/bin/../lib/gcc/arm-none-eabi/4.9.3/armv7-m/crtbegin.o
 *(SORT(.fini_array.*))
                0x20002c7c                PROVIDE (__fini_array_end, .)
                0x20002c80                . = ALIGN (0x10)
 *fill*         0x20002c7c        0x4 
                0x20002c80                __exidx_start = .

.v4_bx          0x20002c80        0x0
 .v4_bx         0x00000000        0x0 linker stubs

.iplt           0x20002c80        0x0
 .iplt          0x00000000        0x0 c:/microsemi/softconsole_v4.0/arm-none-eabi-gcc/bin/../lib/gcc/arm-none-eabi/4.9.3/armv7-m/crtbegin.o

.rel.dyn        0x20002c80        0x0
 .rel.iplt      0x00000000        0x0 c:/microsemi/softconsole_v4.0/arm-none-eabi-gcc/bin/../lib/gcc/arm-none-eabi/4.9.3/armv7-m/crtbegin.o

.ARM.exidx
 *(.ARM.exidx* .gnu.linkonce.armexidx.*)
                0x20002c80                __exidx_end = .
                0x20002c80                _etext = .
                0x20002c80                PROVIDE (__text_end, .)

.data           0x20002c80       0x70
                0x20002c80                __data_load = LOADADDR (.data)
                0x20002c80                _sidata = LOADADDR (.data)
                0x20002c80                __data_start = .
                0x20002c80                _sdata = .
 *(.jcr)
 .jcr           0x20002c80        0x0 c:/microsemi/softconsole_v4.0/arm-none-eabi-gcc/bin/../lib/gcc/arm-none-eabi/4.9.3/armv7-m/crtbegin.o
 .jcr           0x20002c80        0x4 c:/microsemi/softconsole_v4.0/arm-none-eabi-gcc/bin/../lib/gcc/arm-none-eabi/4.9.3/armv7-m/crtend.o
 *(.got.plt)
 *(.got)
 *(.shdata)
 *(.data .data.* .gnu.linkonce.d.*)
 .data.impure_data
                0x20002c84       0x60 c:/microsemi/softconsole_v4.0/arm-none-eabi-gcc/bin/../lib/gcc/arm-none-eabi/4.9.3/../../../../arm-none-eabi/lib/armv7-m\libg_nano.a(lib_a-impure.o)
 .data._impure_ptr
                0x20002ce4        0x4 c:/microsemi/softconsole_v4.0/arm-none-eabi-gcc/bin/../lib/gcc/arm-none-eabi/4.9.3/../../../../arm-none-eabi/lib/armv7-m\libg_nano.a(lib_a-impure.o)
                0x20002ce4                _impure_ptr
 .data.__heap_limit
                0x20002ce8        0x4 c:/microsemi/softconsole_v4.0/arm-none-eabi-gcc/bin/../lib/gcc/arm-none-eabi/4.9.3/../../../../arm-none-eabi/lib/armv7-m\librdimon_nano.a(rdimon-syscalls.o)
                0x20002ce8                __heap_limit
                0x20002cf0                . = ALIGN (0x10)
 *fill*         0x20002cec        0x4 
                0x20002cf0                _edata = .

.igot.plt       0x20002cf0        0x0
 .igot.plt      0x00000000        0x0 c:/microsemi/softconsole_v4.0/arm-none-eabi-gcc/bin/../lib/gcc/arm-none-eabi/4.9.3/armv7-m/crtbegin.o

.bss            0x20002cf0      0x230
                0x20002cf0                __bss_start__ = .
                0x20002cf0                _sbss = .
 *(.shbss)
 *(.bss .bss.* .gnu.linkonce.b.*)
 .bss           0x20002cf0       0x1c c:/microsemi/softconsole_v4.0/arm-none-eabi-gcc/bin/../lib/gcc/arm-none-eabi/4.9.3/armv7-m/crtbegin.o
 .bss.g_comblk_cmd_opcode
                0x20002d0c        0x1 ./drivers/mss_sys_services/mss_comblk.o
 *fill*         0x20002d0d        0x3 
 .bss.g_comblk_p_cmd
                0x20002d10        0x4 ./drivers/mss_sys_services/mss_comblk.o
 .bss.g_comblk_cmd_size
                0x20002d14        0x2 ./drivers/mss_sys_services/mss_comblk.o
 *fill*         0x20002d16        0x2 
 .bss.g_comblk_p_data
                0x20002d18        0x4 ./drivers/mss_sys_services/mss_comblk.o
 .bss.g_comblk_data_size
                0x20002d1c        0x4 ./drivers/mss_sys_services/mss_comblk.o
 .bss.g_comblk_p_response
                0x20002d20        0x4 ./drivers/mss_sys_services/mss_comblk.o
 .bss.g_comblk_response_size
                0x20002d24        0x2 ./drivers/mss_sys_services/mss_comblk.o
 .bss.g_comblk_response_idx
                0x20002d26        0x2 ./drivers/mss_sys_services/mss_comblk.o
 .bss.g_comblk_completion_handler
                0x20002d28        0x4 ./drivers/mss_sys_services/mss_comblk.o
 .bss.g_comblk_page_handler
                0x20002d2c        0x4 ./drivers/mss_sys_services/mss_comblk.o
 .bss.g_request_in_progress
                0x20002d30        0x1 ./drivers/mss_sys_services/mss_comblk.o
 .bss.g_comblk_state
                0x20002d31        0x1 ./drivers/mss_sys_services/mss_comblk.o
 *fill*         0x20002d32        0x2 
 .bss.g_async_event_handler
                0x20002d34        0x4 ./drivers/mss_sys_services/mss_comblk.o
 .bss.g_transfer
                0x20002d38       0x18 ./drivers/mss_hpdma/mss_hpdma.o
 .bss.g_hpdma_end_desc
                0x20002d50        0x4 ./drivers/mss_hpdma/mss_hpdma.o
 .bss.g_hpdma_current_desc
                0x20002d54        0x4 ./drivers/mss_hpdma/mss_hpdma.o
 .bss.__malloc_sbrk_start
                0x20002d58        0x4 c:/microsemi/softconsole_v4.0/arm-none-eabi-gcc/bin/../lib/gcc/arm-none-eabi/4.9.3/../../../../arm-none-eabi/lib/armv7-m\libg_nano.a(lib_a-nano-mallocr.o)
                0x20002d58                __malloc_sbrk_start
 .bss.__malloc_free_list
                0x20002d5c        0x4 c:/microsemi/softconsole_v4.0/arm-none-eabi-gcc/bin/../lib/gcc/arm-none-eabi/4.9.3/../../../../arm-none-eabi/lib/armv7-m\libg_nano.a(lib_a-nano-mallocr.o)
                0x20002d5c                __malloc_free_list
 .bss.monitor_stdout
                0x20002d60        0x4 c:/microsemi/softconsole_v4.0/arm-none-eabi-gcc/bin/../lib/gcc/arm-none-eabi/4.9.3/../../../../arm-none-eabi/lib/armv7-m\librdimon_nano.a(rdimon-syscalls.o)
 .bss.monitor_stdin
                0x20002d64        0x4 c:/microsemi/softconsole_v4.0/arm-none-eabi-gcc/bin/../lib/gcc/arm-none-eabi/4.9.3/../../../../arm-none-eabi/lib/armv7-m\librdimon_nano.a(rdimon-syscalls.o)
 .bss.heap_end.6001
                0x20002d68        0x4 c:/microsemi/softconsole_v4.0/arm-none-eabi-gcc/bin/../lib/gcc/arm-none-eabi/4.9.3/../../../../arm-none-eabi/lib/armv7-m\librdimon_nano.a(rdimon-syscalls.o)
 .bss.monitor_stderr
                0x20002d6c        0x4 c:/microsemi/softconsole_v4.0/arm-none-eabi-gcc/bin/../lib/gcc/arm-none-eabi/4.9.3/../../../../arm-none-eabi/lib/armv7-m\librdimon_nano.a(rdimon-syscalls.o)
 .bss.openfiles
                0x20002d70       0xa0 c:/microsemi/softconsole_v4.0/arm-none-eabi-gcc/bin/../lib/gcc/arm-none-eabi/4.9.3/../../../../arm-none-eabi/lib/armv7-m\librdimon_nano.a(rdimon-syscalls.o)
 *(COMMON)
 COMMON         0x20002e10      0x108 ./drivers/mss_spi/mss_spi.o
                0x20002e10                g_mss_spi1
                0x20002e94                g_mss_spi0
 COMMON         0x20002f18        0x4 ./main.o
                0x20002f18                the_pwm
 COMMON         0x20002f1c        0x4 c:/microsemi/softconsole_v4.0/arm-none-eabi-gcc/bin/../lib/gcc/arm-none-eabi/4.9.3/../../../../arm-none-eabi/lib/armv7-m\libg_nano.a(lib_a-reent.o)
                0x20002f1c                errno
                0x20002f20                . = ALIGN (0x10)
                0x20002f20                __bss_end__ = .
                0x20002f20                _end = .
                0x20002f20                __end = _end
                0x20002f20                _ebss = .
                0x20002f20                PROVIDE (end, .)

.heap           0x20002f20     0xc0e0
                0x20002f20                __heap_start__ = .
                0x20003f20                . = (. + MIN_SIZE_HEAP)
 *fill*         0x20002f20     0x1000 
                0x2000f000                . = (. + (((ABSOLUTE (RAM_START_ADDRESS) + RAM_SIZE) - MAIN_STACK_SIZE) - .))
 *fill*         0x20003f20     0xb0e0 
                0x2000f000                _eheap = .

.stack          0x2000f000     0x1000
                0x2000f000                __stack_start__ = .
                0x20010000                . = (. + MAIN_STACK_SIZE)
 *fill*         0x2000f000     0x1000 
                0x20010000                _estack = .

.stab
 *(.stab)

.stabstr
 *(.stabstr)

.debug
 *(.debug)

.line
 *(.line)

.debug_srcinfo
 *(.debug_srcinfo)

.debug_sfnames
 *(.debug_sfnames)

.debug_aranges  0x00000000      0x7d8
 *(.debug_aranges)
 .debug_aranges
                0x00000000       0x20 ./hal/CortexM3/GNU/hal.o
 .debug_aranges
                0x00000020       0x20 ./hal/CortexM3/GNU/hw_reg_access.o
 .debug_aranges
                0x00000040       0x48 ./hal/CortexM3/cortex_nvic.o
 .debug_aranges
                0x00000088       0x18 ./drivers_config/sys_config/sys_config.o
 .debug_aranges
                0x000000a0       0x90 ./drivers/mss_sys_services/mss_comblk.o
 .debug_aranges
                0x00000130      0x1c8 ./drivers/mss_sys_services/mss_sys_services.o
 .debug_aranges
                0x000002f8       0xe0 ./drivers/mss_spi/mss_spi.o
 .debug_aranges
                0x000003d8       0xc0 ./drivers/mss_rtc/mss_rtc.o
 .debug_aranges
                0x00000498       0x80 ./drivers/mss_nvm/mss_nvm.o
 .debug_aranges
                0x00000518       0x80 ./drivers/mss_hpdma/mss_hpdma.o
 .debug_aranges
                0x00000598       0x48 ./drivers/CoreUARTapb/core_uart_apb.o
 .debug_aranges
                0x000005e0       0xb8 ./drivers/CorePWM/core_pwm.o
 .debug_aranges
                0x00000698       0x68 ./drivers/CoreGPIO/core_gpio.o
 .debug_aranges
                0x00000700       0x20 ./CMSIS/startup_gcc/startup_m2sxxx.o
 .debug_aranges
                0x00000720       0x50 ./CMSIS/system_m2sxxx.o
 .debug_aranges
                0x00000770       0x68 ./main.o

.debug_pubnames
 *(.debug_pubnames)

.debug_info     0x00000000     0x99df
 *(.debug_info .gnu.linkonce.wi.*)
 .debug_info    0x00000000       0x8c ./hal/CortexM3/GNU/hal.o
 .debug_info    0x0000008c       0x96 ./hal/CortexM3/GNU/hw_reg_access.o
 .debug_info    0x00000122      0x18b ./hal/CortexM3/cortex_nvic.o
 .debug_info    0x000002ad       0x96 ./drivers_config/sys_config/sys_config.o
 .debug_info    0x00000343      0xb0d ./drivers/mss_sys_services/mss_comblk.o
 .debug_info    0x00000e50     0x1e16 ./drivers/mss_sys_services/mss_sys_services.o
 .debug_info    0x00002c66     0x1592 ./drivers/mss_spi/mss_spi.o
 .debug_info    0x000041f8     0x1165 ./drivers/mss_rtc/mss_rtc.o
 .debug_info    0x0000535d     0x114e ./drivers/mss_nvm/mss_nvm.o
 .debug_info    0x000064ab     0x1169 ./drivers/mss_hpdma/mss_hpdma.o
 .debug_info    0x00007614      0x374 ./drivers/CoreUARTapb/core_uart_apb.o
 .debug_info    0x00007988      0xaeb ./drivers/CorePWM/core_pwm.o
 .debug_info    0x00008473      0x56d ./drivers/CoreGPIO/core_gpio.o
 .debug_info    0x000089e0       0x98 ./CMSIS/startup_gcc/startup_m2sxxx.o
 .debug_info    0x00008a78      0xaa3 ./CMSIS/system_m2sxxx.o
 .debug_info    0x0000951b      0x4c4 ./main.o

.debug_abbrev   0x00000000     0x146a
 *(.debug_abbrev)
 .debug_abbrev  0x00000000       0x14 ./hal/CortexM3/GNU/hal.o
 .debug_abbrev  0x00000014       0x14 ./hal/CortexM3/GNU/hw_reg_access.o
 .debug_abbrev  0x00000028       0xa3 ./hal/CortexM3/cortex_nvic.o
 .debug_abbrev  0x000000cb       0x4e ./drivers_config/sys_config/sys_config.o
 .debug_abbrev  0x00000119      0x1d2 ./drivers/mss_sys_services/mss_comblk.o
 .debug_abbrev  0x000002eb      0x251 ./drivers/mss_sys_services/mss_sys_services.o
 .debug_abbrev  0x0000053c      0x22c ./drivers/mss_spi/mss_spi.o
 .debug_abbrev  0x00000768      0x268 ./drivers/mss_rtc/mss_rtc.o
 .debug_abbrev  0x000009d0      0x1cb ./drivers/mss_nvm/mss_nvm.o
 .debug_abbrev  0x00000b9b      0x246 ./drivers/mss_hpdma/mss_hpdma.o
 .debug_abbrev  0x00000de1      0x10d ./drivers/CoreUARTapb/core_uart_apb.o
 .debug_abbrev  0x00000eee      0x168 ./drivers/CorePWM/core_pwm.o
 .debug_abbrev  0x00001056      0x140 ./drivers/CoreGPIO/core_gpio.o
 .debug_abbrev  0x00001196       0x14 ./CMSIS/startup_gcc/startup_m2sxxx.o
 .debug_abbrev  0x000011aa      0x189 ./CMSIS/system_m2sxxx.o
 .debug_abbrev  0x00001333      0x137 ./main.o

.debug_line     0x00000000     0x4bd2
 *(.debug_line)
 .debug_line    0x00000000       0x4d ./hal/CortexM3/GNU/hal.o
 .debug_line    0x0000004d       0x8b ./hal/CortexM3/GNU/hw_reg_access.o
 .debug_line    0x000000d8      0x2b0 ./hal/CortexM3/cortex_nvic.o
 .debug_line    0x00000388      0x2aa ./drivers_config/sys_config/sys_config.o
 .debug_line    0x00000632      0x53d ./drivers/mss_sys_services/mss_comblk.o
 .debug_line    0x00000b6f      0xdaf ./drivers/mss_sys_services/mss_sys_services.o
 .debug_line    0x0000191e      0x7c9 ./drivers/mss_spi/mss_spi.o
 .debug_line    0x000020e7      0x676 ./drivers/mss_rtc/mss_rtc.o
 .debug_line    0x0000275d      0x696 ./drivers/mss_nvm/mss_nvm.o
 .debug_line    0x00002df3      0x467 ./drivers/mss_hpdma/mss_hpdma.o
 .debug_line    0x0000325a      0x43f ./drivers/CoreUARTapb/core_uart_apb.o
 .debug_line    0x00003699      0x6c6 ./drivers/CorePWM/core_pwm.o
 .debug_line    0x00003d5f      0x47c ./drivers/CoreGPIO/core_gpio.o
 .debug_line    0x000041db      0x190 ./CMSIS/startup_gcc/startup_m2sxxx.o
 .debug_line    0x0000436b      0x354 ./CMSIS/system_m2sxxx.o
 .debug_line    0x000046bf      0x513 ./main.o

.debug_frame    0x00000000     0x2978
 *(.debug_frame)
 .debug_frame   0x00000000       0xf8 ./hal/CortexM3/cortex_nvic.o
 .debug_frame   0x000000f8      0x240 ./drivers/mss_sys_services/mss_comblk.o
 .debug_frame   0x00000338      0x7e0 ./drivers/mss_sys_services/mss_sys_services.o
 .debug_frame   0x00000b18      0x3c0 ./drivers/mss_spi/mss_spi.o
 .debug_frame   0x00000ed8      0x324 ./drivers/mss_rtc/mss_rtc.o
 .debug_frame   0x000011fc      0x208 ./drivers/mss_nvm/mss_nvm.o
 .debug_frame   0x00001404      0x210 ./drivers/mss_hpdma/mss_hpdma.o
 .debug_frame   0x00001614       0xf0 ./drivers/CoreUARTapb/core_uart_apb.o
 .debug_frame   0x00001704      0x2e0 ./drivers/CorePWM/core_pwm.o
 .debug_frame   0x000019e4      0x178 ./drivers/CoreGPIO/core_gpio.o
 .debug_frame   0x00001b5c      0x10c ./CMSIS/system_m2sxxx.o
 .debug_frame   0x00001c68      0x174 ./main.o
 .debug_frame   0x00001ddc       0x28 c:/microsemi/softconsole_v4.0/arm-none-eabi-gcc/bin/../lib/gcc/arm-none-eabi/4.9.3/../../../../arm-none-eabi/lib/armv7-m\libg_nano.a(lib_a-exit.o)
 .debug_frame   0x00001e04       0x2c c:/microsemi/softconsole_v4.0/arm-none-eabi-gcc/bin/../lib/gcc/arm-none-eabi/4.9.3/../../../../arm-none-eabi/lib/armv7-m\libg_nano.a(lib_a-init.o)
 .debug_frame   0x00001e30       0x28 c:/microsemi/softconsole_v4.0/arm-none-eabi-gcc/bin/../lib/gcc/arm-none-eabi/4.9.3/../../../../arm-none-eabi/lib/armv7-m\libg_nano.a(lib_a-memcpy.o)
 .debug_frame   0x00001e58       0x20 c:/microsemi/softconsole_v4.0/arm-none-eabi-gcc/bin/../lib/gcc/arm-none-eabi/4.9.3/../../../../arm-none-eabi/lib/armv7-m\libg_nano.a(lib_a-memset.o)
 .debug_frame   0x00001e78       0x74 c:/microsemi/softconsole_v4.0/arm-none-eabi-gcc/bin/../lib/gcc/arm-none-eabi/4.9.3/../../../../arm-none-eabi/lib/armv7-m\libg_nano.a(lib_a-printf.o)
 .debug_frame   0x00001eec      0x11c c:/microsemi/softconsole_v4.0/arm-none-eabi-gcc/bin/../lib/gcc/arm-none-eabi/4.9.3/../../../../arm-none-eabi/lib/armv7-m\libg_nano.a(lib_a-findfp.o)
 .debug_frame   0x00002008       0x54 c:/microsemi/softconsole_v4.0/arm-none-eabi-gcc/bin/../lib/gcc/arm-none-eabi/4.9.3/../../../../arm-none-eabi/lib/armv7-m\libg_nano.a(lib_a-fwalk.o)
 .debug_frame   0x0000205c       0x2c c:/microsemi/softconsole_v4.0/arm-none-eabi-gcc/bin/../lib/gcc/arm-none-eabi/4.9.3/../../../../arm-none-eabi/lib/armv7-m\libg_nano.a(lib_a-nano-mallocr.o)
 .debug_frame   0x00002088       0xb8 c:/microsemi/softconsole_v4.0/arm-none-eabi-gcc/bin/../lib/gcc/arm-none-eabi/4.9.3/../../../../arm-none-eabi/lib/armv7-m\libg_nano.a(lib_a-nano-vfprintf.o)
 .debug_frame   0x00002140       0x58 c:/microsemi/softconsole_v4.0/arm-none-eabi-gcc/bin/../lib/gcc/arm-none-eabi/4.9.3/../../../../arm-none-eabi/lib/armv7-m\libg_nano.a(lib_a-nano-vfprintf_i.o)
 .debug_frame   0x00002198       0x2c c:/microsemi/softconsole_v4.0/arm-none-eabi-gcc/bin/../lib/gcc/arm-none-eabi/4.9.3/../../../../arm-none-eabi/lib/armv7-m\libg_nano.a(lib_a-sbrkr.o)
 .debug_frame   0x000021c4       0x88 c:/microsemi/softconsole_v4.0/arm-none-eabi-gcc/bin/../lib/gcc/arm-none-eabi/4.9.3/../../../../arm-none-eabi/lib/armv7-m\libg_nano.a(lib_a-stdio.o)
 .debug_frame   0x0000224c       0x3c c:/microsemi/softconsole_v4.0/arm-none-eabi-gcc/bin/../lib/gcc/arm-none-eabi/4.9.3/../../../../arm-none-eabi/lib/armv7-m\libg_nano.a(lib_a-wbuf.o)
 .debug_frame   0x00002288       0x2c c:/microsemi/softconsole_v4.0/arm-none-eabi-gcc/bin/../lib/gcc/arm-none-eabi/4.9.3/../../../../arm-none-eabi/lib/armv7-m\libg_nano.a(lib_a-writer.o)
 .debug_frame   0x000022b4       0x2c c:/microsemi/softconsole_v4.0/arm-none-eabi-gcc/bin/../lib/gcc/arm-none-eabi/4.9.3/../../../../arm-none-eabi/lib/armv7-m\libg_nano.a(lib_a-wsetup.o)
 .debug_frame   0x000022e0       0x2c c:/microsemi/softconsole_v4.0/arm-none-eabi-gcc/bin/../lib/gcc/arm-none-eabi/4.9.3/../../../../arm-none-eabi/lib/armv7-m\libg_nano.a(lib_a-closer.o)
 .debug_frame   0x0000230c       0x68 c:/microsemi/softconsole_v4.0/arm-none-eabi-gcc/bin/../lib/gcc/arm-none-eabi/4.9.3/../../../../arm-none-eabi/lib/armv7-m\libg_nano.a(lib_a-fflush.o)
 .debug_frame   0x00002374       0x3c c:/microsemi/softconsole_v4.0/arm-none-eabi-gcc/bin/../lib/gcc/arm-none-eabi/4.9.3/../../../../arm-none-eabi/lib/armv7-m\libg_nano.a(lib_a-fvwrite.o)
 .debug_frame   0x000023b0       0x2c c:/microsemi/softconsole_v4.0/arm-none-eabi-gcc/bin/../lib/gcc/arm-none-eabi/4.9.3/../../../../arm-none-eabi/lib/armv7-m\libg_nano.a(lib_a-lseekr.o)
 .debug_frame   0x000023dc       0x34 c:/microsemi/softconsole_v4.0/arm-none-eabi-gcc/bin/../lib/gcc/arm-none-eabi/4.9.3/../../../../arm-none-eabi/lib/armv7-m\libg_nano.a(lib_a-makebuf.o)
 .debug_frame   0x00002410       0x28 c:/microsemi/softconsole_v4.0/arm-none-eabi-gcc/bin/../lib/gcc/arm-none-eabi/4.9.3/../../../../arm-none-eabi/lib/armv7-m\libg_nano.a(lib_a-memchr.o)
 .debug_frame   0x00002438       0x28 c:/microsemi/softconsole_v4.0/arm-none-eabi-gcc/bin/../lib/gcc/arm-none-eabi/4.9.3/../../../../arm-none-eabi/lib/armv7-m\libg_nano.a(lib_a-memmove.o)
 .debug_frame   0x00002460       0x2c c:/microsemi/softconsole_v4.0/arm-none-eabi-gcc/bin/../lib/gcc/arm-none-eabi/4.9.3/../../../../arm-none-eabi/lib/armv7-m\libg_nano.a(lib_a-nano-freer.o)
 .debug_frame   0x0000248c       0x3c c:/microsemi/softconsole_v4.0/arm-none-eabi-gcc/bin/../lib/gcc/arm-none-eabi/4.9.3/../../../../arm-none-eabi/lib/armv7-m\libg_nano.a(lib_a-nano-reallocr.o)
 .debug_frame   0x000024c8       0x2c c:/microsemi/softconsole_v4.0/arm-none-eabi-gcc/bin/../lib/gcc/arm-none-eabi/4.9.3/../../../../arm-none-eabi/lib/armv7-m\libg_nano.a(lib_a-readr.o)
 .debug_frame   0x000024f4       0x5c c:/microsemi/softconsole_v4.0/arm-none-eabi-gcc/bin/../lib/gcc/arm-none-eabi/4.9.3/../../../../arm-none-eabi/lib/armv7-m\libg_nano.a(lib_a-reent.o)
 .debug_frame   0x00002550       0x2c c:/microsemi/softconsole_v4.0/arm-none-eabi-gcc/bin/../lib/gcc/arm-none-eabi/4.9.3/../../../../arm-none-eabi/lib/armv7-m\libg_nano.a(lib_a-fstatr.o)
 .debug_frame   0x0000257c       0x2c c:/microsemi/softconsole_v4.0/arm-none-eabi-gcc/bin/../lib/gcc/arm-none-eabi/4.9.3/../../../../arm-none-eabi/lib/armv7-m\libg_nano.a(lib_a-isattyr.o)
 .debug_frame   0x000025a8       0x20 c:/microsemi/softconsole_v4.0/arm-none-eabi-gcc/bin/../lib/gcc/arm-none-eabi/4.9.3/../../../../arm-none-eabi/lib/armv7-m\libg_nano.a(lib_a-nano-msizer.o)
 .debug_frame   0x000025c8      0x324 c:/microsemi/softconsole_v4.0/arm-none-eabi-gcc/bin/../lib/gcc/arm-none-eabi/4.9.3/../../../../arm-none-eabi/lib/armv7-m\librdimon_nano.a(rdimon-syscalls.o)
 .debug_frame   0x000028ec       0x20 c:/microsemi/softconsole_v4.0/arm-none-eabi-gcc/bin/../lib/gcc/arm-none-eabi/4.9.3/../../../../arm-none-eabi/lib/armv7-m\librdimon_nano.a(rdimon-_exit.o)
 .debug_frame   0x0000290c       0x2c c:/microsemi/softconsole_v4.0/arm-none-eabi-gcc/bin/../lib/gcc/arm-none-eabi/4.9.3/../../../../arm-none-eabi/lib/armv7-m\librdimon_nano.a(rdimon-_kill.o)
 .debug_frame   0x00002938       0x20 c:/microsemi/softconsole_v4.0/arm-none-eabi-gcc/bin/../lib/gcc/arm-none-eabi/4.9.3/../../../../arm-none-eabi/lib/armv7-m\libc_nano.a(lib_a-errno.o)
 .debug_frame   0x00002958       0x20 c:/microsemi/softconsole_v4.0/arm-none-eabi-gcc/bin/../lib/gcc/arm-none-eabi/4.9.3/../../../../arm-none-eabi/lib/armv7-m\libc_nano.a(lib_a-strlen.o)

.debug_str      0x00000000    0x1421e
 *(.debug_str)
 .debug_str     0x00000000     0x34a3 ./hal/CortexM3/cortex_nvic.o
                               0x3620 (size before relaxing)
 .debug_str     0x000034a3     0x5708 ./drivers_config/sys_config/sys_config.o
                               0x8714 (size before relaxing)
 .debug_str     0x00008bab      0xa31 ./drivers/mss_sys_services/mss_comblk.o
                               0x94dd (size before relaxing)
 .debug_str     0x000095dc     0x4b0c ./drivers/mss_sys_services/mss_sys_services.o
                               0xd6ff (size before relaxing)
 .debug_str     0x0000e0e8      0xae6 ./drivers/mss_spi/mss_spi.o
                               0xc26a (size before relaxing)
 .debug_str     0x0000ebce      0x832 ./drivers/mss_rtc/mss_rtc.o
                               0xbea9 (size before relaxing)
 .debug_str     0x0000f400      0xcec ./drivers/mss_nvm/mss_nvm.o
                               0x9e40 (size before relaxing)
 .debug_str     0x000100ec      0x754 ./drivers/mss_hpdma/mss_hpdma.o
                               0x9df7 (size before relaxing)
 .debug_str     0x00010840      0xf46 ./drivers/CoreUARTapb/core_uart_apb.o
                               0x44ef (size before relaxing)
 .debug_str     0x00011786      0xe48 ./drivers/CorePWM/core_pwm.o
                               0x4b60 (size before relaxing)
 .debug_str     0x000125ce      0x996 ./drivers/CoreGPIO/core_gpio.o
                               0x46a4 (size before relaxing)
 .debug_str     0x00012f64      0x552 ./CMSIS/system_m2sxxx.o
                               0x93c3 (size before relaxing)
 .debug_str     0x000134b6      0xd68 ./main.o
                               0xbdf1 (size before relaxing)

.debug_loc
 *(.debug_loc)

.debug_macinfo
 *(.debug_macinfo)

.debug_weaknames
 *(.debug_weaknames)

.debug_funcnames
 *(.debug_funcnames)

.debug_typenames
 *(.debug_typenames)

.debug_varnames
 *(.debug_varnames)

.note.gnu.arm.ident
 *(.note.gnu.arm.ident)

.ARM.attributes
                0x00000000       0x29
 *(.ARM.attributes)
 .ARM.attributes
                0x00000000       0x1d c:/microsemi/softconsole_v4.0/arm-none-eabi-gcc/bin/../lib/gcc/arm-none-eabi/4.9.3/armv7-m/crti.o
 .ARM.attributes
                0x0000001d       0x2d c:/microsemi/softconsole_v4.0/arm-none-eabi-gcc/bin/../lib/gcc/arm-none-eabi/4.9.3/armv7-m/crtbegin.o
 .ARM.attributes
                0x0000004a       0x1b c:/microsemi/softconsole_v4.0/arm-none-eabi-gcc/bin/../lib/gcc/arm-none-eabi/4.9.3/../../../../arm-none-eabi/lib/armv7-m/rdimon-crt0.o
 .ARM.attributes
                0x00000065       0x21 ./hal/CortexM3/GNU/hal.o
 .ARM.attributes
                0x00000086       0x21 ./hal/CortexM3/GNU/hw_reg_access.o
 .ARM.attributes
                0x000000a7       0x33 ./hal/CortexM3/cortex_nvic.o
 .ARM.attributes
                0x000000da       0x33 ./drivers_config/sys_config/sys_config.o
 .ARM.attributes
                0x0000010d       0x33 ./drivers/mss_sys_services/mss_comblk.o
 .ARM.attributes
                0x00000140       0x33 ./drivers/mss_sys_services/mss_sys_services.o
 .ARM.attributes
                0x00000173       0x33 ./drivers/mss_spi/mss_spi.o
 .ARM.attributes
                0x000001a6       0x33 ./drivers/mss_rtc/mss_rtc.o
 .ARM.attributes
                0x000001d9       0x33 ./drivers/mss_nvm/mss_nvm.o
 .ARM.attributes
                0x0000020c       0x33 ./drivers/mss_hpdma/mss_hpdma.o
 .ARM.attributes
                0x0000023f       0x33 ./drivers/CoreUARTapb/core_uart_apb.o
 .ARM.attributes
                0x00000272       0x33 ./drivers/CorePWM/core_pwm.o
 .ARM.attributes
                0x000002a5       0x33 ./drivers/CoreGPIO/core_gpio.o
 .ARM.attributes
                0x000002d8       0x21 ./CMSIS/startup_gcc/startup_m2sxxx.o
 .ARM.attributes
                0x000002f9       0x33 ./CMSIS/system_m2sxxx.o
 .ARM.attributes
                0x0000032c       0x33 ./main.o
 .ARM.attributes
                0x0000035f       0x2d c:/microsemi/softconsole_v4.0/arm-none-eabi-gcc/bin/../lib/gcc/arm-none-eabi/4.9.3/../../../../arm-none-eabi/lib/armv7-m\libg_nano.a(lib_a-exit.o)
 .ARM.attributes
                0x0000038c       0x2d c:/microsemi/softconsole_v4.0/arm-none-eabi-gcc/bin/../lib/gcc/arm-none-eabi/4.9.3/../../../../arm-none-eabi/lib/armv7-m\libg_nano.a(lib_a-impure.o)
 .ARM.attributes
                0x000003b9       0x2d c:/microsemi/softconsole_v4.0/arm-none-eabi-gcc/bin/../lib/gcc/arm-none-eabi/4.9.3/../../../../arm-none-eabi/lib/armv7-m\libg_nano.a(lib_a-init.o)
 .ARM.attributes
                0x000003e6       0x2d c:/microsemi/softconsole_v4.0/arm-none-eabi-gcc/bin/../lib/gcc/arm-none-eabi/4.9.3/../../../../arm-none-eabi/lib/armv7-m\libg_nano.a(lib_a-memcpy.o)
 .ARM.attributes
                0x00000413       0x2d c:/microsemi/softconsole_v4.0/arm-none-eabi-gcc/bin/../lib/gcc/arm-none-eabi/4.9.3/../../../../arm-none-eabi/lib/armv7-m\libg_nano.a(lib_a-memset.o)
 .ARM.attributes
                0x00000440       0x2d c:/microsemi/softconsole_v4.0/arm-none-eabi-gcc/bin/../lib/gcc/arm-none-eabi/4.9.3/../../../../arm-none-eabi/lib/armv7-m\libg_nano.a(lib_a-printf.o)
 .ARM.attributes
                0x0000046d       0x2d c:/microsemi/softconsole_v4.0/arm-none-eabi-gcc/bin/../lib/gcc/arm-none-eabi/4.9.3/../../../../arm-none-eabi/lib/armv7-m\libg_nano.a(lib_a-findfp.o)
 .ARM.attributes
                0x0000049a       0x2d c:/microsemi/softconsole_v4.0/arm-none-eabi-gcc/bin/../lib/gcc/arm-none-eabi/4.9.3/../../../../arm-none-eabi/lib/armv7-m\libg_nano.a(lib_a-fwalk.o)
 .ARM.attributes
                0x000004c7       0x2d c:/microsemi/softconsole_v4.0/arm-none-eabi-gcc/bin/../lib/gcc/arm-none-eabi/4.9.3/../../../../arm-none-eabi/lib/armv7-m\libg_nano.a(lib_a-nano-mallocr.o)
 .ARM.attributes
                0x000004f4       0x2d c:/microsemi/softconsole_v4.0/arm-none-eabi-gcc/bin/../lib/gcc/arm-none-eabi/4.9.3/../../../../arm-none-eabi/lib/armv7-m\libg_nano.a(lib_a-nano-vfprintf.o)
 .ARM.attributes
                0x00000521       0x2d c:/microsemi/softconsole_v4.0/arm-none-eabi-gcc/bin/../lib/gcc/arm-none-eabi/4.9.3/../../../../arm-none-eabi/lib/armv7-m\libg_nano.a(lib_a-nano-vfprintf_i.o)
 .ARM.attributes
                0x0000054e       0x2d c:/microsemi/softconsole_v4.0/arm-none-eabi-gcc/bin/../lib/gcc/arm-none-eabi/4.9.3/../../../../arm-none-eabi/lib/armv7-m\libg_nano.a(lib_a-sbrkr.o)
 .ARM.attributes
                0x0000057b       0x2d c:/microsemi/softconsole_v4.0/arm-none-eabi-gcc/bin/../lib/gcc/arm-none-eabi/4.9.3/../../../../arm-none-eabi/lib/armv7-m\libg_nano.a(lib_a-stdio.o)
 .ARM.attributes
                0x000005a8       0x2d c:/microsemi/softconsole_v4.0/arm-none-eabi-gcc/bin/../lib/gcc/arm-none-eabi/4.9.3/../../../../arm-none-eabi/lib/armv7-m\libg_nano.a(lib_a-wbuf.o)
 .ARM.attributes
                0x000005d5       0x2d c:/microsemi/softconsole_v4.0/arm-none-eabi-gcc/bin/../lib/gcc/arm-none-eabi/4.9.3/../../../../arm-none-eabi/lib/armv7-m\libg_nano.a(lib_a-writer.o)
 .ARM.attributes
                0x00000602       0x2d c:/microsemi/softconsole_v4.0/arm-none-eabi-gcc/bin/../lib/gcc/arm-none-eabi/4.9.3/../../../../arm-none-eabi/lib/armv7-m\libg_nano.a(lib_a-wsetup.o)
 .ARM.attributes
                0x0000062f       0x2d c:/microsemi/softconsole_v4.0/arm-none-eabi-gcc/bin/../lib/gcc/arm-none-eabi/4.9.3/../../../../arm-none-eabi/lib/armv7-m\libg_nano.a(lib_a-closer.o)
 .ARM.attributes
                0x0000065c       0x2d c:/microsemi/softconsole_v4.0/arm-none-eabi-gcc/bin/../lib/gcc/arm-none-eabi/4.9.3/../../../../arm-none-eabi/lib/armv7-m\libg_nano.a(lib_a-fflush.o)
 .ARM.attributes
                0x00000689       0x2d c:/microsemi/softconsole_v4.0/arm-none-eabi-gcc/bin/../lib/gcc/arm-none-eabi/4.9.3/../../../../arm-none-eabi/lib/armv7-m\libg_nano.a(lib_a-fvwrite.o)
 .ARM.attributes
                0x000006b6       0x2d c:/microsemi/softconsole_v4.0/arm-none-eabi-gcc/bin/../lib/gcc/arm-none-eabi/4.9.3/../../../../arm-none-eabi/lib/armv7-m\libg_nano.a(lib_a-lseekr.o)
 .ARM.attributes
                0x000006e3       0x2d c:/microsemi/softconsole_v4.0/arm-none-eabi-gcc/bin/../lib/gcc/arm-none-eabi/4.9.3/../../../../arm-none-eabi/lib/armv7-m\libg_nano.a(lib_a-makebuf.o)
 .ARM.attributes
                0x00000710       0x2d c:/microsemi/softconsole_v4.0/arm-none-eabi-gcc/bin/../lib/gcc/arm-none-eabi/4.9.3/../../../../arm-none-eabi/lib/armv7-m\libg_nano.a(lib_a-memchr.o)
 .ARM.attributes
                0x0000073d       0x2d c:/microsemi/softconsole_v4.0/arm-none-eabi-gcc/bin/../lib/gcc/arm-none-eabi/4.9.3/../../../../arm-none-eabi/lib/armv7-m\libg_nano.a(lib_a-memmove.o)
 .ARM.attributes
                0x0000076a       0x2d c:/microsemi/softconsole_v4.0/arm-none-eabi-gcc/bin/../lib/gcc/arm-none-eabi/4.9.3/../../../../arm-none-eabi/lib/armv7-m\libg_nano.a(lib_a-nano-freer.o)
 .ARM.attributes
                0x00000797       0x2d c:/microsemi/softconsole_v4.0/arm-none-eabi-gcc/bin/../lib/gcc/arm-none-eabi/4.9.3/../../../../arm-none-eabi/lib/armv7-m\libg_nano.a(lib_a-nano-reallocr.o)
 .ARM.attributes
                0x000007c4       0x2d c:/microsemi/softconsole_v4.0/arm-none-eabi-gcc/bin/../lib/gcc/arm-none-eabi/4.9.3/../../../../arm-none-eabi/lib/armv7-m\libg_nano.a(lib_a-readr.o)
 .ARM.attributes
                0x000007f1       0x2d c:/microsemi/softconsole_v4.0/arm-none-eabi-gcc/bin/../lib/gcc/arm-none-eabi/4.9.3/../../../../arm-none-eabi/lib/armv7-m\libg_nano.a(lib_a-reent.o)
 .ARM.attributes
                0x0000081e       0x2d c:/microsemi/softconsole_v4.0/arm-none-eabi-gcc/bin/../lib/gcc/arm-none-eabi/4.9.3/../../../../arm-none-eabi/lib/armv7-m\libg_nano.a(lib_a-fstatr.o)
 .ARM.attributes
                0x0000084b       0x2d c:/microsemi/softconsole_v4.0/arm-none-eabi-gcc/bin/../lib/gcc/arm-none-eabi/4.9.3/../../../../arm-none-eabi/lib/armv7-m\libg_nano.a(lib_a-isattyr.o)
 .ARM.attributes
                0x00000878       0x2d c:/microsemi/softconsole_v4.0/arm-none-eabi-gcc/bin/../lib/gcc/arm-none-eabi/4.9.3/../../../../arm-none-eabi/lib/armv7-m\libg_nano.a(lib_a-nano-msizer.o)
 .ARM.attributes
                0x000008a5       0x2d c:/microsemi/softconsole_v4.0/arm-none-eabi-gcc/bin/../lib/gcc/arm-none-eabi/4.9.3/../../../../arm-none-eabi/lib/armv7-m\librdimon_nano.a(rdimon-syscalls.o)
 .ARM.attributes
                0x000008d2       0x2d c:/microsemi/softconsole_v4.0/arm-none-eabi-gcc/bin/../lib/gcc/arm-none-eabi/4.9.3/../../../../arm-none-eabi/lib/armv7-m\librdimon_nano.a(rdimon-_exit.o)
 .ARM.attributes
                0x000008ff       0x2d c:/microsemi/softconsole_v4.0/arm-none-eabi-gcc/bin/../lib/gcc/arm-none-eabi/4.9.3/../../../../arm-none-eabi/lib/armv7-m\librdimon_nano.a(rdimon-_kill.o)
 .ARM.attributes
                0x0000092c       0x2d c:/microsemi/softconsole_v4.0/arm-none-eabi-gcc/bin/../lib/gcc/arm-none-eabi/4.9.3/../../../../arm-none-eabi/lib/armv7-m\libc_nano.a(lib_a-errno.o)
 .ARM.attributes
                0x00000959       0x2d c:/microsemi/softconsole_v4.0/arm-none-eabi-gcc/bin/../lib/gcc/arm-none-eabi/4.9.3/../../../../arm-none-eabi/lib/armv7-m\libc_nano.a(lib_a-strlen.o)
 .ARM.attributes
                0x00000986       0x2d c:/microsemi/softconsole_v4.0/arm-none-eabi-gcc/bin/../lib/gcc/arm-none-eabi/4.9.3/armv7-m/crtend.o
 .ARM.attributes
                0x000009b3       0x1d c:/microsemi/softconsole_v4.0/arm-none-eabi-gcc/bin/../lib/gcc/arm-none-eabi/4.9.3/armv7-m/crtn.o

/DISCARD/
 *(.note.GNU-stack)
 *(.isr_vector)
OUTPUT(servoarm.elf elf32-littlearm)

.debug_ranges   0x00000000      0x6a0
 .debug_ranges  0x00000000       0x38 ./hal/CortexM3/cortex_nvic.o
 .debug_ranges  0x00000038       0x80 ./drivers/mss_sys_services/mss_comblk.o
 .debug_ranges  0x000000b8      0x1b8 ./drivers/mss_sys_services/mss_sys_services.o
 .debug_ranges  0x00000270       0xd0 ./drivers/mss_spi/mss_spi.o
 .debug_ranges  0x00000340       0xb0 ./drivers/mss_rtc/mss_rtc.o
 .debug_ranges  0x000003f0       0x70 ./drivers/mss_nvm/mss_nvm.o
 .debug_ranges  0x00000460       0x70 ./drivers/mss_hpdma/mss_hpdma.o
 .debug_ranges  0x000004d0       0x38 ./drivers/CoreUARTapb/core_uart_apb.o
 .debug_ranges  0x00000508       0xa8 ./drivers/CorePWM/core_pwm.o
 .debug_ranges  0x000005b0       0x58 ./drivers/CoreGPIO/core_gpio.o
 .debug_ranges  0x00000608       0x40 ./CMSIS/system_m2sxxx.o
 .debug_ranges  0x00000648       0x58 ./main.o

.debug_macro    0x00000000     0x4429
 .debug_macro   0x00000000       0xa8 ./hal/CortexM3/cortex_nvic.o
 .debug_macro   0x000000a8      0x862 ./hal/CortexM3/cortex_nvic.o
 .debug_macro   0x0000090a       0x22 ./hal/CortexM3/cortex_nvic.o
 .debug_macro   0x0000092c       0x44 ./hal/CortexM3/cortex_nvic.o
 .debug_macro   0x00000970       0x58 ./hal/CortexM3/cortex_nvic.o
 .debug_macro   0x000009c8       0x22 ./hal/CortexM3/cortex_nvic.o
 .debug_macro   0x000009ea      0x1df ./hal/CortexM3/cortex_nvic.o
 .debug_macro   0x00000bc9       0x58 ./hal/CortexM3/cortex_nvic.o
 .debug_macro   0x00000c21       0x35 ./hal/CortexM3/cortex_nvic.o
 .debug_macro   0x00000c56       0x9c ./hal/CortexM3/cortex_nvic.o
 .debug_macro   0x00000cf2       0x1c ./hal/CortexM3/cortex_nvic.o
 .debug_macro   0x00000d0e       0xa9 ./drivers_config/sys_config/sys_config.o
 .debug_macro   0x00000db7       0x26 ./drivers_config/sys_config/sys_config.o
 .debug_macro   0x00000ddd       0x3a ./drivers_config/sys_config/sys_config.o
 .debug_macro   0x00000e17       0x34 ./drivers_config/sys_config/sys_config.o
 .debug_macro   0x00000e4b      0xc83 ./drivers_config/sys_config/sys_config.o
 .debug_macro   0x00001ace      0x265 ./drivers_config/sys_config/sys_config.o
 .debug_macro   0x00001d33       0x3a ./drivers_config/sys_config/sys_config.o
 .debug_macro   0x00001d6d       0x34 ./drivers_config/sys_config/sys_config.o
 .debug_macro   0x00001da1      0x14b ./drivers/mss_sys_services/mss_comblk.o
 .debug_macro   0x00001eec      0x3bd ./drivers/mss_sys_services/mss_sys_services.o
 .debug_macro   0x000022a9      0x2f8 ./drivers/mss_sys_services/mss_sys_services.o
 .debug_macro   0x000025a1      0x16d ./drivers/mss_sys_services/mss_sys_services.o
 .debug_macro   0x0000270e       0x52 ./drivers/mss_sys_services/mss_sys_services.o
 .debug_macro   0x00002760       0x16 ./drivers/mss_sys_services/mss_sys_services.o
 .debug_macro   0x00002776       0x43 ./drivers/mss_sys_services/mss_sys_services.o
 .debug_macro   0x000027b9      0x180 ./drivers/mss_sys_services/mss_sys_services.o
 .debug_macro   0x00002939      0x27a ./drivers/mss_sys_services/mss_sys_services.o
 .debug_macro   0x00002bb3       0x10 ./drivers/mss_sys_services/mss_sys_services.o
 .debug_macro   0x00002bc3       0x35 ./drivers/mss_sys_services/mss_sys_services.o
 .debug_macro   0x00002bf8      0x233 ./drivers/mss_spi/mss_spi.o
 .debug_macro   0x00002e2b      0x1fb ./drivers/mss_rtc/mss_rtc.o
 .debug_macro   0x00003026       0x4a ./drivers/mss_rtc/mss_rtc.o
 .debug_macro   0x00003070      0x292 ./drivers/mss_nvm/mss_nvm.o
 .debug_macro   0x00003302       0x16 ./drivers/mss_nvm/mss_nvm.o
 .debug_macro   0x00003318      0x134 ./drivers/mss_hpdma/mss_hpdma.o
 .debug_macro   0x0000344c       0x4a ./drivers/mss_hpdma/mss_hpdma.o
 .debug_macro   0x00003496       0x10 ./drivers/mss_hpdma/mss_hpdma.o
 .debug_macro   0x000034a6      0x119 ./drivers/CoreUARTapb/core_uart_apb.o
 .debug_macro   0x000035bf       0x64 ./drivers/CoreUARTapb/core_uart_apb.o
 .debug_macro   0x00003623      0x106 ./drivers/CoreUARTapb/core_uart_apb.o
 .debug_macro   0x00003729       0x46 ./drivers/CoreUARTapb/core_uart_apb.o
 .debug_macro   0x0000376f       0xfd ./drivers/CorePWM/core_pwm.o
 .debug_macro   0x0000386c       0x12 ./drivers/CorePWM/core_pwm.o
 .debug_macro   0x0000387e      0x191 ./drivers/CorePWM/core_pwm.o
 .debug_macro   0x00003a0f      0x10d ./drivers/CoreGPIO/core_gpio.o
 .debug_macro   0x00003b1c      0x11c ./drivers/CoreGPIO/core_gpio.o
 .debug_macro   0x00003c38       0x64 ./drivers/CoreGPIO/core_gpio.o
 .debug_macro   0x00003c9c      0x155 ./CMSIS/system_m2sxxx.o
 .debug_macro   0x00003df1      0x1c6 ./main.o
 .debug_macro   0x00003fb7       0x22 ./main.o
 .debug_macro   0x00003fd9       0x16 ./main.o
 .debug_macro   0x00003fef       0x97 ./main.o
 .debug_macro   0x00004086       0xf6 ./main.o
 .debug_macro   0x0000417c       0x10 ./main.o
 .debug_macro   0x0000418c       0x10 ./main.o
 .debug_macro   0x0000419c       0x22 ./main.o
 .debug_macro   0x000041be       0xbe ./main.o
 .debug_macro   0x0000427c       0x16 ./main.o
 .debug_macro   0x00004292      0x197 ./main.o

.comment        0x00000000       0x70
 .comment       0x00000000       0x70 ./hal/CortexM3/cortex_nvic.o
                                 0x71 (size before relaxing)
 .comment       0x00000000       0x71 ./drivers_config/sys_config/sys_config.o
 .comment       0x00000000       0x71 ./drivers/mss_sys_services/mss_comblk.o
 .comment       0x00000000       0x71 ./drivers/mss_sys_services/mss_sys_services.o
 .comment       0x00000000       0x71 ./drivers/mss_spi/mss_spi.o
 .comment       0x00000000       0x71 ./drivers/mss_rtc/mss_rtc.o
 .comment       0x00000000       0x71 ./drivers/mss_nvm/mss_nvm.o
 .comment       0x00000000       0x71 ./drivers/mss_hpdma/mss_hpdma.o
 .comment       0x00000000       0x71 ./drivers/CoreUARTapb/core_uart_apb.o
 .comment       0x00000000       0x71 ./drivers/CorePWM/core_pwm.o
 .comment       0x00000000       0x71 ./drivers/CoreGPIO/core_gpio.o
 .comment       0x00000000       0x71 ./CMSIS/system_m2sxxx.o
 .comment       0x00000000       0x71 ./main.o
